<?xml version="1.0" encoding="ISO-8859-1" ?>
<link_info>
   <banner>TI ARM Linker PC v20.2.1.LTS</banner>
   <copyright>Copyright (c) 1996-2018 Texas Instruments Incorporated</copyright>
   <link_time>0x6071b9d7</link_time>
   <link_errors>0x0</link_errors>
   <output_file>enet_io_test.out</output_file>
   <entry_point>
      <name>_c_int00_noargs</name>
      <address>0x46579</address>
   </entry_point>
   <input_file_list>
      <input_file id="fl-2">
         <path>.\</path>
         <kind>object</kind>
         <file>enet_io.obj</file>
         <name>enet_io.obj</name>
      </input_file>
      <input_file id="fl-3">
         <path>.\</path>
         <kind>object</kind>
         <file>io.obj</file>
         <name>io.obj</name>
      </input_file>
      <input_file id="fl-4">
         <path>.\</path>
         <kind>object</kind>
         <file>io_fs.obj</file>
         <name>io_fs.obj</name>
      </input_file>
      <input_file id="fl-5">
         <path>.\</path>
         <kind>object</kind>
         <file>startup_ccs.obj</file>
         <name>startup_ccs.obj</name>
      </input_file>
      <input_file id="fl-6">
         <path>.\CFAF128128B0145T\</path>
         <kind>object</kind>
         <file>CFAF128128B0145T.obj</file>
         <name>CFAF128128B0145T.obj</name>
      </input_file>
      <input_file id="fl-7">
         <path>.\drivers\</path>
         <kind>object</kind>
         <file>pinout.obj</file>
         <name>pinout.obj</name>
      </input_file>
      <input_file id="fl-8">
         <path>.\third_party\lwip-1.4.1\apps\httpserver_raw\</path>
         <kind>object</kind>
         <file>httpd.obj</file>
         <name>httpd.obj</name>
      </input_file>
      <input_file id="fl-9">
         <path>.\utils\</path>
         <kind>object</kind>
         <file>locator.obj</file>
         <name>locator.obj</name>
      </input_file>
      <input_file id="fl-a">
         <path>.\utils\</path>
         <kind>object</kind>
         <file>lwiplib.obj</file>
         <name>lwiplib.obj</name>
      </input_file>
      <input_file id="fl-b">
         <path>.\utils\</path>
         <kind>object</kind>
         <file>uartstdio.obj</file>
         <name>uartstdio.obj</name>
      </input_file>
      <input_file id="fl-c">
         <path>.\utils\</path>
         <kind>object</kind>
         <file>ustdlib.obj</file>
         <name>ustdlib.obj</name>
      </input_file>
      <input_file id="fl-11">
         <kind>object</kind>
         <file>&lt;internal&gt;</file>
         <name>&lt;internal&gt;</name>
      </input_file>
      <input_file id="fl-12">
         <path>C:\Tools\TexasInstruments\TivaWare_C_Series-2.2.0.295\driverlib\ccs\Debug\</path>
         <kind>archive</kind>
         <file>driverlib.lib</file>
         <name>emac.obj</name>
      </input_file>
      <input_file id="fl-13">
         <path>C:\Tools\TexasInstruments\TivaWare_C_Series-2.2.0.295\driverlib\ccs\Debug\</path>
         <kind>archive</kind>
         <file>driverlib.lib</file>
         <name>gpio.obj</name>
      </input_file>
      <input_file id="fl-14">
         <path>C:\Tools\TexasInstruments\TivaWare_C_Series-2.2.0.295\driverlib\ccs\Debug\</path>
         <kind>archive</kind>
         <file>driverlib.lib</file>
         <name>interrupt.obj</name>
      </input_file>
      <input_file id="fl-15">
         <path>C:\Tools\TexasInstruments\TivaWare_C_Series-2.2.0.295\driverlib\ccs\Debug\</path>
         <kind>archive</kind>
         <file>driverlib.lib</file>
         <name>ssi.obj</name>
      </input_file>
      <input_file id="fl-16">
         <path>C:\Tools\TexasInstruments\TivaWare_C_Series-2.2.0.295\driverlib\ccs\Debug\</path>
         <kind>archive</kind>
         <file>driverlib.lib</file>
         <name>sw_crc.obj</name>
      </input_file>
      <input_file id="fl-17">
         <path>C:\Tools\TexasInstruments\TivaWare_C_Series-2.2.0.295\driverlib\ccs\Debug\</path>
         <kind>archive</kind>
         <file>driverlib.lib</file>
         <name>sysctl.obj</name>
      </input_file>
      <input_file id="fl-18">
         <path>C:\Tools\TexasInstruments\TivaWare_C_Series-2.2.0.295\driverlib\ccs\Debug\</path>
         <kind>archive</kind>
         <file>driverlib.lib</file>
         <name>cpu.obj</name>
      </input_file>
      <input_file id="fl-ce">
         <path>C:\Tools\TexasInstruments\ccs1010\ccs\tools\compiler\ti-cgt-arm_20.2.1.LTS\lib\</path>
         <kind>archive</kind>
         <file>rtsv7M4_T_le_v4SPD16_eabi.lib</file>
         <name>memset_t2.asm.obj</name>
      </input_file>
      <input_file id="fl-cf">
         <path>C:\Tools\TexasInstruments\ccs1010\ccs\tools\compiler\ti-cgt-arm_20.2.1.LTS\lib\</path>
         <kind>archive</kind>
         <file>rtsv7M4_T_le_v4SPD16_eabi.lib</file>
         <name>memcpy_t2.asm.obj</name>
      </input_file>
      <input_file id="fl-d0">
         <path>C:\Tools\TexasInstruments\ccs1010\ccs\tools\compiler\ti-cgt-arm_20.2.1.LTS\lib\</path>
         <kind>archive</kind>
         <file>rtsv7M4_T_le_v4SPD16_eabi.lib</file>
         <name>u_divt2.asm.obj</name>
      </input_file>
      <input_file id="fl-d1">
         <path>C:\Tools\TexasInstruments\ccs1010\ccs\tools\compiler\ti-cgt-arm_20.2.1.LTS\lib\</path>
         <kind>archive</kind>
         <file>rtsv7M4_T_le_v4SPD16_eabi.lib</file>
         <name>copy_zero_init.c.obj</name>
      </input_file>
      <input_file id="fl-d2">
         <path>C:\Tools\TexasInstruments\ccs1010\ccs\tools\compiler\ti-cgt-arm_20.2.1.LTS\lib\</path>
         <kind>archive</kind>
         <file>rtsv7M4_T_le_v4SPD16_eabi.lib</file>
         <name>copy_decompress_none.c.obj</name>
      </input_file>
      <input_file id="fl-d3">
         <path>C:\Tools\TexasInstruments\ccs1010\ccs\tools\compiler\ti-cgt-arm_20.2.1.LTS\lib\</path>
         <kind>archive</kind>
         <file>rtsv7M4_T_le_v4SPD16_eabi.lib</file>
         <name>copy_decompress_lzss.c.obj</name>
      </input_file>
      <input_file id="fl-d4">
         <path>C:\Tools\TexasInstruments\ccs1010\ccs\tools\compiler\ti-cgt-arm_20.2.1.LTS\lib\</path>
         <kind>archive</kind>
         <file>rtsv7M4_T_le_v4SPD16_eabi.lib</file>
         <name>memcmp.c.obj</name>
      </input_file>
      <input_file id="fl-d5">
         <path>C:\Tools\TexasInstruments\ccs1010\ccs\tools\compiler\ti-cgt-arm_20.2.1.LTS\lib\</path>
         <kind>archive</kind>
         <file>rtsv7M4_T_le_v4SPD16_eabi.lib</file>
         <name>strchr.c.obj</name>
      </input_file>
      <input_file id="fl-d6">
         <path>C:\Tools\TexasInstruments\ccs1010\ccs\tools\compiler\ti-cgt-arm_20.2.1.LTS\lib\</path>
         <kind>archive</kind>
         <file>rtsv7M4_T_le_v4SPD16_eabi.lib</file>
         <name>strcmp.c.obj</name>
      </input_file>
      <input_file id="fl-d7">
         <path>C:\Tools\TexasInstruments\ccs1010\ccs\tools\compiler\ti-cgt-arm_20.2.1.LTS\lib\</path>
         <kind>archive</kind>
         <file>rtsv7M4_T_le_v4SPD16_eabi.lib</file>
         <name>strlen.c.obj</name>
      </input_file>
      <input_file id="fl-d8">
         <path>C:\Tools\TexasInstruments\ccs1010\ccs\tools\compiler\ti-cgt-arm_20.2.1.LTS\lib\</path>
         <kind>archive</kind>
         <file>rtsv7M4_T_le_v4SPD16_eabi.lib</file>
         <name>strncmp.c.obj</name>
      </input_file>
      <input_file id="fl-d9">
         <path>C:\Tools\TexasInstruments\ccs1010\ccs\tools\compiler\ti-cgt-arm_20.2.1.LTS\lib\</path>
         <kind>archive</kind>
         <file>rtsv7M4_T_le_v4SPD16_eabi.lib</file>
         <name>strstr.c.obj</name>
      </input_file>
      <input_file id="fl-da">
         <path>C:\Tools\TexasInstruments\ccs1010\ccs\tools\compiler\ti-cgt-arm_20.2.1.LTS\lib\</path>
         <kind>archive</kind>
         <file>rtsv7M4_T_le_v4SPD16_eabi.lib</file>
         <name>boot_cortex_m.c.obj</name>
      </input_file>
      <input_file id="fl-db">
         <path>C:\Tools\TexasInstruments\ccs1010\ccs\tools\compiler\ti-cgt-arm_20.2.1.LTS\lib\</path>
         <kind>archive</kind>
         <file>rtsv7M4_T_le_v4SPD16_eabi.lib</file>
         <name>div0.asm.obj</name>
      </input_file>
      <input_file id="fl-dc">
         <path>C:\Tools\TexasInstruments\ccs1010\ccs\tools\compiler\ti-cgt-arm_20.2.1.LTS\lib\</path>
         <kind>archive</kind>
         <file>rtsv7M4_T_le_v4SPD16_eabi.lib</file>
         <name>autoinit.c.obj</name>
      </input_file>
      <input_file id="fl-dd">
         <path>C:\Tools\TexasInstruments\ccs1010\ccs\tools\compiler\ti-cgt-arm_20.2.1.LTS\lib\</path>
         <kind>archive</kind>
         <file>rtsv7M4_T_le_v4SPD16_eabi.lib</file>
         <name>pre_init.c.obj</name>
      </input_file>
      <input_file id="fl-de">
         <path>C:\Tools\TexasInstruments\ccs1010\ccs\tools\compiler\ti-cgt-arm_20.2.1.LTS\lib\</path>
         <kind>archive</kind>
         <file>rtsv7M4_T_le_v4SPD16_eabi.lib</file>
         <name>cpy_tbl.c.obj</name>
      </input_file>
      <input_file id="fl-df">
         <path>C:\Tools\TexasInstruments\ccs1010\ccs\tools\compiler\ti-cgt-arm_20.2.1.LTS\lib\</path>
         <kind>archive</kind>
         <file>rtsv7M4_T_le_v4SPD16_eabi.lib</file>
         <name>exit.c.obj</name>
      </input_file>
      <input_file id="fl-e0">
         <path>C:\Tools\TexasInstruments\ccs1010\ccs\tools\compiler\ti-cgt-arm_20.2.1.LTS\lib\</path>
         <kind>archive</kind>
         <file>rtsv7M4_T_le_v4SPD16_eabi.lib</file>
         <name>_lock.c.obj</name>
      </input_file>
      <input_file id="fl-e1">
         <path>C:\Tools\TexasInstruments\ccs1010\ccs\tools\compiler\ti-cgt-arm_20.2.1.LTS\lib\</path>
         <kind>archive</kind>
         <file>rtsv7M4_T_le_v4SPD16_eabi.lib</file>
         <name>args_main.c.obj</name>
      </input_file>
   </input_file_list>
   <object_component_list>
      <object_component id="oc-13">
         <name>.intvecs</name>
         <load_address>0x0</load_address>
         <run_address>0x0</run_address>
         <size>0x200</size>
         <input_file_ref idref="fl-5"/>
      </object_component>
      <object_component id="oc-a4a">
         <name>.text:tcp_receive</name>
         <load_address>0x3e470</load_address>
         <run_address>0x3e470</run_address>
         <size>0x79c</size>
         <input_file_ref idref="fl-a"/>
      </object_component>
      <object_component id="oc-a1d">
         <name>.text:http_send_data</name>
         <load_address>0x3ec0c</load_address>
         <run_address>0x3ec0c</run_address>
         <size>0x4aa</size>
         <input_file_ref idref="fl-8"/>
      </object_component>
      <object_component id="oc-34">
         <name>.text:FaultISR</name>
         <load_address>0x3f0b6</load_address>
         <run_address>0x3f0b6</run_address>
         <size>0x2</size>
         <input_file_ref idref="fl-5"/>
      </object_component>
      <object_component id="oc-6db">
         <name>.text:tcp_input</name>
         <load_address>0x3f0b8</load_address>
         <run_address>0x3f0b8</run_address>
         <size>0x3cc</size>
         <input_file_ref idref="fl-a"/>
      </object_component>
      <object_component id="oc-8e5">
         <name>.text:tcp_process</name>
         <load_address>0x3f484</load_address>
         <run_address>0x3f484</run_address>
         <size>0x3b4</size>
         <input_file_ref idref="fl-a"/>
      </object_component>
      <object_component id="oc-204">
         <name>.text:CFAF128128B0145T_init</name>
         <load_address>0x3f838</load_address>
         <run_address>0x3f838</run_address>
         <size>0x30c</size>
         <input_file_ref idref="fl-6"/>
      </object_component>
      <object_component id="oc-b4c">
         <name>.text:tcp_write</name>
         <load_address>0x3fb44</load_address>
         <run_address>0x3fb44</run_address>
         <size>0x2e4</size>
         <input_file_ref idref="fl-a"/>
      </object_component>
      <object_component id="oc-2f3">
         <name>.text:tcp_slowtmr</name>
         <load_address>0x3fe28</load_address>
         <run_address>0x3fe28</run_address>
         <size>0x2c8</size>
         <input_file_ref idref="fl-a"/>
      </object_component>
      <object_component id="oc-6f2">
         <name>.text:uvsnprintf</name>
         <load_address>0x400f0</load_address>
         <run_address>0x400f0</run_address>
         <size>0x251</size>
         <input_file_ref idref="fl-c"/>
      </object_component>
      <object_component id="oc-3a">
         <name>.text:IntDefaultHandler</name>
         <load_address>0x40342</load_address>
         <run_address>0x40342</run_address>
         <size>0x2</size>
         <input_file_ref idref="fl-5"/>
      </object_component>
      <object_component id="oc-4c0">
         <name>.text:CFAF128128B0145T_text</name>
         <load_address>0x40344</load_address>
         <run_address>0x40344</run_address>
         <size>0x238</size>
         <input_file_ref idref="fl-6"/>
      </object_component>
      <object_component id="oc-7a2">
         <name>.text:dhcp_parse_reply</name>
         <load_address>0x4057c</load_address>
         <run_address>0x4057c</run_address>
         <size>0x228</size>
         <input_file_ref idref="fl-a"/>
      </object_component>
      <object_component id="oc-1fe">
         <name>.text:PinoutSet</name>
         <load_address>0x407a4</load_address>
         <run_address>0x407a4</run_address>
         <size>0x20c</size>
         <input_file_ref idref="fl-7"/>
      </object_component>
      <object_component id="oc-1f8">
         <name>.text:SysCtlClockFreqSet</name>
         <load_address>0x409b0</load_address>
         <run_address>0x409b0</run_address>
         <size>0x200</size>
         <input_file_ref idref="fl-17"/>
      </object_component>
      <object_component id="oc-49c">
         <name>.text:ip_input</name>
         <load_address>0x40bb0</load_address>
         <run_address>0x40bb0</run_address>
         <size>0x1f0</size>
         <input_file_ref idref="fl-a"/>
      </object_component>
      <object_component id="oc-6d5">
         <name>.text:udp_input</name>
         <load_address>0x40da0</load_address>
         <run_address>0x40da0</run_address>
         <size>0x1f0</size>
         <input_file_ref idref="fl-a"/>
      </object_component>
      <object_component id="oc-3f7">
         <name>.text:UARTvprintf</name>
         <load_address>0x40f90</load_address>
         <run_address>0x40f90</run_address>
         <size>0x1ee</size>
         <input_file_ref idref="fl-b"/>
      </object_component>
      <object_component id="oc-2e">
         <name>.text:NmiSR</name>
         <load_address>0x4117e</load_address>
         <run_address>0x4117e</run_address>
         <size>0x2</size>
         <input_file_ref idref="fl-5"/>
      </object_component>
      <object_component id="oc-6e1">
         <name>.text:icmp_input</name>
         <load_address>0x41180</load_address>
         <run_address>0x41180</run_address>
         <size>0x1a4</size>
         <input_file_ref idref="fl-a"/>
      </object_component>
      <object_component id="oc-4ca">
         <name>.text:tcp_output</name>
         <load_address>0x41324</load_address>
         <run_address>0x41324</run_address>
         <size>0x18c</size>
         <input_file_ref idref="fl-a"/>
      </object_component>
      <object_component id="oc-f3">
         <name>.text:main</name>
         <load_address>0x414b0</load_address>
         <run_address>0x414b0</run_address>
         <size>0x170</size>
         <input_file_ref idref="fl-2"/>
      </object_component>
      <object_component id="oc-35c">
         <name>.text:GPIOPadConfigSet</name>
         <load_address>0x41620</load_address>
         <run_address>0x41620</run_address>
         <size>0x16c</size>
         <input_file_ref idref="fl-13"/>
      </object_component>
      <object_component id="oc-490">
         <name>.text:etharp_arp_input</name>
         <load_address>0x4178c</load_address>
         <run_address>0x4178c</run_address>
         <size>0x150</size>
         <input_file_ref idref="fl-a"/>
      </object_component>
      <object_component id="oc-7d1">
         <name>.text:CFAF128128B0145T_line</name>
         <load_address>0x418dc</load_address>
         <run_address>0x418dc</run_address>
         <size>0x14e</size>
         <input_file_ref idref="fl-6"/>
      </object_component>
      <object_component id="oc-7d9">
         <name>.text</name>
         <load_address>0x41a2a</load_address>
         <run_address>0x41a2a</run_address>
         <size>0x2</size>
         <input_file_ref idref="fl-db"/>
      </object_component>
      <object_component id="oc-a63">
         <name>.text:tcp_close_shutdown</name>
         <load_address>0x41a2c</load_address>
         <run_address>0x41a2c</run_address>
         <size>0x148</size>
         <input_file_ref idref="fl-a"/>
      </object_component>
      <object_component id="oc-130">
         <name>.text:tivaif_receive</name>
         <load_address>0x41b74</load_address>
         <run_address>0x41b74</run_address>
         <size>0x140</size>
         <input_file_ref idref="fl-a"/>
      </object_component>
      <object_component id="oc-7cb">
         <name>.text:CFAF128128B0145T__fastFill</name>
         <load_address>0x41cb4</load_address>
         <run_address>0x41cb4</run_address>
         <size>0x13c</size>
         <input_file_ref idref="fl-6"/>
      </object_component>
      <object_component id="oc-2ce">
         <name>.text:pbuf_alloc</name>
         <load_address>0x41df0</load_address>
         <run_address>0x41df0</run_address>
         <size>0x13c</size>
         <input_file_ref idref="fl-a"/>
      </object_component>
      <object_component id="oc-75b">
         <name>.text:dhcp_create_msg</name>
         <load_address>0x41f2c</load_address>
         <run_address>0x41f2c</run_address>
         <size>0x124</size>
         <input_file_ref idref="fl-a"/>
      </object_component>
      <object_component id="oc-801">
         <name>.text:etharp_output</name>
         <load_address>0x42050</load_address>
         <run_address>0x42050</run_address>
         <size>0x11c</size>
         <input_file_ref idref="fl-a"/>
      </object_component>
      <object_component id="oc-788">
         <name>.text:etharp_query</name>
         <load_address>0x4216c</load_address>
         <run_address>0x4216c</run_address>
         <size>0x114</size>
         <input_file_ref idref="fl-a"/>
      </object_component>
      <object_component id="oc-aba">
         <name>.text:http_find_file</name>
         <load_address>0x42280</load_address>
         <run_address>0x42280</run_address>
         <size>0x114</size>
         <input_file_ref idref="fl-8"/>
      </object_component>
      <object_component id="oc-8d9">
         <name>.text:tcp_listen_input</name>
         <load_address>0x42394</load_address>
         <run_address>0x42394</run_address>
         <size>0x114</size>
         <input_file_ref idref="fl-a"/>
      </object_component>
      <object_component id="oc-807">
         <name>.text:tivaif_transmit</name>
         <load_address>0x424a8</load_address>
         <run_address>0x424a8</run_address>
         <size>0x100</size>
         <input_file_ref idref="fl-a"/>
      </object_component>
      <object_component id="oc-4b2">
         <name>.text:mem_malloc</name>
         <load_address>0x425a8</load_address>
         <run_address>0x425a8</run_address>
         <size>0xf8</size>
         <input_file_ref idref="fl-a"/>
      </object_component>
      <object_component id="oc-b73">
         <name>.text:get_http_headers</name>
         <load_address>0x426a0</load_address>
         <run_address>0x426a0</run_address>
         <size>0xec</size>
         <input_file_ref idref="fl-8"/>
      </object_component>
      <object_component id="oc-216">
         <name>.text:lwIPInit</name>
         <load_address>0x4278c</load_address>
         <run_address>0x4278c</run_address>
         <size>0xec</size>
         <input_file_ref idref="fl-a"/>
      </object_component>
      <object_component id="oc-901">
         <name>.text:ip_output_if</name>
         <load_address>0x42878</load_address>
         <run_address>0x42878</run_address>
         <size>0xe8</size>
         <input_file_ref idref="fl-a"/>
      </object_component>
      <object_component id="oc-8c8">
         <name>.text:mem_trim</name>
         <load_address>0x42960</load_address>
         <run_address>0x42960</run_address>
         <size>0xe8</size>
         <input_file_ref idref="fl-a"/>
      </object_component>
      <object_component id="oc-76f">
         <name>.text:udp_sendto_if</name>
         <load_address>0x42a48</load_address>
         <run_address>0x42a48</run_address>
         <size>0xe8</size>
         <input_file_ref idref="fl-a"/>
      </object_component>
      <object_component id="oc-8ac">
         <name>.text:etharp_find_entry</name>
         <load_address>0x42b30</load_address>
         <run_address>0x42b30</run_address>
         <size>0xe0</size>
         <input_file_ref idref="fl-a"/>
      </object_component>
      <object_component id="oc-521">
         <name>.text:etharp_raw</name>
         <load_address>0x42c10</load_address>
         <run_address>0x42c10</run_address>
         <size>0xdc</size>
         <input_file_ref idref="fl-a"/>
      </object_component>
      <object_component id="oc-716">
         <name>.text:tcp_output_segment</name>
         <load_address>0x42cec</load_address>
         <run_address>0x42cec</run_address>
         <size>0xd8</size>
         <input_file_ref idref="fl-a"/>
      </object_component>
      <object_component id="oc-148">
         <name>.text:autoip_tmr</name>
         <load_address>0x42dc4</load_address>
         <run_address>0x42dc4</run_address>
         <size>0xd4</size>
         <input_file_ref idref="fl-a"/>
      </object_component>
      <object_component id="oc-552">
         <name>.text:dhcp_select</name>
         <load_address>0x42e98</load_address>
         <run_address>0x42e98</run_address>
         <size>0xd4</size>
         <input_file_ref idref="fl-a"/>
      </object_component>
      <object_component id="oc-ad3">
         <name>.text:get_tag_insert</name>
         <load_address>0x42f6c</load_address>
         <run_address>0x42f6c</run_address>
         <size>0xd0</size>
         <input_file_ref idref="fl-8"/>
      </object_component>
      <object_component id="oc-816">
         <name>.text:tcp_alloc</name>
         <load_address>0x4303c</load_address>
         <run_address>0x4303c</run_address>
         <size>0xd0</size>
         <input_file_ref idref="fl-a"/>
      </object_component>
      <object_component id="oc-57a">
         <name>.text:dhcp_recv</name>
         <load_address>0x4310c</load_address>
         <run_address>0x4310c</run_address>
         <size>0xcc</size>
         <input_file_ref idref="fl-a"/>
      </object_component>
      <object_component id="oc-540">
         <name>.text:dhcp_bind</name>
         <load_address>0x431d8</load_address>
         <run_address>0x431d8</run_address>
         <size>0xc8</size>
         <input_file_ref idref="fl-a"/>
      </object_component>
      <object_component id="oc-99e">
         <name>.text:InitDMADescriptors</name>
         <load_address>0x432a0</load_address>
         <run_address>0x432a0</run_address>
         <size>0xc4</size>
         <input_file_ref idref="fl-a"/>
      </object_component>
      <object_component id="oc-558">
         <name>.text:dhcp_discover</name>
         <load_address>0x43364</load_address>
         <run_address>0x43364</run_address>
         <size>0xc4</size>
         <input_file_ref idref="fl-a"/>
      </object_component>
      <object_component id="oc-7f8">
         <name>.text:tivaif_hwinit</name>
         <load_address>0x43428</load_address>
         <run_address>0x43428</run_address>
         <size>0xbc</size>
         <input_file_ref idref="fl-a"/>
      </object_component>
      <object_component id="oc-aea">
         <name>.text:tcp_create_segment</name>
         <load_address>0x434e4</load_address>
         <run_address>0x434e4</run_address>
         <size>0xb8</size>
         <input_file_ref idref="fl-a"/>
      </object_component>
      <object_component id="oc-136">
         <name>.text:lwIPHostTimerHandler</name>
         <load_address>0x4359c</load_address>
         <run_address>0x4359c</run_address>
         <size>0xb4</size>
         <input_file_ref idref="fl-2"/>
      </object_component>
      <object_component id="oc-b9">
         <name>.text:lwIPServiceTimers</name>
         <load_address>0x43650</load_address>
         <run_address>0x43650</run_address>
         <size>0xb0</size>
         <input_file_ref idref="fl-a"/>
      </object_component>
      <object_component id="oc-2c8">
         <name>.text:ethernet_input</name>
         <load_address>0x43700</load_address>
         <run_address>0x43700</run_address>
         <size>0xac</size>
         <input_file_ref idref="fl-a"/>
      </object_component>
      <object_component id="oc-a42">
         <name>.text:tcp_enqueue_flags</name>
         <load_address>0x437ac</load_address>
         <run_address>0x437ac</run_address>
         <size>0xac</size>
         <input_file_ref idref="fl-a"/>
      </object_component>
      <object_component id="oc-4df">
         <name>.text:tcp_zero_window_probe</name>
         <load_address>0x43858</load_address>
         <run_address>0x43858</run_address>
         <size>0xac</size>
         <input_file_ref idref="fl-a"/>
      </object_component>
      <object_component id="oc-54c">
         <name>.text:dhcp_release</name>
         <load_address>0x43904</load_address>
         <run_address>0x43904</run_address>
         <size>0xa8</size>
         <input_file_ref idref="fl-a"/>
      </object_component>
      <object_component id="oc-337">
         <name>.text:dhcp_start</name>
         <load_address>0x439ac</load_address>
         <run_address>0x439ac</run_address>
         <size>0xa8</size>
         <input_file_ref idref="fl-a"/>
      </object_component>
      <object_component id="oc-738">
         <name>.text:inet_chksum_pseudo</name>
         <load_address>0x43a54</load_address>
         <run_address>0x43a54</run_address>
         <size>0xa0</size>
         <input_file_ref idref="fl-a"/>
      </object_component>
      <object_component id="oc-a17">
         <name>.text:http_parse_request</name>
         <load_address>0x43af4</load_address>
         <run_address>0x43af4</run_address>
         <size>0x9e</size>
         <input_file_ref idref="fl-8"/>
      </object_component>
      <object_component id="oc-60">
         <name>.text</name>
         <load_address>0x43b92</load_address>
         <run_address>0x43b92</run_address>
         <size>0x9c</size>
         <input_file_ref idref="fl-cf"/>
      </object_component>
      <object_component id="oc-64f">
         <name>.text:tcp_listen_with_backlog</name>
         <load_address>0x43c30</load_address>
         <run_address>0x43c30</run_address>
         <size>0x9c</size>
         <input_file_ref idref="fl-a"/>
      </object_component>
      <object_component id="oc-53a">
         <name>.text:dhcp_reboot</name>
         <load_address>0x43ccc</load_address>
         <run_address>0x43ccc</run_address>
         <size>0x98</size>
         <input_file_ref idref="fl-a"/>
      </object_component>
      <object_component id="oc-8fb">
         <name>.text:pbuf_copy</name>
         <load_address>0x43d64</load_address>
         <run_address>0x43d64</run_address>
         <size>0x92</size>
         <input_file_ref idref="fl-a"/>
      </object_component>
      <object_component id="oc-93c">
         <name>.text:tcp_abandon</name>
         <load_address>0x43df8</load_address>
         <run_address>0x43df8</run_address>
         <size>0x90</size>
         <input_file_ref idref="fl-a"/>
      </object_component>
      <object_component id="oc-4f7">
         <name>.text:tcp_rst</name>
         <load_address>0x43e88</load_address>
         <run_address>0x43e88</run_address>
         <size>0x90</size>
         <input_file_ref idref="fl-a"/>
      </object_component>
      <object_component id="oc-425">
         <name>.text:LocatorReceive</name>
         <load_address>0x43f18</load_address>
         <run_address>0x43f18</run_address>
         <size>0x88</size>
         <input_file_ref idref="fl-9"/>
      </object_component>
      <object_component id="oc-15a">
         <name>.text:lwIPLinkDetect</name>
         <load_address>0x43fa0</load_address>
         <run_address>0x43fa0</run_address>
         <size>0x84</size>
         <input_file_ref idref="fl-a"/>
      </object_component>
      <object_component id="oc-8df">
         <name>.text:tcp_timewait_input</name>
         <load_address>0x44024</load_address>
         <run_address>0x44024</run_address>
         <size>0x84</size>
         <input_file_ref idref="fl-a"/>
      </object_component>
      <object_component id="oc-533">
         <name>.text:dhcp_rebind</name>
         <load_address>0x440a8</load_address>
         <run_address>0x440a8</run_address>
         <size>0x80</size>
         <input_file_ref idref="fl-a"/>
      </object_component>
      <object_component id="oc-52c">
         <name>.text:dhcp_renew</name>
         <load_address>0x44128</load_address>
         <run_address>0x44128</run_address>
         <size>0x80</size>
         <input_file_ref idref="fl-a"/>
      </object_component>
      <object_component id="oc-4c">
         <name>.text:lwIPEthernetIntHandler</name>
         <load_address>0x441a8</load_address>
         <run_address>0x441a8</run_address>
         <size>0x80</size>
         <input_file_ref idref="fl-a"/>
      </object_component>
      <object_component id="oc-409">
         <name>.text:lwIPPrivateInit</name>
         <load_address>0x44228</load_address>
         <run_address>0x44228</run_address>
         <size>0x80</size>
         <input_file_ref idref="fl-a"/>
      </object_component>
      <object_component id="oc-649">
         <name>.text:tcp_bind</name>
         <load_address>0x442a8</load_address>
         <run_address>0x442a8</run_address>
         <size>0x80</size>
         <input_file_ref idref="fl-a"/>
      </object_component>
      <object_component id="oc-69d">
         <name>.text:autoip_arp_reply</name>
         <load_address>0x44328</load_address>
         <run_address>0x44328</run_address>
         <size>0x7e</size>
         <input_file_ref idref="fl-a"/>
      </object_component>
      <object_component id="oc-7b4">
         <name>.text:dhcp_handle_ack</name>
         <load_address>0x443a8</load_address>
         <run_address>0x443a8</run_address>
         <size>0x7c</size>
         <input_file_ref idref="fl-a"/>
      </object_component>
      <object_component id="oc-31e">
         <name>.text:dhcp_timeout</name>
         <load_address>0x44424</load_address>
         <run_address>0x44424</run_address>
         <size>0x7c</size>
         <input_file_ref idref="fl-a"/>
      </object_component>
      <object_component id="oc-afd">
         <name>.text:tcp_oos_insert_segment</name>
         <load_address>0x444a0</load_address>
         <run_address>0x444a0</run_address>
         <size>0x7c</size>
         <input_file_ref idref="fl-a"/>
      </object_component>
      <object_component id="oc-a3c">
         <name>.text:tcp_parseopt</name>
         <load_address>0x4451c</load_address>
         <run_address>0x4451c</run_address>
         <size>0x7c</size>
         <input_file_ref idref="fl-a"/>
      </object_component>
      <object_component id="oc-124">
         <name>.text:tivaif_process_phy_interrupt</name>
         <load_address>0x44598</load_address>
         <run_address>0x44598</run_address>
         <size>0x7c</size>
         <input_file_ref idref="fl-a"/>
      </object_component>
      <object_component id="oc-e7">
         <name>.text</name>
         <load_address>0x44614</load_address>
         <run_address>0x44614</run_address>
         <size>0x7a</size>
         <input_file_ref idref="fl-ce"/>
      </object_component>
      <object_component id="oc-b3d">
         <name>.text:http_init_file</name>
         <load_address>0x44690</load_address>
         <run_address>0x44690</run_address>
         <size>0x79</size>
         <input_file_ref idref="fl-8"/>
      </object_component>
      <object_component id="oc-700">
         <name>.text:CFAF128128B0145T__setWindow</name>
         <load_address>0x4470c</load_address>
         <run_address>0x4470c</run_address>
         <size>0x74</size>
         <input_file_ref idref="fl-6"/>
      </object_component>
      <object_component id="oc-6a3">
         <name>.text:etharp_update_arp_entry</name>
         <load_address>0x44780</load_address>
         <run_address>0x44780</run_address>
         <size>0x74</size>
         <input_file_ref idref="fl-a"/>
      </object_component>
      <object_component id="oc-6c9">
         <name>.text:raw_input</name>
         <load_address>0x447f4</load_address>
         <run_address>0x447f4</run_address>
         <size>0x74</size>
         <input_file_ref idref="fl-a"/>
      </object_component>
      <object_component id="oc-b25">
         <name>.text:extract_uri_parameters</name>
         <load_address>0x44868</load_address>
         <run_address>0x44868</run_address>
         <size>0x72</size>
         <input_file_ref idref="fl-8"/>
      </object_component>
      <object_component id="oc-2db">
         <name>.text:DisplayIPAddress</name>
         <load_address>0x448dc</load_address>
         <run_address>0x448dc</run_address>
         <size>0x70</size>
         <input_file_ref idref="fl-2"/>
      </object_component>
      <object_component id="oc-47c">
         <name>.text:mem_free</name>
         <load_address>0x4494c</load_address>
         <run_address>0x4494c</run_address>
         <size>0x70</size>
         <input_file_ref idref="fl-a"/>
      </object_component>
      <object_component id="oc-2ed">
         <name>.text:tcp_fasttmr</name>
         <load_address>0x449bc</load_address>
         <run_address>0x449bc</run_address>
         <size>0x70</size>
         <input_file_ref idref="fl-a"/>
      </object_component>
      <object_component id="oc-3b8">
         <name>.text:CFAF128128B0145T__writeData88</name>
         <load_address>0x44a2c</load_address>
         <run_address>0x44a2c</run_address>
         <size>0x6c</size>
         <input_file_ref idref="fl-6"/>
      </object_component>
      <object_component id="oc-8d1">
         <name>.text:icmp_send_response</name>
         <load_address>0x44a98</load_address>
         <run_address>0x44a98</run_address>
         <size>0x6c</size>
         <input_file_ref idref="fl-a"/>
      </object_component>
      <object_component id="oc-7e7">
         <name>.text:memp_init</name>
         <load_address>0x44b04</load_address>
         <run_address>0x44b04</run_address>
         <size>0x6c</size>
         <input_file_ref idref="fl-a"/>
      </object_component>
      <object_component id="oc-918">
         <name>.text:CFAF128128B0145T__writeData16</name>
         <load_address>0x44b70</load_address>
         <run_address>0x44b70</run_address>
         <size>0x68</size>
         <input_file_ref idref="fl-6"/>
      </object_component>
      <object_component id="oc-9c8">
         <name>.text:IntEnable</name>
         <load_address>0x44bd8</load_address>
         <run_address>0x44bd8</run_address>
         <size>0x68</size>
         <input_file_ref idref="fl-14"/>
      </object_component>
      <object_component id="oc-16">
         <name>.text:decompress:lzss:__TI_decompress_lzss</name>
         <load_address>0x44c40</load_address>
         <run_address>0x44c40</run_address>
         <size>0x68</size>
         <input_file_ref idref="fl-d3"/>
      </object_component>
      <object_component id="oc-8ba">
         <name>.text:dhcp_decline</name>
         <load_address>0x44ca8</load_address>
         <run_address>0x44ca8</run_address>
         <size>0x68</size>
         <input_file_ref idref="fl-a"/>
      </object_component>
      <object_component id="oc-857">
         <name>.text:http_recv</name>
         <load_address>0x44d10</load_address>
         <run_address>0x44d10</run_address>
         <size>0x68</size>
         <input_file_ref idref="fl-8"/>
      </object_component>
      <object_component id="oc-8c1">
         <name>.text:lwip_standard_chksum</name>
         <load_address>0x44d78</load_address>
         <run_address>0x44d78</run_address>
         <size>0x68</size>
         <input_file_ref idref="fl-a"/>
      </object_component>
      <object_component id="oc-508">
         <name>.text:netif_set_ipaddr</name>
         <load_address>0x44de0</load_address>
         <run_address>0x44de0</run_address>
         <size>0x68</size>
         <input_file_ref idref="fl-a"/>
      </object_component>
      <object_component id="oc-973">
         <name>.text:sys_timeout</name>
         <load_address>0x44e48</load_address>
         <run_address>0x44e48</run_address>
         <size>0x68</size>
         <input_file_ref idref="fl-a"/>
      </object_component>
      <object_component id="oc-72c">
         <name>.text:tcp_output_alloc_header</name>
         <load_address>0x44eb0</load_address>
         <run_address>0x44eb0</run_address>
         <size>0x68</size>
         <input_file_ref idref="fl-a"/>
      </object_component>
      <object_component id="oc-4d0">
         <name>.text:tcp_process_refused_data</name>
         <load_address>0x44f18</load_address>
         <run_address>0x44f18</run_address>
         <size>0x68</size>
         <input_file_ref idref="fl-a"/>
      </object_component>
      <object_component id="oc-41c">
         <name>.text:udp_bind</name>
         <load_address>0x44f80</load_address>
         <run_address>0x44f80</run_address>
         <size>0x68</size>
         <input_file_ref idref="fl-a"/>
      </object_component>
      <object_component id="oc-732">
         <name>.text:pbuf_copy_partial</name>
         <load_address>0x44fe8</load_address>
         <run_address>0x44fe8</run_address>
         <size>0x66</size>
         <input_file_ref idref="fl-a"/>
      </object_component>
      <object_component id="oc-496">
         <name>.text:pbuf_header</name>
         <load_address>0x4504e</load_address>
         <run_address>0x4504e</run_address>
         <size>0x64</size>
         <input_file_ref idref="fl-a"/>
      </object_component>
      <object_component id="oc-5db">
         <name>.text:CFAF128128B0145T_rectangle</name>
         <load_address>0x450b4</load_address>
         <run_address>0x450b4</run_address>
         <size>0x60</size>
         <input_file_ref idref="fl-6"/>
      </object_component>
      <object_component id="oc-20a">
         <name>.text:UARTStdioConfig</name>
         <load_address>0x45114</load_address>
         <run_address>0x45114</run_address>
         <size>0x60</size>
         <input_file_ref idref="fl-b"/>
      </object_component>
      <object_component id="oc-690">
         <name>.text:plug_holes</name>
         <load_address>0x45174</load_address>
         <run_address>0x45174</run_address>
         <size>0x60</size>
         <input_file_ref idref="fl-a"/>
      </object_component>
      <object_component id="oc-7e1">
         <name>.text:mem_init</name>
         <load_address>0x451d4</load_address>
         <run_address>0x451d4</run_address>
         <size>0x5c</size>
         <input_file_ref idref="fl-a"/>
      </object_component>
      <object_component id="oc-4e5">
         <name>.text:tcp_keepalive</name>
         <load_address>0x45230</load_address>
         <run_address>0x45230</run_address>
         <size>0x5c</size>
         <input_file_ref idref="fl-a"/>
      </object_component>
      <object_component id="oc-8eb">
         <name>.text:tcp_pcb_remove</name>
         <load_address>0x4528c</load_address>
         <run_address>0x4528c</run_address>
         <size>0x5c</size>
         <input_file_ref idref="fl-a"/>
      </object_component>
      <object_component id="oc-710">
         <name>.text:tcp_send_empty_ack</name>
         <load_address>0x452e8</load_address>
         <run_address>0x452e8</run_address>
         <size>0x5c</size>
         <input_file_ref idref="fl-a"/>
      </object_component>
      <object_component id="oc-6bd">
         <name>.text:pbuf_realloc</name>
         <load_address>0x45344</load_address>
         <run_address>0x45344</run_address>
         <size>0x5a</size>
         <input_file_ref idref="fl-a"/>
      </object_component>
      <object_component id="oc-403">
         <name>.text:EMACPHYConfigSet</name>
         <load_address>0x453a0</load_address>
         <run_address>0x453a0</run_address>
         <size>0x58</size>
         <input_file_ref idref="fl-12"/>
      </object_component>
      <object_component id="oc-581">
         <name>.text:autoip_create_addr</name>
         <load_address>0x453f8</load_address>
         <run_address>0x453f8</run_address>
         <size>0x58</size>
         <input_file_ref idref="fl-a"/>
      </object_component>
      <object_component id="oc-33d">
         <name>.text:autoip_start</name>
         <load_address>0x45450</load_address>
         <run_address>0x45450</run_address>
         <size>0x58</size>
         <input_file_ref idref="fl-a"/>
      </object_component>
      <object_component id="oc-661">
         <name>.text:http_accept</name>
         <load_address>0x454a8</load_address>
         <run_address>0x454a8</run_address>
         <size>0x58</size>
         <input_file_ref idref="fl-8"/>
      </object_component>
      <object_component id="oc-4a6">
         <name>.text:memp_malloc</name>
         <load_address>0x45500</load_address>
         <run_address>0x45500</run_address>
         <size>0x58</size>
         <input_file_ref idref="fl-a"/>
      </object_component>
      <object_component id="oc-81e">
         <name>.text:tcp_new_port</name>
         <load_address>0x45558</load_address>
         <run_address>0x45558</run_address>
         <size>0x58</size>
         <input_file_ref idref="fl-a"/>
      </object_component>
      <object_component id="oc-a50">
         <name>.text:tcp_rexmit</name>
         <load_address>0x455b0</load_address>
         <run_address>0x455b0</run_address>
         <size>0x56</size>
         <input_file_ref idref="fl-a"/>
      </object_component>
      <object_component id="oc-3ac">
         <name>.text:CFAF128128B0145T__writeCommand</name>
         <load_address>0x45608</load_address>
         <run_address>0x45608</run_address>
         <size>0x54</size>
         <input_file_ref idref="fl-6"/>
      </object_component>
      <object_component id="oc-5cc">
         <name>.text:CFAF128128B0145T__writeData</name>
         <load_address>0x4565c</load_address>
         <run_address>0x4565c</run_address>
         <size>0x54</size>
         <input_file_ref idref="fl-6"/>
      </object_component>
      <object_component id="oc-21c">
         <name>.text:LocatorInit</name>
         <load_address>0x456b0</load_address>
         <run_address>0x456b0</run_address>
         <size>0x54</size>
         <input_file_ref idref="fl-9"/>
      </object_component>
      <object_component id="oc-b85">
         <name>.text:tcp_pbuf_prealloc</name>
         <load_address>0x45704</load_address>
         <run_address>0x45704</run_address>
         <size>0x52</size>
         <input_file_ref idref="fl-a"/>
      </object_component>
      <object_component id="oc-12a">
         <name>.text:tivaif_process_transmit</name>
         <load_address>0x45756</load_address>
         <run_address>0x45756</run_address>
         <size>0x52</size>
         <input_file_ref idref="fl-a"/>
      </object_component>
      <object_component id="oc-5fa">
         <name>.text:SysCtlPeripheralReset</name>
         <load_address>0x457a8</load_address>
         <run_address>0x457a8</run_address>
         <size>0x50</size>
         <input_file_ref idref="fl-17"/>
      </object_component>
      <object_component id="oc-5ee">
         <name>.text:UARTwrite</name>
         <load_address>0x457f8</load_address>
         <run_address>0x457f8</run_address>
         <size>0x50</size>
         <input_file_ref idref="fl-b"/>
      </object_component>
      <object_component id="oc-a23">
         <name>.text:http_close_conn</name>
         <load_address>0x45848</load_address>
         <run_address>0x45848</run_address>
         <size>0x50</size>
         <input_file_ref idref="fl-8"/>
      </object_component>
      <object_component id="oc-613">
         <name>.text:netif_add</name>
         <load_address>0x45898</load_address>
         <run_address>0x45898</run_address>
         <size>0x50</size>
         <input_file_ref idref="fl-a"/>
      </object_component>
      <object_component id="oc-7ed">
         <name>.text:sys_timeouts_init</name>
         <load_address>0x458e8</load_address>
         <run_address>0x458e8</run_address>
         <size>0x50</size>
         <input_file_ref idref="fl-a"/>
      </object_component>
      <object_component id="oc-b7f">
         <name>.text:tcp_write_checks</name>
         <load_address>0x45938</load_address>
         <run_address>0x45938</run_address>
         <size>0x50</size>
         <input_file_ref idref="fl-a"/>
      </object_component>
      <object_component id="oc-587">
         <name>.text:autoip_start_probing</name>
         <load_address>0x45988</load_address>
         <run_address>0x45988</run_address>
         <size>0x4e</size>
         <input_file_ref idref="fl-a"/>
      </object_component>
      <object_component id="oc-8f5">
         <name>.text:inet_chksum_pbuf</name>
         <load_address>0x459d6</load_address>
         <run_address>0x459d6</run_address>
         <size>0x4e</size>
         <input_file_ref idref="fl-a"/>
      </object_component>
      <object_component id="oc-2bb">
         <name>.text:pbuf_free</name>
         <load_address>0x45a24</load_address>
         <run_address>0x45a24</run_address>
         <size>0x4e</size>
         <input_file_ref idref="fl-a"/>
      </object_component>
      <object_component id="oc-37c">
         <name>.text:GPIOPinConfigure</name>
         <load_address>0x45a74</load_address>
         <run_address>0x45a74</run_address>
         <size>0x4c</size>
         <input_file_ref idref="fl-13"/>
      </object_component>
      <object_component id="oc-b2b">
         <name>.text:fs_open</name>
         <load_address>0x45ac0</load_address>
         <run_address>0x45ac0</run_address>
         <size>0x4c</size>
         <input_file_ref idref="fl-4"/>
      </object_component>
      <object_component id="oc-80f">
         <name>.text:ip_route</name>
         <load_address>0x45b0c</load_address>
         <run_address>0x45b0c</run_address>
         <size>0x4c</size>
         <input_file_ref idref="fl-a"/>
      </object_component>
      <object_component id="oc-aae">
         <name>.text:strnstr</name>
         <load_address>0x45b58</load_address>
         <run_address>0x45b58</run_address>
         <size>0x4c</size>
         <input_file_ref idref="fl-8"/>
      </object_component>
      <object_component id="oc-b3">
         <name>.text:tivaif_interrupt</name>
         <load_address>0x45ba4</load_address>
         <run_address>0x45ba4</run_address>
         <size>0x4c</size>
         <input_file_ref idref="fl-a"/>
      </object_component>
      <object_component id="oc-574">
         <name>.text:udp_connect</name>
         <load_address>0x45bf0</load_address>
         <run_address>0x45bf0</run_address>
         <size>0x4c</size>
         <input_file_ref idref="fl-a"/>
      </object_component>
      <object_component id="oc-628">
         <name>.text:udp_new_port</name>
         <load_address>0x45c3c</load_address>
         <run_address>0x45c3c</run_address>
         <size>0x4c</size>
         <input_file_ref idref="fl-a"/>
      </object_component>
      <object_component id="oc-b31">
         <name>.text:http_get_404_file</name>
         <load_address>0x45c88</load_address>
         <run_address>0x45c88</run_address>
         <size>0x4b</size>
         <input_file_ref idref="fl-8"/>
      </object_component>
      <object_component id="oc-34c">
         <name>.text:_SysCtlFrequencyGet</name>
         <load_address>0x45cd4</load_address>
         <run_address>0x45cd4</run_address>
         <size>0x48</size>
         <input_file_ref idref="fl-17"/>
      </object_component>
      <object_component id="oc-9dd">
         <name>.text:etharp_output_to_arp_index</name>
         <load_address>0x45d1c</load_address>
         <run_address>0x45d1c</run_address>
         <size>0x48</size>
         <input_file_ref idref="fl-a"/>
      </object_component>
      <object_component id="oc-ac1">
         <name>.text:http_write</name>
         <load_address>0x45d64</load_address>
         <run_address>0x45d64</run_address>
         <size>0x48</size>
         <input_file_ref idref="fl-8"/>
      </object_component>
      <object_component id="oc-73e">
         <name>.text:ip_output</name>
         <load_address>0x45dac</load_address>
         <run_address>0x45dac</run_address>
         <size>0x48</size>
         <input_file_ref idref="fl-a"/>
      </object_component>
      <object_component id="oc-9fe">
         <name>.text:tcp_kill_prio</name>
         <load_address>0x45df4</load_address>
         <run_address>0x45df4</run_address>
         <size>0x48</size>
         <input_file_ref idref="fl-a"/>
      </object_component>
      <object_component id="oc-af1">
         <name>.text:tcp_rexmit_fast</name>
         <load_address>0x45e3c</load_address>
         <run_address>0x45e3c</run_address>
         <size>0x48</size>
         <input_file_ref idref="fl-a"/>
      </object_component>
      <object_component id="oc-9e4">
         <name>.text:tivaif_check_pbuf</name>
         <load_address>0x45e84</load_address>
         <run_address>0x45e84</run_address>
         <size>0x48</size>
         <input_file_ref idref="fl-a"/>
      </object_component>
      <object_component id="oc-b07">
         <name>.text:tcp_send_fin</name>
         <load_address>0x45ecc</load_address>
         <run_address>0x45ecc</run_address>
         <size>0x46</size>
         <input_file_ref idref="fl-a"/>
      </object_component>
      <object_component id="oc-242">
         <name>.text:__TI_auto_init_nobinit_nopinit:__TI_auto_init_nobinit_nopinit</name>
         <load_address>0x45f14</load_address>
         <run_address>0x45f14</run_address>
         <size>0x44</size>
         <input_file_ref idref="fl-dc"/>
      </object_component>
      <object_component id="oc-45b">
         <name>.text:dhcp_network_changed</name>
         <load_address>0x45f58</load_address>
         <run_address>0x45f58</run_address>
         <size>0x42</size>
         <input_file_ref idref="fl-a"/>
      </object_component>
      <object_component id="oc-780">
         <name>.text:dhcp_option_long</name>
         <load_address>0x45f9a</load_address>
         <run_address>0x45f9a</run_address>
         <size>0x42</size>
         <input_file_ref idref="fl-a"/>
      </object_component>
      <object_component id="oc-4f1">
         <name>.text:tcp_pcb_purge</name>
         <load_address>0x45fdc</load_address>
         <run_address>0x45fdc</run_address>
         <size>0x42</size>
         <input_file_ref idref="fl-a"/>
      </object_component>
      <object_component id="oc-13c">
         <name>.text:etharp_tmr</name>
         <load_address>0x46020</load_address>
         <run_address>0x46020</run_address>
         <size>0x40</size>
         <input_file_ref idref="fl-a"/>
      </object_component>
      <object_component id="oc-5f4">
         <name>.text</name>
         <load_address>0x46060</load_address>
         <run_address>0x46060</run_address>
         <size>0x40</size>
         <input_file_ref idref="fl-d0"/>
      </object_component>
      <object_component id="oc-2a8">
         <name>.text:netif_set_link_up</name>
         <load_address>0x460a0</load_address>
         <run_address>0x460a0</run_address>
         <size>0x3e</size>
         <input_file_ref idref="fl-a"/>
      </object_component>
      <object_component id="oc-3d6">
         <name>.text:CFAF128128B0145T_clear</name>
         <load_address>0x460e0</load_address>
         <run_address>0x460e0</run_address>
         <size>0x3c</size>
         <input_file_ref idref="fl-6"/>
      </object_component>
      <object_component id="oc-388">
         <name>.text:SSIConfigSetExpClk</name>
         <load_address>0x4611c</load_address>
         <run_address>0x4611c</run_address>
         <size>0x3c</size>
         <input_file_ref idref="fl-15"/>
      </object_component>
      <object_component id="oc-14e">
         <name>.text:dhcp_coarse_tmr</name>
         <load_address>0x46158</load_address>
         <run_address>0x46158</run_address>
         <size>0x3c</size>
         <input_file_ref idref="fl-a"/>
      </object_component>
      <object_component id="oc-9c2">
         <name>.text:EMACIntEnable</name>
         <load_address>0x46194</load_address>
         <run_address>0x46194</run_address>
         <size>0x3a</size>
         <input_file_ref idref="fl-12"/>
      </object_component>
      <object_component id="oc-acd">
         <name>.text:fs_read</name>
         <load_address>0x461ce</load_address>
         <run_address>0x461ce</run_address>
         <size>0x3a</size>
         <input_file_ref idref="fl-4"/>
      </object_component>
      <object_component id="oc-3c4">
         <name>.text:CFAF128128B0145T_setOrientation</name>
         <load_address>0x46208</load_address>
         <run_address>0x46208</run_address>
         <size>0x38</size>
         <input_file_ref idref="fl-6"/>
      </object_component>
      <object_component id="oc-2b4">
         <name>.text:EMACConfigSet</name>
         <load_address>0x46240</load_address>
         <run_address>0x46240</run_address>
         <size>0x38</size>
         <input_file_ref idref="fl-12"/>
      </object_component>
      <object_component id="oc-228">
         <name>.text:LocatorAppTitleSet</name>
         <load_address>0x46278</load_address>
         <run_address>0x46278</run_address>
         <size>0x38</size>
         <input_file_ref idref="fl-9"/>
      </object_component>
      <object_component id="oc-370">
         <name>.text:SysCtlPeripheralReady</name>
         <load_address>0x462b0</load_address>
         <run_address>0x462b0</run_address>
         <size>0x38</size>
         <input_file_ref idref="fl-17"/>
      </object_component>
      <object_component id="oc-154">
         <name>.text:dhcp_fine_tmr</name>
         <load_address>0x462e8</load_address>
         <run_address>0x462e8</run_address>
         <size>0x38</size>
         <input_file_ref idref="fl-a"/>
      </object_component>
      <object_component id="oc-7ae">
         <name>.text:dhcp_handle_nak</name>
         <load_address>0x46320</load_address>
         <run_address>0x46320</run_address>
         <size>0x38</size>
         <input_file_ref idref="fl-a"/>
      </object_component>
      <object_component id="oc-32b">
         <name>.text:dhcp_stop</name>
         <load_address>0x46358</load_address>
         <run_address>0x46358</run_address>
         <size>0x38</size>
         <input_file_ref idref="fl-a"/>
      </object_component>
      <object_component id="oc-432">
         <name>.text:httpd_init_addr</name>
         <load_address>0x46390</load_address>
         <run_address>0x46390</run_address>
         <size>0x38</size>
         <input_file_ref idref="fl-8"/>
      </object_component>
      <object_component id="oc-482">
         <name>.text:memp_free</name>
         <load_address>0x463c8</load_address>
         <run_address>0x463c8</run_address>
         <size>0x38</size>
         <input_file_ref idref="fl-a"/>
      </object_component>
      <object_component id="oc-a08">
         <name>.text:tcpip_tcp_timer</name>
         <load_address>0x46400</load_address>
         <run_address>0x46400</run_address>
         <size>0x38</size>
         <input_file_ref idref="fl-a"/>
      </object_component>
      <object_component id="oc-632">
         <name>.text:udp_sendto</name>
         <load_address>0x46438</load_address>
         <run_address>0x46438</run_address>
         <size>0x38</size>
         <input_file_ref idref="fl-a"/>
      </object_component>
      <object_component id="oc-b66">
         <name>.text:ustrncmp</name>
         <load_address>0x46470</load_address>
         <run_address>0x46470</run_address>
         <size>0x36</size>
         <input_file_ref idref="fl-c"/>
      </object_component>
      <object_component id="oc-46">
         <name>.text:AnimTimerIntHandler</name>
         <load_address>0x464a8</load_address>
         <run_address>0x464a8</run_address>
         <size>0x34</size>
         <input_file_ref idref="fl-2"/>
      </object_component>
      <object_component id="oc-2ae">
         <name>.text:EMACConfigGet</name>
         <load_address>0x464dc</load_address>
         <run_address>0x464dc</run_address>
         <size>0x34</size>
         <input_file_ref idref="fl-12"/>
      </object_component>
      <object_component id="oc-9b0">
         <name>.text:EMACIntClear</name>
         <load_address>0x46510</load_address>
         <run_address>0x46510</run_address>
         <size>0x34</size>
         <input_file_ref idref="fl-12"/>
      </object_component>
      <object_component id="oc-36a">
         <name>.text:SysCtlPeripheralEnable</name>
         <load_address>0x46544</load_address>
         <run_address>0x46544</run_address>
         <size>0x34</size>
         <input_file_ref idref="fl-17"/>
      </object_component>
      <object_component id="oc-7e">
         <name>.text:_c_int00_noargs:_c_int00_noargs</name>
         <load_address>0x46578</load_address>
         <run_address>0x46578</run_address>
         <size>0x34</size>
         <input_file_ref idref="fl-da"/>
      </object_component>
      <object_component id="oc-309">
         <name>.text:autoip_arp_probe</name>
         <load_address>0x465ac</load_address>
         <run_address>0x465ac</run_address>
         <size>0x34</size>
         <input_file_ref idref="fl-a"/>
      </object_component>
      <object_component id="oc-869">
         <name>.text:http_poll</name>
         <load_address>0x465e0</load_address>
         <run_address>0x465e0</run_address>
         <size>0x34</size>
         <input_file_ref idref="fl-8"/>
      </object_component>
      <object_component id="oc-b37">
         <name>.text:strstr</name>
         <load_address>0x46614</load_address>
         <run_address>0x46614</run_address>
         <size>0x34</size>
         <input_file_ref idref="fl-d9"/>
      </object_component>
      <object_component id="oc-9f8">
         <name>.text:tcp_kill_timewait</name>
         <load_address>0x46648</load_address>
         <run_address>0x46648</run_address>
         <size>0x34</size>
         <input_file_ref idref="fl-a"/>
      </object_component>
      <object_component id="oc-824">
         <name>.text:tcp_timer_needed</name>
         <load_address>0x4667c</load_address>
         <run_address>0x4667c</run_address>
         <size>0x34</size>
         <input_file_ref idref="fl-a"/>
      </object_component>
      <object_component id="oc-61f">
         <name>.text:tivaif_init</name>
         <load_address>0x466b0</load_address>
         <run_address>0x466b0</run_address>
         <size>0x34</size>
         <input_file_ref idref="fl-a"/>
      </object_component>
      <object_component id="oc-6c3">
         <name>.text:ip4_addr_isbroadcast</name>
         <load_address>0x466e4</load_address>
         <run_address>0x466e4</run_address>
         <size>0x32</size>
         <input_file_ref idref="fl-a"/>
      </object_component>
      <object_component id="oc-931">
         <name>.text:tcp_recved</name>
         <load_address>0x46716</load_address>
         <run_address>0x46716</run_address>
         <size>0x32</size>
         <input_file_ref idref="fl-a"/>
      </object_component>
      <object_component id="oc-769">
         <name>.text:dhcp_option_trailer</name>
         <load_address>0x46748</load_address>
         <run_address>0x46748</run_address>
         <size>0x30</size>
         <input_file_ref idref="fl-a"/>
      </object_component>
      <object_component id="oc-a6a">
         <name>.text:tcp_update_rcv_ann_wnd</name>
         <load_address>0x46778</load_address>
         <run_address>0x46778</run_address>
         <size>0x30</size>
         <input_file_ref idref="fl-a"/>
      </object_component>
      <object_component id="oc-560">
         <name>.text:udp_remove</name>
         <load_address>0x467a8</load_address>
         <run_address>0x467a8</run_address>
         <size>0x30</size>
         <input_file_ref idref="fl-a"/>
      </object_component>
      <object_component id="oc-4d9">
         <name>.text:tcp_rexmit_rto</name>
         <load_address>0x467d8</load_address>
         <run_address>0x467d8</run_address>
         <size>0x2e</size>
         <input_file_ref idref="fl-a"/>
      </object_component>
      <object_component id="oc-706">
         <name>.text:CFAF128128B0145T_point</name>
         <load_address>0x46806</load_address>
         <run_address>0x46806</run_address>
         <size>0x2c</size>
         <input_file_ref idref="fl-6"/>
      </object_component>
      <object_component id="oc-a1">
         <name>.text:EMACIntStatus</name>
         <load_address>0x46832</load_address>
         <run_address>0x46832</run_address>
         <size>0x2c</size>
         <input_file_ref idref="fl-12"/>
      </object_component>
      <object_component id="oc-5a6">
         <name>.text:GPIODirModeSet</name>
         <load_address>0x4685e</load_address>
         <run_address>0x4685e</run_address>
         <size>0x2c</size>
         <input_file_ref idref="fl-13"/>
      </object_component>
      <object_component id="oc-303">
         <name>.text:autoip_arp_announce</name>
         <load_address>0x4688c</load_address>
         <run_address>0x4688c</run_address>
         <size>0x2c</size>
         <input_file_ref idref="fl-a"/>
      </object_component>
      <object_component id="oc-7a8">
         <name>.text:dhcp_handle_offer</name>
         <load_address>0x468b8</load_address>
         <run_address>0x468b8</run_address>
         <size>0x2c</size>
         <input_file_ref idref="fl-a"/>
      </object_component>
      <object_component id="oc-467">
         <name>.text:etharp_request</name>
         <load_address>0x468e4</load_address>
         <run_address>0x468e4</run_address>
         <size>0x2c</size>
         <input_file_ref idref="fl-a"/>
      </object_component>
      <object_component id="oc-ab4">
         <name>.text:strncmp</name>
         <load_address>0x46910</load_address>
         <run_address>0x46910</run_address>
         <size>0x2c</size>
         <input_file_ref idref="fl-d8"/>
      </object_component>
      <object_component id="oc-2fd">
         <name>.text:autoip_bind</name>
         <load_address>0x4693c</load_address>
         <run_address>0x4693c</run_address>
         <size>0x2a</size>
         <input_file_ref idref="fl-a"/>
      </object_component>
      <object_component id="oc-2c2">
         <name>.text:pbuf_cat</name>
         <load_address>0x46966</load_address>
         <run_address>0x46966</run_address>
         <size>0x2a</size>
         <input_file_ref idref="fl-a"/>
      </object_component>
      <object_component id="oc-908">
         <name>.text:ustrncpy</name>
         <load_address>0x46990</load_address>
         <run_address>0x46990</run_address>
         <size>0x2a</size>
         <input_file_ref idref="fl-c"/>
      </object_component>
      <object_component id="oc-79a">
         <name>.text:etharp_cleanup_netif</name>
         <load_address>0x469bc</load_address>
         <run_address>0x469bc</run_address>
         <size>0x28</size>
         <input_file_ref idref="fl-a"/>
      </object_component>
      <object_component id="oc-29c">
         <name>.text:EMACPHYRead</name>
         <load_address>0x469e4</load_address>
         <run_address>0x469e4</run_address>
         <size>0x26</size>
         <input_file_ref idref="fl-12"/>
      </object_component>
      <object_component id="oc-9a4">
         <name>.text:EMACPHYWrite</name>
         <load_address>0x46a0a</load_address>
         <run_address>0x46a0a</run_address>
         <size>0x26</size>
         <input_file_ref idref="fl-12"/>
      </object_component>
      <object_component id="oc-546">
         <name>.text:dhcp_check</name>
         <load_address>0x46a30</load_address>
         <run_address>0x46a30</run_address>
         <size>0x26</size>
         <input_file_ref idref="fl-a"/>
      </object_component>
      <object_component id="oc-a2a">
         <name>.text:http_state_free</name>
         <load_address>0x46a56</load_address>
         <run_address>0x46a56</run_address>
         <size>0x26</size>
         <input_file_ref idref="fl-8"/>
      </object_component>
      <object_component id="oc-724">
         <name>.text:tcp_recv_null</name>
         <load_address>0x46a7c</load_address>
         <run_address>0x46a7c</run_address>
         <size>0x26</size>
         <input_file_ref idref="fl-a"/>
      </object_component>
      <object_component id="oc-2e3">
         <name>.text:etharp_free_entry</name>
         <load_address>0x46aa4</load_address>
         <run_address>0x46aa4</run_address>
         <size>0x24</size>
         <input_file_ref idref="fl-a"/>
      </object_component>
      <object_component id="oc-48a">
         <name>.text:memcmp</name>
         <load_address>0x46ac8</load_address>
         <run_address>0x46ac8</run_address>
         <size>0x24</size>
         <input_file_ref idref="fl-d4"/>
      </object_component>
      <object_component id="oc-51a">
         <name>.text:netif_set_up</name>
         <load_address>0x46aec</load_address>
         <run_address>0x46aec</run_address>
         <size>0x24</size>
         <input_file_ref idref="fl-a"/>
      </object_component>
      <object_component id="oc-af7">
         <name>.text:tcp_seg_copy</name>
         <load_address>0x46b10</load_address>
         <run_address>0x46b10</run_address>
         <size>0x24</size>
         <input_file_ref idref="fl-a"/>
      </object_component>
      <object_component id="oc-763">
         <name>.text:dhcp_option_short</name>
         <load_address>0x46b34</load_address>
         <run_address>0x46b34</run_address>
         <size>0x22</size>
         <input_file_ref idref="fl-a"/>
      </object_component>
      <object_component id="oc-839">
         <name>.text:http_state_alloc</name>
         <load_address>0x46b56</load_address>
         <run_address>0x46b56</run_address>
         <size>0x22</size>
         <input_file_ref idref="fl-8"/>
      </object_component>
      <object_component id="oc-3be">
         <name>.text:CFAF128128B0145T__writeData8888</name>
         <load_address>0x46b78</load_address>
         <run_address>0x46b78</run_address>
         <size>0x20</size>
         <input_file_ref idref="fl-6"/>
      </object_component>
      <object_component id="oc-222">
         <name>.text:LocatorMACAddrSet</name>
         <load_address>0x46b98</load_address>
         <run_address>0x46b98</run_address>
         <size>0x20</size>
         <input_file_ref idref="fl-9"/>
      </object_component>
      <object_component id="oc-346">
         <name>.text:_SysCtlMemTimingGet</name>
         <load_address>0x46bb8</load_address>
         <run_address>0x46bb8</run_address>
         <size>0x20</size>
         <input_file_ref idref="fl-17"/>
      </object_component>
      <object_component id="oc-89f">
         <name>.text:autoip_handle_arp_conflict</name>
         <load_address>0x46bd8</load_address>
         <run_address>0x46bd8</run_address>
         <size>0x20</size>
         <input_file_ref idref="fl-a"/>
      </object_component>
      <object_component id="oc-75d">
         <name>.text:dhcp_option</name>
         <load_address>0x46bf8</load_address>
         <run_address>0x46bf8</run_address>
         <size>0x20</size>
         <input_file_ref idref="fl-a"/>
      </object_component>
      <object_component id="oc-8b2">
         <name>.text:etharp_send_ip</name>
         <load_address>0x46c18</load_address>
         <run_address>0x46c18</run_address>
         <size>0x20</size>
         <input_file_ref idref="fl-a"/>
      </object_component>
      <object_component id="oc-96">
         <name>.text:lwIPTimer</name>
         <load_address>0x46c38</load_address>
         <run_address>0x46c38</run_address>
         <size>0x20</size>
         <input_file_ref idref="fl-a"/>
      </object_component>
      <object_component id="oc-923">
         <name>.text:tcp_eff_send_mss</name>
         <load_address>0x46c58</load_address>
         <run_address>0x46c58</run_address>
         <size>0x20</size>
         <input_file_ref idref="fl-a"/>
      </object_component>
      <object_component id="oc-142">
         <name>.text:tcp_tmr</name>
         <load_address>0x46c78</load_address>
         <run_address>0x46c78</run_address>
         <size>0x20</size>
         <input_file_ref idref="fl-a"/>
      </object_component>
      <object_component id="oc-4ba">
         <name>.text:usprintf</name>
         <load_address>0x46c98</load_address>
         <run_address>0x46c98</run_address>
         <size>0x20</size>
         <input_file_ref idref="fl-c"/>
      </object_component>
      <object_component id="oc-998">
         <name>.text:EMACAddrGet</name>
         <load_address>0x46cb8</load_address>
         <run_address>0x46cb8</run_address>
         <size>0x1e</size>
         <input_file_ref idref="fl-12"/>
      </object_component>
      <object_component id="oc-56d">
         <name>.text:netif_set_down</name>
         <load_address>0x46cd6</load_address>
         <run_address>0x46cd6</run_address>
         <size>0x1e</size>
         <input_file_ref idref="fl-a"/>
      </object_component>
      <object_component id="oc-2d5">
         <name>.text:lwIPLocalIPAddrGet</name>
         <load_address>0x46cf4</load_address>
         <run_address>0x46cf4</run_address>
         <size>0x1c</size>
         <input_file_ref idref="fl-a"/>
      </object_component>
      <object_component id="oc-325">
         <name>.text:netif_set_addr</name>
         <load_address>0x46d10</load_address>
         <run_address>0x46d10</run_address>
         <size>0x1c</size>
         <input_file_ref idref="fl-a"/>
      </object_component>
      <object_component id="oc-410">
         <name>.text:udp_new</name>
         <load_address>0x46d2c</load_address>
         <run_address>0x46d2c</run_address>
         <size>0x1c</size>
         <input_file_ref idref="fl-a"/>
      </object_component>
      <object_component id="oc-39a">
         <name>.text:GPIOPinTypeGPIOOutput</name>
         <load_address>0x46d48</load_address>
         <run_address>0x46d48</run_address>
         <size>0x1a</size>
         <input_file_ref idref="fl-13"/>
      </object_component>
      <object_component id="oc-210">
         <name>.text:UARTprintf</name>
         <load_address>0x46d62</load_address>
         <run_address>0x46d62</run_address>
         <size>0x1a</size>
         <input_file_ref idref="fl-b"/>
      </object_component>
      <object_component id="oc-461">
         <name>.text:autoip_network_changed</name>
         <load_address>0x46d7c</load_address>
         <run_address>0x46d7c</run_address>
         <size>0x1a</size>
         <input_file_ref idref="fl-a"/>
      </object_component>
      <object_component id="oc-6af">
         <name>.text:dhcp_arp_reply</name>
         <load_address>0x46d96</load_address>
         <run_address>0x46d96</run_address>
         <size>0x1a</size>
         <input_file_ref idref="fl-a"/>
      </object_component>
      <object_component id="oc-60d">
         <name>.text:lwip_htonl</name>
         <load_address>0x46db0</load_address>
         <run_address>0x46db0</run_address>
         <size>0x1a</size>
         <input_file_ref idref="fl-a"/>
      </object_component>
      <object_component id="oc-3a6">
         <name>.text:CFAF128128B0145T__delay</name>
         <load_address>0x46dcc</load_address>
         <run_address>0x46dcc</run_address>
         <size>0x18</size>
         <input_file_ref idref="fl-6"/>
      </object_component>
      <object_component id="oc-97f">
         <name>.text:arp_timer</name>
         <load_address>0x46de4</load_address>
         <run_address>0x46de4</run_address>
         <size>0x18</size>
         <input_file_ref idref="fl-a"/>
      </object_component>
      <object_component id="oc-991">
         <name>.text:autoip_timer</name>
         <load_address>0x46dfc</load_address>
         <run_address>0x46dfc</run_address>
         <size>0x18</size>
         <input_file_ref idref="fl-a"/>
      </object_component>
      <object_component id="oc-985">
         <name>.text:dhcp_timer_coarse</name>
         <load_address>0x46e14</load_address>
         <run_address>0x46e14</run_address>
         <size>0x18</size>
         <input_file_ref idref="fl-a"/>
      </object_component>
      <object_component id="oc-98b">
         <name>.text:dhcp_timer_fine</name>
         <load_address>0x46e2c</load_address>
         <run_address>0x46e2c</run_address>
         <size>0x18</size>
         <input_file_ref idref="fl-a"/>
      </object_component>
      <object_component id="oc-4ac">
         <name>.text:pbuf_pool_is_empty</name>
         <load_address>0x46e44</load_address>
         <run_address>0x46e44</run_address>
         <size>0x18</size>
         <input_file_ref idref="fl-a"/>
      </object_component>
      <object_component id="oc-b1f">
         <name>.text:strcmp</name>
         <load_address>0x46e5c</load_address>
         <run_address>0x46e5c</run_address>
         <size>0x18</size>
         <input_file_ref idref="fl-d6"/>
      </object_component>
      <object_component id="oc-a04">
         <name>.text:tcp_next_iss</name>
         <load_address>0x46e74</load_address>
         <run_address>0x46e74</run_address>
         <size>0x18</size>
         <input_file_ref idref="fl-a"/>
      </object_component>
      <object_component id="oc-71c">
         <name>.text:tcp_seg_free</name>
         <load_address>0x46e8c</load_address>
         <run_address>0x46e8c</run_address>
         <size>0x18</size>
         <input_file_ref idref="fl-a"/>
      </object_component>
      <object_component id="oc-600">
         <name>.text:EMACReset</name>
         <load_address>0x46ea4</load_address>
         <run_address>0x46ea4</run_address>
         <size>0x16</size>
         <input_file_ref idref="fl-12"/>
      </object_component>
      <object_component id="oc-9bc">
         <name>.text:EMACRxEnable</name>
         <load_address>0x46eba</load_address>
         <run_address>0x46eba</run_address>
         <size>0x16</size>
         <input_file_ref idref="fl-12"/>
      </object_component>
      <object_component id="oc-9b6">
         <name>.text:EMACTxEnable</name>
         <load_address>0x46ed0</load_address>
         <run_address>0x46ed0</run_address>
         <size>0x16</size>
         <input_file_ref idref="fl-12"/>
      </object_component>
      <object_component id="oc-362">
         <name>.text:GPIOPinTypeEthernetLED</name>
         <load_address>0x46ee6</load_address>
         <run_address>0x46ee6</run_address>
         <size>0x16</size>
         <input_file_ref idref="fl-13"/>
      </object_component>
      <object_component id="oc-382">
         <name>.text:GPIOPinTypeSSI</name>
         <load_address>0x46efc</load_address>
         <run_address>0x46efc</run_address>
         <size>0x16</size>
         <input_file_ref idref="fl-13"/>
      </object_component>
      <object_component id="oc-775">
         <name>.text:dhcp_delete_msg</name>
         <load_address>0x46f12</load_address>
         <run_address>0x46f12</run_address>
         <size>0x16</size>
         <input_file_ref idref="fl-a"/>
      </object_component>
      <object_component id="oc-311">
         <name>.text:dhcp_t1_timeout</name>
         <load_address>0x46f28</load_address>
         <run_address>0x46f28</run_address>
         <size>0x16</size>
         <input_file_ref idref="fl-a"/>
      </object_component>
      <object_component id="oc-317">
         <name>.text:dhcp_t2_timeout</name>
         <load_address>0x46f3e</load_address>
         <run_address>0x46f3e</run_address>
         <size>0x16</size>
         <input_file_ref idref="fl-a"/>
      </object_component>
      <object_component id="oc-863">
         <name>.text:http_sent</name>
         <load_address>0x46f54</load_address>
         <run_address>0x46f54</run_address>
         <size>0x16</size>
         <input_file_ref idref="fl-8"/>
      </object_component>
      <object_component id="oc-951">
         <name>.text:pbuf_ref</name>
         <load_address>0x46f6a</load_address>
         <run_address>0x46f6a</run_address>
         <size>0x16</size>
         <input_file_ref idref="fl-a"/>
      </object_component>
      <object_component id="oc-b19">
         <name>.text:strchr</name>
         <load_address>0x46f80</load_address>
         <run_address>0x46f80</run_address>
         <size>0x16</size>
         <input_file_ref idref="fl-d5"/>
      </object_component>
      <object_component id="oc-6fa">
         <name>.text:strlen</name>
         <load_address>0x46f96</load_address>
         <run_address>0x46f96</run_address>
         <size>0x14</size>
         <input_file_ref idref="fl-d7"/>
      </object_component>
      <object_component id="oc-476">
         <name>.text:sys_arch_unprotect</name>
         <load_address>0x46fac</load_address>
         <run_address>0x46fac</run_address>
         <size>0x14</size>
         <input_file_ref idref="fl-a"/>
      </object_component>
      <object_component id="oc-92b">
         <name>.text:tcp_close</name>
         <load_address>0x46fc0</load_address>
         <run_address>0x46fc0</run_address>
         <size>0x14</size>
         <input_file_ref idref="fl-a"/>
      </object_component>
      <object_component id="oc-394">
         <name>.text:SSIDataGetNonBlocking</name>
         <load_address>0x46fd4</load_address>
         <run_address>0x46fd4</run_address>
         <size>0x12</size>
         <input_file_ref idref="fl-15"/>
      </object_component>
      <object_component id="oc-790">
         <name>.text:dhcp_option_byte</name>
         <load_address>0x46fe6</load_address>
         <run_address>0x46fe6</run_address>
         <size>0x12</size>
         <input_file_ref idref="fl-a"/>
      </object_component>
      <object_component id="oc-2a2">
         <name>.text:netif_set_link_down</name>
         <load_address>0x46ff8</load_address>
         <run_address>0x46ff8</run_address>
         <size>0x12</size>
         <input_file_ref idref="fl-a"/>
      </object_component>
      <object_component id="oc-9ea">
         <name>.text:pbuf_clen</name>
         <load_address>0x4700a</load_address>
         <run_address>0x4700a</run_address>
         <size>0x12</size>
         <input_file_ref idref="fl-a"/>
      </object_component>
      <object_component id="oc-3b2">
         <name>.text:CFAF128128B0145T__writeRegister</name>
         <load_address>0x4701c</load_address>
         <run_address>0x4701c</run_address>
         <size>0x10</size>
         <input_file_ref idref="fl-6"/>
      </object_component>
      <object_component id="oc-9aa">
         <name>.text:EMACFrameFilterSet</name>
         <load_address>0x4702c</load_address>
         <run_address>0x4702c</run_address>
         <size>0x10</size>
         <input_file_ref idref="fl-12"/>
      </object_component>
      <object_component id="oc-9ce">
         <name>.text:IntMasterEnable</name>
[...]
      </symbol>
      <symbol id="sm-122b">
         <name>tcp_zero_window_probe</name>
         <value>0x43859</value>
         <object_component_ref idref="oc-4df"/>
      </symbol>
      <symbol id="sm-122c">
         <name>pbuf_copy_partial</name>
         <value>0x44fe9</value>
         <object_component_ref idref="oc-732"/>
      </symbol>
      <symbol id="sm-122d">
         <name>pbuf_alloc</name>
         <value>0x41df1</value>
         <object_component_ref idref="oc-2ce"/>
      </symbol>
      <symbol id="sm-122e">
         <name>icmp_input</name>
         <value>0x41181</value>
         <object_component_ref idref="oc-6e1"/>
      </symbol>
      <symbol id="sm-122f">
         <name>netif_set_gw</name>
         <value>0x47145</value>
         <object_component_ref idref="oc-514"/>
      </symbol>
      <symbol id="sm-1230">
         <name>inet_chksum_pbuf</name>
         <value>0x459d7</value>
         <object_component_ref idref="oc-8f5"/>
      </symbol>
      <symbol id="sm-1231">
         <name>ip_output</name>
         <value>0x45dad</value>
         <object_component_ref idref="oc-73e"/>
      </symbol>
      <symbol id="sm-1232">
         <name>autoip_network_changed</name>
         <value>0x46d7d</value>
         <object_component_ref idref="oc-461"/>
      </symbol>
      <symbol id="sm-1233">
         <name>pbuf_copy</name>
         <value>0x43d65</value>
         <object_component_ref idref="oc-8fb"/>
      </symbol>
      <symbol id="sm-1234">
         <name>tcp_segs_free</name>
         <value>0x470ad</value>
         <object_component_ref idref="oc-4eb"/>
      </symbol>
      <symbol id="sm-1235">
         <name>tcp_close</name>
         <value>0x46fc1</value>
         <object_component_ref idref="oc-92b"/>
      </symbol>
      <symbol id="sm-1236">
         <name>tivaif_interrupt</name>
         <value>0x45ba5</value>
         <object_component_ref idref="oc-b3"/>
      </symbol>
      <symbol id="sm-1237">
         <name>ethzero</name>
         <value>0x3e461</value>
         <object_component_ref idref="oc-527"/>
      </symbol>
      <symbol id="sm-1238">
         <name>lwIPTimer</name>
         <value>0x46c39</value>
         <object_component_ref idref="oc-96"/>
      </symbol>
      <symbol id="sm-1239">
         <name>tcp_update_rcv_ann_wnd</name>
         <value>0x46779</value>
         <object_component_ref idref="oc-a6a"/>
      </symbol>
      <symbol id="sm-123a">
         <name>tcp_new</name>
         <value>0x471fd</value>
         <object_component_ref idref="oc-63d"/>
      </symbol>
      <symbol id="sm-123b">
         <name>ethbroadcast</name>
         <value>0x3e45b</value>
         <object_component_ref idref="oc-4a2"/>
      </symbol>
      <symbol id="sm-123c">
         <name>lwip_init</name>
         <value>0x4707d</value>
         <object_component_ref idref="oc-607"/>
      </symbol>
      <symbol id="sm-123d">
         <name>inet_chksum_pseudo</name>
         <value>0x43a55</value>
         <object_component_ref idref="oc-738"/>
      </symbol>
      <symbol id="sm-123e">
         <name>lwIPEthernetIntHandler</name>
         <value>0x441a9</value>
         <object_component_ref idref="oc-4c"/>
      </symbol>
      <symbol id="sm-123f">
         <name>tcp_sent</name>
         <value>0x47223</value>
         <object_component_ref idref="oc-851"/>
      </symbol>
      <symbol id="sm-1240">
         <name>tcp_tmr</name>
         <value>0x46c79</value>
         <object_component_ref idref="oc-142"/>
      </symbol>
      <symbol id="sm-1241">
         <name>autoip_tmr</name>
         <value>0x42dc5</value>
         <object_component_ref idref="oc-148"/>
      </symbol>
      <symbol id="sm-1242">
         <name>tcp_eff_send_mss</name>
         <value>0x46c59</value>
         <object_component_ref idref="oc-923"/>
      </symbol>
      <symbol id="sm-1243">
         <name>tcp_process_refused_data</name>
         <value>0x44f19</value>
         <object_component_ref idref="oc-4d0"/>
      </symbol>
      <symbol id="sm-1244">
         <name>tcp_listen_with_backlog</name>
         <value>0x43c31</value>
         <object_component_ref idref="oc-64f"/>
      </symbol>
      <symbol id="sm-1245">
         <name>udp_remove</name>
         <value>0x467a9</value>
         <object_component_ref idref="oc-560"/>
      </symbol>
      <symbol id="sm-1246">
         <name>udp_connect</name>
         <value>0x45bf1</value>
         <object_component_ref idref="oc-574"/>
      </symbol>
      <symbol id="sm-1247">
         <name>dhcp_arp_reply</name>
         <value>0x46d97</value>
         <object_component_ref idref="oc-6af"/>
      </symbol>
      <symbol id="sm-1248">
         <name>netif_add</name>
         <value>0x45899</value>
         <object_component_ref idref="oc-613"/>
      </symbol>
      <symbol id="sm-1249">
         <name>tcp_seg_copy</name>
         <value>0x46b11</value>
         <object_component_ref idref="oc-af7"/>
      </symbol>
      <symbol id="sm-124a">
         <name>netif_set_default</name>
         <value>0x47139</value>
         <object_component_ref idref="oc-619"/>
      </symbol>
      <symbol id="sm-124b">
         <name>tcp_accept</name>
         <value>0x4721b</value>
         <object_component_ref idref="oc-65b"/>
      </symbol>
      <symbol id="sm-124c">
         <name>sys_now</name>
         <value>0x4715d</value>
         <object_component_ref idref="oc-979"/>
      </symbol>
      <symbol id="sm-124d">
         <name>ip_route</name>
         <value>0x45b0d</value>
         <object_component_ref idref="oc-80f"/>
      </symbol>
      <symbol id="sm-124e">
         <name>tcp_pcb_remove</name>
         <value>0x4528d</value>
         <object_component_ref idref="oc-8eb"/>
      </symbol>
      <symbol id="sm-124f">
         <name>g_RxDescList</name>
         <value>0x20018050</value>
         <object_component_ref idref="oc-9d8"/>
      </symbol>
      <symbol id="sm-1250">
         <name>g_TxDescList</name>
         <value>0x20018060</value>
         <object_component_ref idref="oc-9d5"/>
      </symbol>
      <symbol id="sm-1251">
         <name>sys_timeout</name>
         <value>0x44e49</value>
         <object_component_ref idref="oc-973"/>
      </symbol>
      <symbol id="sm-1252">
         <name>etharp_tmr</name>
         <value>0x46021</value>
         <object_component_ref idref="oc-13c"/>
      </symbol>
      <symbol id="sm-1253">
         <name>tcp_abort</name>
         <value>0x471eb</value>
         <object_component_ref idref="oc-74d"/>
      </symbol>
      <symbol id="sm-1254">
         <name>mem_trim</name>
         <value>0x42961</value>
         <object_component_ref idref="oc-8c8"/>
      </symbol>
      <symbol id="sm-1255">
         <name>dhcp_renew</name>
         <value>0x44129</value>
         <object_component_ref idref="oc-52c"/>
      </symbol>
      <symbol id="sm-1256">
         <name>tcp_setprio</name>
         <value>0x47227</value>
         <object_component_ref idref="oc-643"/>
      </symbol>
      <symbol id="sm-12c5">
         <name>UARTStdioConfig</name>
         <value>0x45115</value>
         <object_component_ref idref="oc-20a"/>
      </symbol>
      <symbol id="sm-12c6">
         <name>UARTwrite</name>
         <value>0x457f9</value>
         <object_component_ref idref="oc-5ee"/>
      </symbol>
      <symbol id="sm-12c7">
         <name>UARTprintf</name>
         <value>0x46d63</value>
         <object_component_ref idref="oc-210"/>
      </symbol>
      <symbol id="sm-12c8">
         <name>UARTvprintf</name>
         <value>0x40f91</value>
         <object_component_ref idref="oc-3f7"/>
      </symbol>
      <symbol id="sm-131c">
         <name>uvsnprintf</name>
         <value>0x400f1</value>
         <object_component_ref idref="oc-6f2"/>
      </symbol>
      <symbol id="sm-131d">
         <name>ustrncpy</name>
         <value>0x46991</value>
         <object_component_ref idref="oc-908"/>
      </symbol>
      <symbol id="sm-131e">
         <name>usprintf</name>
         <value>0x46c99</value>
         <object_component_ref idref="oc-4ba"/>
      </symbol>
      <symbol id="sm-131f">
         <name>ustrncmp</name>
         <value>0x46471</value>
         <object_component_ref idref="oc-b66"/>
      </symbol>
      <symbol id="sm-13e8">
         <name>EMACConfigSet</name>
         <value>0x46241</value>
         <object_component_ref idref="oc-2b4"/>
      </symbol>
      <symbol id="sm-13e9">
         <name>EMACTxEnable</name>
         <value>0x46ed1</value>
         <object_component_ref idref="oc-9b6"/>
      </symbol>
      <symbol id="sm-13ea">
         <name>EMACRxDMADescriptorListSet</name>
         <value>0x471c1</value>
         <object_component_ref idref="oc-a82"/>
      </symbol>
      <symbol id="sm-13eb">
         <name>EMACPHYConfigSet</name>
         <value>0x453a1</value>
         <object_component_ref idref="oc-403"/>
      </symbol>
      <symbol id="sm-13ec">
         <name>EMACPHYRead</name>
         <value>0x469e5</value>
         <object_component_ref idref="oc-29c"/>
      </symbol>
      <symbol id="sm-13ed">
         <name>EMACTimestampIntStatus</name>
         <value>0x471c7</value>
         <object_component_ref idref="oc-ad"/>
      </symbol>
      <symbol id="sm-13ee">
         <name>EMACRxEnable</name>
         <value>0x46ebb</value>
         <object_component_ref idref="oc-9bc"/>
      </symbol>
      <symbol id="sm-13ef">
         <name>EMACPowerManagementStatusGet</name>
         <value>0x47191</value>
         <object_component_ref idref="oc-a7"/>
      </symbol>
      <symbol id="sm-13f0">
         <name>EMACIntClear</name>
         <value>0x46511</value>
         <object_component_ref idref="oc-9b0"/>
      </symbol>
      <symbol id="sm-13f1">
         <name>EMACConfigGet</name>
         <value>0x464dd</value>
         <object_component_ref idref="oc-2ae"/>
      </symbol>
      <symbol id="sm-13f2">
         <name>EMACIntEnable</name>
         <value>0x46195</value>
         <object_component_ref idref="oc-9c2"/>
      </symbol>
      <symbol id="sm-13f3">
         <name>EMACPHYWrite</name>
         <value>0x46a0b</value>
         <object_component_ref idref="oc-9a4"/>
      </symbol>
      <symbol id="sm-13f4">
         <name>EMACReset</name>
         <value>0x46ea5</value>
         <object_component_ref idref="oc-600"/>
      </symbol>
      <symbol id="sm-13f5">
         <name>EMACFrameFilterSet</name>
         <value>0x4702d</value>
         <object_component_ref idref="oc-9aa"/>
      </symbol>
      <symbol id="sm-13f6">
         <name>EMACTxDMAPollDemand</name>
         <value>0x47199</value>
         <object_component_ref idref="oc-9f0"/>
      </symbol>
      <symbol id="sm-13f7">
         <name>EMACAddrGet</name>
         <value>0x46cb9</value>
         <object_component_ref idref="oc-998"/>
      </symbol>
      <symbol id="sm-13f8">
         <name>EMACTxDMADescriptorListSet</name>
         <value>0x471cd</value>
         <object_component_ref idref="oc-a88"/>
      </symbol>
      <symbol id="sm-13f9">
         <name>EMACIntStatus</name>
         <value>0x46833</value>
         <object_component_ref idref="oc-a1"/>
      </symbol>
      <symbol id="sm-144b">
         <name>GPIOPinConfigure</name>
         <value>0x45a75</value>
         <object_component_ref idref="oc-37c"/>
      </symbol>
      <symbol id="sm-144c">
         <name>GPIOPinTypeGPIOOutput</name>
         <value>0x46d49</value>
         <object_component_ref idref="oc-39a"/>
      </symbol>
      <symbol id="sm-144d">
         <name>GPIODirModeSet</name>
         <value>0x4685f</value>
         <object_component_ref idref="oc-5a6"/>
      </symbol>
      <symbol id="sm-144e">
         <name>GPIOPinWrite</name>
         <value>0x471d3</value>
         <object_component_ref idref="oc-3a0"/>
      </symbol>
      <symbol id="sm-144f">
         <name>GPIOPadConfigSet</name>
         <value>0x41621</value>
         <object_component_ref idref="oc-35c"/>
      </symbol>
      <symbol id="sm-1450">
         <name>GPIOPinTypeSSI</name>
         <value>0x46efd</value>
         <object_component_ref idref="oc-382"/>
      </symbol>
      <symbol id="sm-1451">
         <name>GPIOPinTypeEthernetLED</name>
         <value>0x46ee7</value>
         <object_component_ref idref="oc-362"/>
      </symbol>
      <symbol id="sm-1479">
         <name>IntEnable</name>
         <value>0x44bd9</value>
         <object_component_ref idref="oc-9c8"/>
      </symbol>
      <symbol id="sm-147a">
         <name>IntMasterEnable</name>
         <value>0x4703d</value>
         <object_component_ref idref="oc-9ce"/>
      </symbol>
      <symbol id="sm-14b2">
         <name>SSIDataPut</name>
         <value>0x47169</value>
         <object_component_ref idref="oc-5bf"/>
      </symbol>
      <symbol id="sm-14b3">
         <name>SSIDataGetNonBlocking</name>
         <value>0x46fd5</value>
         <object_component_ref idref="oc-394"/>
      </symbol>
      <symbol id="sm-14b4">
         <name>SSIConfigSetExpClk</name>
         <value>0x4611d</value>
         <object_component_ref idref="oc-388"/>
      </symbol>
      <symbol id="sm-14b5">
         <name>SSIEnable</name>
         <value>0x4717d</value>
         <object_component_ref idref="oc-38e"/>
      </symbol>
      <symbol id="sm-14b6">
         <name>SSIBusy</name>
         <value>0x471a1</value>
         <object_component_ref idref="oc-5c5"/>
      </symbol>
      <symbol id="sm-14b7">
         <name>SSIDisable</name>
         <value>0x47173</value>
         <object_component_ref idref="oc-376"/>
      </symbol>
      <symbol id="sm-1549">
         <name>SysCtlDelay</name>
         <value>0x471df</value>
         <object_component_ref idref="oc-5bd"/>
      </symbol>
      <symbol id="sm-154a">
         <name>SysCtlMOSCConfigSet</name>
         <value>0x470fd</value>
         <object_component_ref idref="oc-1f2"/>
      </symbol>
      <symbol id="sm-154b">
         <name>SysCtlPeripheralEnable</name>
         <value>0x46545</value>
         <object_component_ref idref="oc-36a"/>
      </symbol>
      <symbol id="sm-154c">
         <name>SysCtlPeripheralReady</name>
         <value>0x462b1</value>
         <object_component_ref idref="oc-370"/>
      </symbol>
      <symbol id="sm-154d">
         <name>SysCtlClockFreqSet</name>
         <value>0x409b1</value>
         <object_component_ref idref="oc-1f8"/>
      </symbol>
      <symbol id="sm-154e">
         <name>SysCtlPeripheralReset</name>
         <value>0x457a9</value>
         <object_component_ref idref="oc-5fa"/>
      </symbol>
      <symbol id="sm-1558">
         <name>CPUcpsie</name>
         <value>0x470f1</value>
         <object_component_ref idref="oc-a9c"/>
      </symbol>
      <symbol id="sm-1567">
         <name>__aeabi_memset</name>
         <value>0x44617</value>
         <object_component_ref idref="oc-e7"/>
      </symbol>
      <symbol id="sm-1568">
         <name>memset</name>
         <value>0x4461d</value>
         <object_component_ref idref="oc-e7"/>
      </symbol>
      <symbol id="sm-1569">
         <name>__aeabi_memset8</name>
         <value>0x44617</value>
         <object_component_ref idref="oc-e7"/>
      </symbol>
      <symbol id="sm-156a">
         <name>__aeabi_memset4</name>
         <value>0x44617</value>
         <object_component_ref idref="oc-e7"/>
      </symbol>
      <symbol id="sm-156b">
         <name>__aeabi_memclr8</name>
         <value>0x44615</value>
         <object_component_ref idref="oc-e7"/>
      </symbol>
      <symbol id="sm-156c">
         <name>__aeabi_memclr4</name>
         <value>0x44615</value>
         <object_component_ref idref="oc-e7"/>
      </symbol>
      <symbol id="sm-156d">
         <name>__aeabi_memclr</name>
         <value>0x44615</value>
         <object_component_ref idref="oc-e7"/>
      </symbol>
      <symbol id="sm-1588">
         <name>memcpy</name>
         <value>0x43b93</value>
         <object_component_ref idref="oc-60"/>
      </symbol>
      <symbol id="sm-1589">
         <name>__aeabi_memcpy</name>
         <value>0x43b93</value>
         <object_component_ref idref="oc-60"/>
      </symbol>
      <symbol id="sm-158a">
         <name>__aeabi_memcpy8</name>
         <value>0x43b93</value>
         <object_component_ref idref="oc-60"/>
      </symbol>
      <symbol id="sm-158b">
         <name>__aeabi_memcpy4</name>
         <value>0x43b93</value>
         <object_component_ref idref="oc-60"/>
      </symbol>
      <symbol id="sm-159a">
         <name>__aeabi_uidivmod</name>
         <value>0x46061</value>
         <object_component_ref idref="oc-5f4"/>
      </symbol>
      <symbol id="sm-159b">
         <name>__aeabi_uidiv</name>
         <value>0x46061</value>
         <object_component_ref idref="oc-5f4"/>
      </symbol>
      <symbol id="sm-15ad">
         <name>__TI_zero_init</name>
         <value>0x47115</value>
         <object_component_ref idref="oc-72"/>
      </symbol>
      <symbol id="sm-15c4">
         <name>__TI_decompress_none</name>
         <value>0x470bd</value>
         <object_component_ref idref="oc-1c"/>
      </symbol>
      <symbol id="sm-15e7">
         <name>__TI_decompress_lzss</name>
         <value>0x44c41</value>
         <object_component_ref idref="oc-16"/>
      </symbol>
      <symbol id="sm-15f7">
         <name>memcmp</name>
         <value>0x46ac9</value>
         <object_component_ref idref="oc-48a"/>
      </symbol>
      <symbol id="sm-1607">
         <name>strchr</name>
         <value>0x46f81</value>
         <object_component_ref idref="oc-b19"/>
      </symbol>
      <symbol id="sm-1616">
         <name>strcmp</name>
         <value>0x46e5d</value>
         <object_component_ref idref="oc-b1f"/>
      </symbol>
      <symbol id="sm-1624">
         <name>strlen</name>
         <value>0x46f97</value>
         <object_component_ref idref="oc-6fa"/>
      </symbol>
      <symbol id="sm-1634">
         <name>strncmp</name>
         <value>0x46911</value>
         <object_component_ref idref="oc-ab4"/>
      </symbol>
      <symbol id="sm-1647">
         <name>strstr</name>
         <value>0x46615</value>
         <object_component_ref idref="oc-b37"/>
      </symbol>
      <symbol id="sm-165a">
         <name>__stack</name>
         <value>0x20017c18</value>
         <object_component_ref idref="oc-25"/>
      </symbol>
      <symbol id="sm-165b">
         <name>_c_int00_noargs</name>
         <value>0x46579</value>
         <object_component_ref idref="oc-7e"/>
      </symbol>
      <symbol id="sm-1665">
         <name>__aeabi_idiv0</name>
         <value>0x41a2b</value>
         <object_component_ref idref="oc-7d9"/>
      </symbol>
      <symbol id="sm-1666">
         <name>__aeabi_ldiv0</name>
         <value>0x41a2b</value>
         <object_component_ref idref="oc-7d9"/>
      </symbol>
      <symbol id="sm-168e">
         <name>__TI_auto_init_nobinit_nopinit</name>
         <value>0x45f15</value>
         <object_component_ref idref="oc-242"/>
      </symbol>
      <symbol id="sm-1698">
         <name>_system_pre_init</name>
         <value>0x4720f</value>
         <object_component_ref idref="oc-ed"/>
      </symbol>
      <symbol id="sm-16a4">
         <name>C$$EXIT</name>
         <value>0x47213</value>
         <object_component_ref idref="oc-236"/>
      </symbol>
      <symbol id="sm-16a5">
         <name>abort</name>
         <value>0x47213</value>
         <object_component_ref idref="oc-236"/>
      </symbol>
      <symbol id="sm-16a8">
         <name>__TI_static_base__</name>
         <value>0x0</value>
      </symbol>
      <symbol id="sm-16ab">
         <name>__mpu_init</name>
         <value>0x0</value>
      </symbol>
      <symbol id="sm-16ac">
         <name>_system_post_cinit</name>
         <value>0x0</value>
      </symbol>
   </symbol_table>
   <title>Link successful</title>
</link_info>
