******************************************************************************
                  TI ARM Linker PC v20.2.1                     
******************************************************************************
>> Linked Fri Apr 16 11:13:59 2021

OUTPUT FILE NAME:   <http_post.out>
ENTRY POINT SYMBOL: "_c_int00_noargs"  address: 00046b39


MEMORY CONFIGURATION

         name            origin    length      used     unused   attr    fill
----------------------  --------  ---------  --------  --------  ----  --------
  FLASH                 00000000   00100000  0004789a  000b8766  R  X
  SRAM                  20000000   00040000  000180cd  00027f33  RW X


SEGMENT ALLOCATION MAP

run origin  load origin   length   init length attrs members
----------  ----------- ---------- ----------- ----- -------
00000000    00000000    000478a0   000478a0    r-x
  00000000    00000000    00000200   00000200    r-- .intvecs
  00000200    00000200    0003e4a0   0003e4a0    r-- .const
  0003e6a0    0003e6a0    000091a2   000091a2    r-x .text
  00047848    00047848    00000058   00000058    r-- .cinit
20000000    20000000    000180d4   00000000    rw-
  20000000    20000000    00017c51   00000000    rw- .bss
  20017c58    20017c58    00000400   00000000    rw- .stack
  20018058    20018058    0000007c   00000000    rw- .data


SECTION ALLOCATION MAP

 output                                  attributes/
section   page    origin      length       input sections
--------  ----  ----------  ----------   ----------------
.intvecs   0    00000000    00000200     
                  00000000    00000200     startup_ccs.obj (.intvecs)

.const     0    00000200    0003e4a0     
                  00000200    0001f4c8     io_fs.obj (.const:.string:data_040041_HTWG_Campus_Seerhein_WEB_490x490_jpg)
                  0001f6c8    00016011     io_fs.obj (.const:.string:data__vs_slnx_sqlite)
                  000356d9    000052bd     io_fs.obj (.const:.string:data_HTWG_logo_jpg)
                  0003a996    00002811     io_fs.obj (.const:.string:data__vs_fs_v16__suo)
                  0003d1a7    00000540     CFAF128128B0145T.obj (.const:CFAF128128B0145T__font6x8)
                  0003d6e7    00000001     --HOLE-- [fill = 0]
                  0003d6e8    00000440     httpd.obj (.const:.string)
                  0003db28    000001f9     io_fs.obj (.const:.string:data_about_htm)
                  0003dd21    000001c2     io_fs.obj (.const:.string:data_index_htm)
                  0003dee3    00000001     --HOLE-- [fill = 0]
                  0003dee4    000001b0     driverlib.lib : sysctl.obj (.const:g_pppui32XTALtoVCO)
                  0003e094    00000118     io_fs.obj (.const:.string:data_response_htm)
                  0003e1ac    00000101     rtsv7M4_T_le_v4SPD16_eabi.lib : ctype.c.obj (.const:.string:_ctypes_)
                  0003e2ad    00000003     --HOLE-- [fill = 0]
                  0003e2b0    00000090     driverlib.lib : gpio.obj (.const:g_pui32GPIOBaseAddrs)
                  0003e340    00000088     httpd.obj (.const:g_psHTTPHeaders)
                  0003e3c8    0000006c     driverlib.lib : sysctl.obj (.const:g_pui32Xtals)
                  0003e434    00000069     io_fs.obj (.const:.string:data__vs_VSWorkspaceState_json)
                  0003e49d    00000003     --HOLE-- [fill = 0]
                  0003e4a0    00000068     httpd.obj (.const:g_psHTTPHeaderStrings)
                  0003e508    00000030     driverlib.lib : sysctl.obj (.const:g_sXTALtoMEMTIM)
                  0003e538    00000028     httpd.obj (.const:g_psDefaultFilenames)
                  0003e560    00000014     io_fs.obj (.const:file_040041_HTWG_Campus_Seerhein_WEB_490x490_jpg)
                  0003e574    00000014     io_fs.obj (.const:file_HTWG_logo_jpg)
                  0003e588    00000014     io_fs.obj (.const:file__vs_VSWorkspaceState_json)
                  0003e59c    00000014     io_fs.obj (.const:file__vs_fs_v16__suo)
                  0003e5b0    00000014     io_fs.obj (.const:file__vs_slnx_sqlite)
                  0003e5c4    00000014     io_fs.obj (.const:file_about_htm)
                  0003e5d8    00000014     io_fs.obj (.const:file_index_htm)
                  0003e5ec    00000014     io_fs.obj (.const:file_response_htm)
                  0003e600    00000014     driverlib.lib : interrupt.obj (.const:g_pui32EnRegs)
                  0003e614    00000010     httpd.obj (.const:g_pcSSIExtensions)
                  0003e624    00000010     lwiplib.obj (.const:memp_num)
                  0003e634    00000010     lwiplib.obj (.const:memp_sizes)
                  0003e644    00000010     lwiplib.obj (.const:tcp_pcb_lists)
                  0003e654    0000000d     lwiplib.obj (.const:.string:tcp_backoff)
                  0003e661    00000003     --HOLE-- [fill = 0]
                  0003e664    0000000c     uartstdio.obj (.const:g_ui32UARTBase)
                  0003e670    0000000c     uartstdio.obj (.const:g_ui32UARTPeriph)
                  0003e67c    00000008     driverlib.lib : sysctl.obj (.const:g_pui32VCOFrequencies)
                  0003e684    00000007     lwiplib.obj (.const:.string:tcp_persist_backoff)
                  0003e68b    00000006     lwiplib.obj (.const:ethbroadcast)
                  0003e691    00000006     lwiplib.obj (.const:ethzero)
                  0003e697    00000001     --HOLE-- [fill = 0]
                  0003e698    00000004     lwiplib.obj (.const:ip_addr_any)
                  0003e69c    00000004     lwiplib.obj (.const:ip_addr_broadcast)

.text      0    0003e6a0    000091a2     
                  0003e6a0    0000079c     lwiplib.obj (.text:tcp_receive)
                  0003ee3c    000004aa     httpd.obj (.text:http_send_data)
                  0003f2e6    00000002     startup_ccs.obj (.text:FaultISR)
                  0003f2e8    000003cc     lwiplib.obj (.text:tcp_input)
                  0003f6b4    000003b4     lwiplib.obj (.text:tcp_process)
                  0003fa68    0000030c     CFAF128128B0145T.obj (.text:CFAF128128B0145T_init)
                  0003fd74    000002e4     lwiplib.obj (.text:tcp_write)
                  00040058    000002c8     lwiplib.obj (.text:tcp_slowtmr)
                  00040320    00000251     ustdlib.obj (.text:uvsnprintf)
                  00040571    00000001     --HOLE-- [fill = 0]
                  00040572    00000002     startup_ccs.obj (.text:IntDefaultHandler)
                  00040574    00000238     CFAF128128B0145T.obj (.text:CFAF128128B0145T_text)
                  000407ac    00000228     lwiplib.obj (.text:dhcp_parse_reply)
                  000409d4    0000020c     pinout.obj (.text:PinoutSet)
                  00040be0    00000200     driverlib.lib : sysctl.obj (.text:SysCtlClockFreqSet)
                  00040de0    000001f0     lwiplib.obj (.text:ip_input)
                  00040fd0    000001f0     lwiplib.obj (.text:udp_input)
                  000411c0    000001ee     uartstdio.obj (.text:UARTvprintf)
                  000413ae    00000002     startup_ccs.obj (.text:NmiSR)
                  000413b0    000001a4     lwiplib.obj (.text:icmp_input)
                  00041554    0000018c     lwiplib.obj (.text:tcp_output)
                  000416e0    00000170     enet_io.obj (.text:main)
                  00041850    0000016c     driverlib.lib : gpio.obj (.text:GPIOPadConfigSet)
                  000419bc    00000150     lwiplib.obj (.text:etharp_arp_input)
                  00041b0c    0000014e     CFAF128128B0145T.obj (.text:CFAF128128B0145T_line)
                  00041c5a    00000002     rtsv7M4_T_le_v4SPD16_eabi.lib : div0.asm.obj (.text)
                  00041c5c    00000148     lwiplib.obj (.text:tcp_close_shutdown)
                  00041da4    00000140     lwiplib.obj (.text:tivaif_receive)
                  00041ee4    0000013c     CFAF128128B0145T.obj (.text:CFAF128128B0145T__fastFill)
                  00042020    0000013c     lwiplib.obj (.text:pbuf_alloc)
                  0004215c    0000012c     httpd.obj (.text:http_post_request)
                  00042288    00000124     lwiplib.obj (.text:dhcp_create_msg)
                  000423ac    0000011c     lwiplib.obj (.text:etharp_output)
                  000424c8    00000114     lwiplib.obj (.text:etharp_query)
                  000425dc    00000114     httpd.obj (.text:http_find_file)
                  000426f0    00000114     lwiplib.obj (.text:tcp_listen_input)
                  00042804    0000010a     httpd.obj (.text:http_parse_request)
                  0004290e    00000002     --HOLE-- [fill = 0]
                  00042910    00000100     lwiplib.obj (.text:tivaif_transmit)
                  00042a10    000000f8     lwiplib.obj (.text:mem_malloc)
                  00042b08    000000ec     httpd.obj (.text:get_http_headers)
                  00042bf4    000000ec     lwiplib.obj (.text:lwIPInit)
                  00042ce0    000000e8     lwiplib.obj (.text:ip_output_if)
                  00042dc8    000000e8     lwiplib.obj (.text:mem_trim)
                  00042eb0    000000e8     lwiplib.obj (.text:udp_sendto_if)
                  00042f98    000000e0     lwiplib.obj (.text:etharp_find_entry)
                  00043078    000000dc     lwiplib.obj (.text:etharp_raw)
                  00043154    000000d8     lwiplib.obj (.text:tcp_output_segment)
                  0004322c    000000d4     lwiplib.obj (.text:autoip_tmr)
                  00043300    000000d4     lwiplib.obj (.text:dhcp_select)
                  000433d4    000000d0     httpd.obj (.text:get_tag_insert)
                  000434a4    000000d0     lwiplib.obj (.text:tcp_alloc)
                  00043574    000000cc     lwiplib.obj (.text:dhcp_recv)
                  00043640    000000c8     lwiplib.obj (.text:dhcp_bind)
                  00043708    000000c4     lwiplib.obj (.text:InitDMADescriptors)
                  000437cc    000000c4     lwiplib.obj (.text:dhcp_discover)
                  00043890    000000bc     lwiplib.obj (.text:tivaif_hwinit)
                  0004394c    000000b8     lwiplib.obj (.text:tcp_create_segment)
                  00043a04    000000b4     enet_io.obj (.text:lwIPHostTimerHandler)
                  00043ab8    000000b0     lwiplib.obj (.text:lwIPServiceTimers)
                  00043b68    000000ac     lwiplib.obj (.text:ethernet_input)
                  00043c14    000000ac     lwiplib.obj (.text:tcp_enqueue_flags)
                  00043cc0    000000ac     lwiplib.obj (.text:tcp_zero_window_probe)
                  00043d6c    000000a8     lwiplib.obj (.text:dhcp_release)
                  00043e14    000000a8     lwiplib.obj (.text:dhcp_start)
                  00043ebc    000000a4     enet_io.obj (.text:httpd_post_receive_data)
                  00043f60    000000a0     lwiplib.obj (.text:inet_chksum_pseudo)
                  00044000    0000009c     rtsv7M4_T_le_v4SPD16_eabi.lib : memcpy_t2.asm.obj (.text)
                  0004409c    0000009c     lwiplib.obj (.text:tcp_listen_with_backlog)
                  00044138    00000098     lwiplib.obj (.text:dhcp_reboot)
                  000441d0    00000092     lwiplib.obj (.text:pbuf_copy)
                  00044262    00000002     --HOLE-- [fill = 0]
                  00044264    00000090     lwiplib.obj (.text:tcp_abandon)
                  000442f4    00000090     lwiplib.obj (.text:tcp_rst)
                  00044384    0000008a     httpd.obj (.text:http_recv)
                  0004440e    00000002     --HOLE-- [fill = 0]
                  00044410    00000088     locator.obj (.text:LocatorReceive)
                  00044498    00000084     lwiplib.obj (.text:lwIPLinkDetect)
                  0004451c    00000084     lwiplib.obj (.text:tcp_timewait_input)
                  000445a0    00000080     lwiplib.obj (.text:dhcp_rebind)
                  00044620    00000080     lwiplib.obj (.text:dhcp_renew)
                  000446a0    00000080     lwiplib.obj (.text:lwIPEthernetIntHandler)
                  00044720    00000080     lwiplib.obj (.text:lwIPPrivateInit)
                  000447a0    00000080     lwiplib.obj (.text:tcp_bind)
                  00044820    0000007e     lwiplib.obj (.text:autoip_arp_reply)
                  0004489e    00000002     --HOLE-- [fill = 0]
                  000448a0    0000007c     lwiplib.obj (.text:dhcp_handle_ack)
                  0004491c    0000007c     lwiplib.obj (.text:dhcp_timeout)
                  00044998    0000007c     lwiplib.obj (.text:tcp_oos_insert_segment)
                  00044a14    0000007c     lwiplib.obj (.text:tcp_parseopt)
                  00044a90    0000007c     lwiplib.obj (.text:tivaif_process_phy_interrupt)
                  00044b0c    0000007a     rtsv7M4_T_le_v4SPD16_eabi.lib : memset_t2.asm.obj (.text)
                  00044b86    00000002     --HOLE-- [fill = 0]
                  00044b88    00000079     httpd.obj (.text:http_init_file)
                  00044c01    00000003     --HOLE-- [fill = 0]
                  00044c04    00000074     CFAF128128B0145T.obj (.text:CFAF128128B0145T__setWindow)
                  00044c78    00000074     lwiplib.obj (.text:etharp_update_arp_entry)
                  00044cec    00000074     lwiplib.obj (.text:raw_input)
                  00044d60    00000072     httpd.obj (.text:extract_uri_parameters)
                  00044dd2    00000002     --HOLE-- [fill = 0]
                  00044dd4    00000070     enet_io.obj (.text:DisplayIPAddress)
                  00044e44    00000070     lwiplib.obj (.text:mem_free)
                  00044eb4    00000070     lwiplib.obj (.text:tcp_fasttmr)
                  00044f24    0000006c     CFAF128128B0145T.obj (.text:CFAF128128B0145T__writeData88)
                  00044f90    0000006c     httpd.obj (.text:http_close_conn)
                  00044ffc    0000006c     lwiplib.obj (.text:icmp_send_response)
                  00045068    0000006c     lwiplib.obj (.text:memp_init)
                  000450d4    00000068     CFAF128128B0145T.obj (.text:CFAF128128B0145T__writeData16)
                  0004513c    00000068     driverlib.lib : interrupt.obj (.text:IntEnable)
                  000451a4    00000068     rtsv7M4_T_le_v4SPD16_eabi.lib : copy_decompress_lzss.c.obj (.text:decompress:lzss:__TI_decompress_lzss)
                  0004520c    00000068     lwiplib.obj (.text:dhcp_decline)
                  00045274    00000068     lwiplib.obj (.text:lwip_standard_chksum)
                  000452dc    00000068     lwiplib.obj (.text:netif_set_ipaddr)
                  00045344    00000068     lwiplib.obj (.text:sys_timeout)
                  000453ac    00000068     lwiplib.obj (.text:tcp_output_alloc_header)
                  00045414    00000068     lwiplib.obj (.text:tcp_process_refused_data)
                  0004547c    00000068     lwiplib.obj (.text:udp_bind)
                  000454e4    00000066     lwiplib.obj (.text:pbuf_copy_partial)
                  0004554a    00000064     lwiplib.obj (.text:pbuf_header)
                  000455ae    00000002     --HOLE-- [fill = 0]
                  000455b0    00000060     CFAF128128B0145T.obj (.text:CFAF128128B0145T_rectangle)
                  00045610    00000060     uartstdio.obj (.text:UARTStdioConfig)
                  00045670    00000060     lwiplib.obj (.text:plug_holes)
                  000456d0    0000005c     lwiplib.obj (.text:mem_init)
                  0004572c    0000005c     lwiplib.obj (.text:tcp_keepalive)
                  00045788    0000005c     lwiplib.obj (.text:tcp_pcb_remove)
                  000457e4    0000005c     lwiplib.obj (.text:tcp_send_empty_ack)
                  00045840    0000005a     enet_io.obj (.text:httpd_post_finished)
                  0004589a    0000005a     lwiplib.obj (.text:pbuf_realloc)
                  000458f4    00000058     driverlib.lib : emac.obj (.text:EMACPHYConfigSet)
                  0004594c    00000058     lwiplib.obj (.text:autoip_create_addr)
                  000459a4    00000058     lwiplib.obj (.text:autoip_start)
                  000459fc    00000058     httpd.obj (.text:http_accept)
                  00045a54    00000058     lwiplib.obj (.text:memp_malloc)
                  00045aac    00000058     lwiplib.obj (.text:tcp_new_port)
                  00045b04    00000056     lwiplib.obj (.text:tcp_rexmit)
                  00045b5a    00000002     --HOLE-- [fill = 0]
                  00045b5c    00000054     CFAF128128B0145T.obj (.text:CFAF128128B0145T__writeCommand)
                  00045bb0    00000054     CFAF128128B0145T.obj (.text:CFAF128128B0145T__writeData)
                  00045c04    00000054     locator.obj (.text:LocatorInit)
                  00045c58    00000052     lwiplib.obj (.text:tcp_pbuf_prealloc)
                  00045caa    00000052     lwiplib.obj (.text:tivaif_process_transmit)
                  00045cfc    00000050     driverlib.lib : sysctl.obj (.text:SysCtlPeripheralReset)
                  00045d4c    00000050     uartstdio.obj (.text:UARTwrite)
                  00045d9c    00000050     lwiplib.obj (.text:netif_add)
                  00045dec    00000050     lwiplib.obj (.text:sys_timeouts_init)
                  00045e3c    00000050     lwiplib.obj (.text:tcp_write_checks)
                  00045e8c    0000004e     lwiplib.obj (.text:autoip_start_probing)
                  00045eda    0000004e     lwiplib.obj (.text:inet_chksum_pbuf)
                  00045f28    0000004e     lwiplib.obj (.text:pbuf_free)
                  00045f76    00000002     --HOLE-- [fill = 0]
                  00045f78    0000004c     driverlib.lib : gpio.obj (.text:GPIOPinConfigure)
                  00045fc4    0000004c     rtsv7M4_T_le_v4SPD16_eabi.lib : atoi.c.obj (.text:atoi)
                  00046010    0000004c     io_fs.obj (.text:fs_open)
                  0004605c    0000004c     lwiplib.obj (.text:ip_route)
                  000460a8    0000004c     httpd.obj (.text:strnstr)
                  000460f4    0000004c     lwiplib.obj (.text:tivaif_interrupt)
                  00046140    0000004c     lwiplib.obj (.text:udp_connect)
                  0004618c    0000004c     lwiplib.obj (.text:udp_new_port)
                  000461d8    0000004b     httpd.obj (.text:http_get_404_file)
                  00046223    00000001     --HOLE-- [fill = 0]
                  00046224    00000048     driverlib.lib : sysctl.obj (.text:_SysCtlFrequencyGet)
                  0004626c    00000048     lwiplib.obj (.text:etharp_output_to_arp_index)
                  000462b4    00000048     httpd.obj (.text:http_write)
                  000462fc    00000048     lwiplib.obj (.text:ip_output)
                  00046344    00000048     lwiplib.obj (.text:tcp_kill_prio)
                  0004638c    00000048     lwiplib.obj (.text:tcp_rexmit_fast)
                  000463d4    00000048     lwiplib.obj (.text:tivaif_check_pbuf)
                  0004641c    00000046     lwiplib.obj (.text:tcp_send_fin)
                  00046462    00000002     --HOLE-- [fill = 0]
                  00046464    00000044     rtsv7M4_T_le_v4SPD16_eabi.lib : autoinit.c.obj (.text:__TI_auto_init_nobinit_nopinit:__TI_auto_init_nobinit_nopinit)
                  000464a8    00000042     lwiplib.obj (.text:dhcp_network_changed)
                  000464ea    00000042     lwiplib.obj (.text:dhcp_option_long)
                  0004652c    00000042     lwiplib.obj (.text:tcp_pcb_purge)
                  0004656e    00000002     --HOLE-- [fill = 0]
                  00046570    00000040     lwiplib.obj (.text:etharp_tmr)
                  000465b0    00000040     rtsv7M4_T_le_v4SPD16_eabi.lib : u_divt2.asm.obj (.text)
                  000465f0    0000003e     lwiplib.obj (.text:netif_set_link_up)
                  0004662e    00000002     --HOLE-- [fill = 0]
                  00046630    0000003c     CFAF128128B0145T.obj (.text:CFAF128128B0145T_clear)
                  0004666c    0000003c     driverlib.lib : ssi.obj (.text:SSIConfigSetExpClk)
                  000466a8    0000003c     lwiplib.obj (.text:dhcp_coarse_tmr)
                  000466e4    0000003c     enet_io.obj (.text:httpd_post_begin)
                  00046720    0000003a     driverlib.lib : emac.obj (.text:EMACIntEnable)
                  0004675a    0000003a     io_fs.obj (.text:fs_read)
                  00046794    00000038     CFAF128128B0145T.obj (.text:CFAF128128B0145T_setOrientation)
                  000467cc    00000038     driverlib.lib : emac.obj (.text:EMACConfigSet)
                  00046804    00000038     locator.obj (.text:LocatorAppTitleSet)
                  0004683c    00000038     driverlib.lib : sysctl.obj (.text:SysCtlPeripheralReady)
                  00046874    00000038     lwiplib.obj (.text:dhcp_fine_tmr)
                  000468ac    00000038     lwiplib.obj (.text:dhcp_handle_nak)
                  000468e4    00000038     lwiplib.obj (.text:dhcp_stop)
                  0004691c    00000038     httpd.obj (.text:httpd_init_addr)
                  00046954    00000038     lwiplib.obj (.text:memp_free)
                  0004698c    00000038     lwiplib.obj (.text:tcpip_tcp_timer)
                  000469c4    00000038     lwiplib.obj (.text:udp_sendto)
                  000469fc    00000036     rtsv7M4_T_le_v4SPD16_eabi.lib : strncpy.c.obj (.text:strncpy)
                  00046a32    00000036     ustdlib.obj (.text:ustrncmp)
                  00046a68    00000034     enet_io.obj (.text:AnimTimerIntHandler)
                  00046a9c    00000034     driverlib.lib : emac.obj (.text:EMACConfigGet)
                  00046ad0    00000034                   : emac.obj (.text:EMACIntClear)
                  00046b04    00000034                   : sysctl.obj (.text:SysCtlPeripheralEnable)
                  00046b38    00000034     rtsv7M4_T_le_v4SPD16_eabi.lib : boot_cortex_m.c.obj (.text:_c_int00_noargs:_c_int00_noargs)
                  00046b6c    00000034     lwiplib.obj (.text:autoip_arp_probe)
                  00046ba0    00000034     httpd.obj (.text:http_poll)
                  00046bd4    00000034     rtsv7M4_T_le_v4SPD16_eabi.lib : strstr.c.obj (.text:strstr)
                  00046c08    00000034     lwiplib.obj (.text:tcp_kill_timewait)
                  00046c3c    00000034     lwiplib.obj (.text:tcp_timer_needed)
                  00046c70    00000034     lwiplib.obj (.text:tivaif_init)
                  00046ca4    00000032     httpd.obj (.text:http_post_rxpbuf)
                  00046cd6    00000032     lwiplib.obj (.text:ip4_addr_isbroadcast)
                  00046d08    00000032     lwiplib.obj (.text:tcp_recved)
                  00046d3a    00000030     lwiplib.obj (.text:dhcp_option_trailer)
                  00046d6a    00000030     lwiplib.obj (.text:tcp_update_rcv_ann_wnd)
                  00046d9a    00000002     --HOLE-- [fill = 0]
                  00046d9c    00000030     lwiplib.obj (.text:udp_remove)
                  00046dcc    0000002e     lwiplib.obj (.text:tcp_rexmit_rto)
                  00046dfa    0000002c     CFAF128128B0145T.obj (.text:CFAF128128B0145T_point)
                  00046e26    0000002c     driverlib.lib : emac.obj (.text:EMACIntStatus)
                  00046e52    0000002c                   : gpio.obj (.text:GPIODirModeSet)
                  00046e7e    00000002     --HOLE-- [fill = 0]
                  00046e80    0000002c     lwiplib.obj (.text:autoip_arp_announce)
                  00046eac    0000002c     lwiplib.obj (.text:dhcp_handle_offer)
                  00046ed8    0000002c     lwiplib.obj (.text:etharp_request)
                  00046f04    0000002c     rtsv7M4_T_le_v4SPD16_eabi.lib : strncmp.c.obj (.text:strncmp)
                  00046f30    0000002a     lwiplib.obj (.text:autoip_bind)
                  00046f5a    0000002a     lwiplib.obj (.text:pbuf_cat)
                  00046f84    0000002a     ustdlib.obj (.text:ustrncpy)
                  00046fae    00000002     --HOLE-- [fill = 0]
                  00046fb0    00000028     lwiplib.obj (.text:etharp_cleanup_netif)
                  00046fd8    00000026     driverlib.lib : emac.obj (.text:EMACPHYRead)
                  00046ffe    00000026                   : emac.obj (.text:EMACPHYWrite)
                  00047024    00000026     lwiplib.obj (.text:dhcp_check)
                  0004704a    00000026     httpd.obj (.text:http_state_free)
                  00047070    00000026     lwiplib.obj (.text:tcp_recv_null)
                  00047096    00000002     --HOLE-- [fill = 0]
                  00047098    00000024     lwiplib.obj (.text:etharp_free_entry)
                  000470bc    00000024     httpd.obj (.text:http_handle_post_finished)
                  000470e0    00000024     rtsv7M4_T_le_v4SPD16_eabi.lib : memcmp.c.obj (.text:memcmp)
                  00047104    00000024     lwiplib.obj (.text:netif_set_up)
                  00047128    00000024     lwiplib.obj (.text:tcp_seg_copy)
                  0004714c    00000022     lwiplib.obj (.text:dhcp_option_short)
                  0004716e    00000022     httpd.obj (.text:http_state_alloc)
                  00047190    00000020     CFAF128128B0145T.obj (.text:CFAF128128B0145T__writeData8888)
                  000471b0    00000020     locator.obj (.text:LocatorMACAddrSet)
                  000471d0    00000020     driverlib.lib : sysctl.obj (.text:_SysCtlMemTimingGet)
                  000471f0    00000020     lwiplib.obj (.text:autoip_handle_arp_conflict)
                  00047210    00000020     lwiplib.obj (.text:dhcp_option)
                  00047230    00000020     lwiplib.obj (.text:etharp_send_ip)
                  00047250    00000020     lwiplib.obj (.text:lwIPTimer)
                  00047270    00000020     lwiplib.obj (.text:tcp_eff_send_mss)
                  00047290    00000020     lwiplib.obj (.text:tcp_tmr)
                  000472b0    00000020     ustdlib.obj (.text:usprintf)
                  000472d0    0000001e     driverlib.lib : emac.obj (.text:EMACAddrGet)
                  000472ee    0000001e     lwiplib.obj (.text:netif_set_down)
                  0004730c    0000001c     lwiplib.obj (.text:lwIPLocalIPAddrGet)
                  00047328    0000001c     lwiplib.obj (.text:netif_set_addr)
                  00047344    0000001c     lwiplib.obj (.text:udp_new)
                  00047360    0000001a     driverlib.lib : gpio.obj (.text:GPIOPinTypeGPIOOutput)
                  0004737a    0000001a     uartstdio.obj (.text:UARTprintf)
                  00047394    0000001a     lwiplib.obj (.text:autoip_network_changed)
                  000473ae    0000001a     lwiplib.obj (.text:dhcp_arp_reply)
                  000473c8    0000001a     lwiplib.obj (.text:lwip_htonl)
                  000473e2    00000002     --HOLE-- [fill = 0]
                  000473e4    00000018     CFAF128128B0145T.obj (.text:CFAF128128B0145T__delay)
                  000473fc    00000018     lwiplib.obj (.text:arp_timer)
                  00047414    00000018     lwiplib.obj (.text:autoip_timer)
                  0004742c    00000018     lwiplib.obj (.text:dhcp_timer_coarse)
                  00047444    00000018     lwiplib.obj (.text:dhcp_timer_fine)
                  0004745c    00000018     lwiplib.obj (.text:pbuf_pool_is_empty)
                  00047474    00000018     rtsv7M4_T_le_v4SPD16_eabi.lib : strcmp.c.obj (.text:strcmp)
                  0004748c    00000018     lwiplib.obj (.text:tcp_next_iss)
                  000474a4    00000018     lwiplib.obj (.text:tcp_seg_free)
                  000474bc    00000016     driverlib.lib : emac.obj (.text:EMACReset)
                  000474d2    00000016                   : emac.obj (.text:EMACRxEnable)
                  000474e8    00000016                   : emac.obj (.text:EMACTxEnable)
                  000474fe    00000016                   : gpio.obj (.text:GPIOPinTypeEthernetLED)
                  00047514    00000016                   : gpio.obj (.text:GPIOPinTypeSSI)
                  0004752a    00000016     lwiplib.obj (.text:dhcp_delete_msg)
                  00047540    00000016     lwiplib.obj (.text:dhcp_t1_timeout)
                  00047556    00000016     lwiplib.obj (.text:dhcp_t2_timeout)
                  0004756c    00000016     httpd.obj (.text:http_sent)
                  00047582    00000016     lwiplib.obj (.text:pbuf_ref)
                  00047598    00000016     rtsv7M4_T_le_v4SPD16_eabi.lib : strchr.c.obj (.text:strchr)
                  000475ae    00000014                                   : strlen.c.obj (.text:strlen)
                  000475c2    00000002     --HOLE-- [fill = 0]
                  000475c4    00000014     lwiplib.obj (.text:sys_arch_unprotect)
                  000475d8    00000014     lwiplib.obj (.text:tcp_close)
                  000475ec    00000012     driverlib.lib : ssi.obj (.text:SSIDataGetNonBlocking)
                  000475fe    00000012     lwiplib.obj (.text:dhcp_option_byte)
                  00047610    00000012     lwiplib.obj (.text:netif_set_link_down)
                  00047622    00000012     lwiplib.obj (.text:pbuf_clen)
                  00047634    00000010     CFAF128128B0145T.obj (.text:CFAF128128B0145T__writeRegister)
                  00047644    00000010     driverlib.lib : emac.obj (.text:EMACFrameFilterSet)
                  00047654    00000010                   : interrupt.obj (.text:IntMasterEnable)
                  00047664    00000010     lwiplib.obj (.text:autoip_stop)
                  00047674    00000010     lwiplib.obj (.text:dhcp_set_state)
                  00047684    00000010     lwiplib.obj (.text:inet_chksum)
                  00047694    00000010     lwiplib.obj (.text:lwip_init)
                  000476a4    00000010     lwiplib.obj (.text:pbuf_chain)
                  000476b4    00000010     lwiplib.obj (.text:sys_arch_protect)
                  000476c4    00000010     lwiplib.obj (.text:tcp_segs_free)
                  000476d4    0000000e     rtsv7M4_T_le_v4SPD16_eabi.lib : copy_decompress_none.c.obj (.text:decompress:none:__TI_decompress_none)
                  000476e2    0000000c     CFAF128128B0145T.obj (.text:CFAF128128B0145T__swapINT16)
                  000476ee    00000002     --HOLE-- [fill = 0]
                  000476f0    0000000c     CFAF128128B0145T.obj (.text:CFAF128128B0145T_setFontSolid)
                  000476fc    0000000c     CFAF128128B0145T.obj (.text:CFAF128128B0145T_setPenSolid)
                  00047708    0000000c     driverlib.lib : cpu.obj (.text:CPUcpsie)
                  00047714    0000000c                   : sysctl.obj (.text:SysCtlMOSCConfigSet)
                  00047720    0000000c     lwiplib.obj (.text:autoip_restart)
                  0004772c    0000000c     rtsv7M4_T_le_v4SPD16_eabi.lib : copy_zero_init.c.obj (.text:decompress:ZI:__TI_zero_init)
                  00047738    0000000c     httpd.obj (.text:httpd_init)
                  00047744    0000000c     lwiplib.obj (.text:lwip_htons)
                  00047750    0000000c     lwiplib.obj (.text:netif_set_default)
                  0004775c    0000000c     lwiplib.obj (.text:netif_set_gw)
                  00047768    0000000c     lwiplib.obj (.text:netif_set_netmask)
                  00047774    0000000c     lwiplib.obj (.text:sys_now)
                  00047780    0000000a     driverlib.lib : ssi.obj (.text:SSIDataPut)
                  0004778a    0000000a                   : ssi.obj (.text:SSIDisable)
                  00047794    0000000a                   : ssi.obj (.text:SSIEnable)
                  0004779e    0000000a     lwiplib.obj (.text:tcp_poll)
                  000477a8    00000008     driverlib.lib : emac.obj (.text:EMACPowerManagementStatusGet)
                  000477b0    00000008                   : emac.obj (.text:EMACTxDMAPollDemand)
                  000477b8    00000008                   : ssi.obj (.text:SSIBusy)
                  000477c0    00000008     io_fs.obj (.text:fs_bytes_left)
                  000477c8    00000008     httpd.obj (.text:http_err)
                  000477d0    00000008     lwiplib.obj (.text:icmp_dest_unreach)
                  000477d8    00000006     driverlib.lib : emac.obj (.text:EMACRxDMADescriptorListSet)
                  000477de    00000006                   : emac.obj (.text:EMACTimestampIntStatus)
                  000477e4    00000006                   : emac.obj (.text:EMACTxDMADescriptorListSet)
                  000477ea    00000006                   : gpio.obj (.text:GPIOPinWrite)
                  000477f0    00000006     startup_ccs.obj (.text:ResetISR)
                  000477f6    00000006     driverlib.lib : sysctl.obj (.text:SysCtlDelay)
                  000477fc    00000006     enet_io.obj (.text:SysTickIntHandler)
                  00047802    00000006     lwiplib.obj (.text:tcp_abort)
                  00047808    00000006     lwiplib.obj (.text:tcp_accept_null)
                  0004780e    00000006     lwiplib.obj (.text:tcp_err)
                  00047814    00000006     lwiplib.obj (.text:tcp_new)
                  0004781a    00000006     lwiplib.obj (.text:tcp_recv)
                  00047820    00000006     lwiplib.obj (.text:udp_recv)
                  00047826    00000004     rtsv7M4_T_le_v4SPD16_eabi.lib : pre_init.c.obj (.text:_system_pre_init)
                  0004782a    00000004                                   : exit.c.obj (.text:abort:abort)
                  0004782e    00000004     io_fs.obj (.text:fs_close)
                  00047832    00000004     lwiplib.obj (.text:tcp_accept)
                  00047836    00000004     lwiplib.obj (.text:tcp_arg)
                  0004783a    00000004     lwiplib.obj (.text:tcp_sent)
                  0004783e    00000004     lwiplib.obj (.text:tcp_setprio)

.cinit     0    00047848    00000058     
                  00047848    00000030     (.cinit..data.load) [load image, compression = lzss]
                  00047878    0000000c     (__TI_handler_table)
                  00047884    00000004     --HOLE-- [fill = 0]
                  00047888    00000008     (.cinit..bss.load) [load image, compression = zero_init]
                  00047890    00000010     (__TI_cinit_table)

.init_array 
*          0    00000000    00000000     UNINITIALIZED

.bss       0    20000000    00017c51     UNINITIALIZED
                  20000000    0001001c     (.common:ram_heap)
                  2001001c    000073d4     lwiplib.obj (.bss:memp_memory)
                  200173f0    00000360     (.common:g_pTxDescriptors)
                  20017750    00000120     (.common:g_pRxDescriptors)
                  20017870    00000120     (.common:lwip_stats)
                  20017990    000000c8     lwiplib.obj (.bss:arp_table)
                  20017a58    00000054     locator.obj (.bss:g_pui8LocatorData)
                  20017aac    00000050     lwiplib.obj (.bss)
                  20017afc    00000040     httpd.obj (.bss:http_post_response_filename)
                  20017b3c    00000038     lwiplib.obj (.bss:g_sNetIF)
                  20017b74    00000028     (.common:dhcp_rx_options_val)
                  20017b9c    00000020     lwiplib.obj (.bss:memp_tab)
                  20017bbc    00000010     lwiplib.obj (.bss:inseg)
                  20017bcc    0000000c     (.common:dhcp_rx_options_given)
                  20017bd8    00000004     enet_io.obj (.bss)
                  20017bdc    00000004     (.common:CFAF128128B0145T__csPort)
                  20017be0    00000004     (.common:CFAF128128B0145T__rsPort)
                  20017be4    00000004     (.common:CFAF128128B0145T__rstPort)
                  20017be8    00000004     (.common:CFAF128128B0145T__spiClock)
                  20017bec    00000004     (.common:CFAF128128B0145T__spiDevice)
                  20017bf0    00000004     (.common:CFAF128128B0145T__sysClock)
                  20017bf4    00000004     (.common:current_header)
                  20017bf8    00000004     (.common:current_iphdr_dest)
                  20017bfc    00000004     (.common:current_iphdr_src)
                  20017c00    00000004     (.common:current_netif)
                  20017c04    00000004     (.common:g_iNumCGIs)
                  20017c08    00000004     (.common:g_pCGIs)
                  20017c0c    00000004     (.common:g_pfnTimerHandler)
                  20017c10    00000004     (.common:g_ui32AbnormalInts)
                  20017c14    00000004     (.common:g_ui32IPAddress)
                  20017c18    00000004     (.common:g_ui32NormalInts)
                  20017c1c    00000004     (.common:g_ui32SysClock)
                  20017c20    00000004     (.common:netif_default)
                  20017c24    00000004     (.common:netif_list)
                  20017c28    00000004     (.common:tcp_active_pcbs)
                  20017c2c    00000004     (.common:tcp_bound_pcbs)
                  20017c30    00000004     (.common:tcp_input_pcb)
                  20017c34    00000004     (.common:tcp_listen_pcbs)
                  20017c38    00000004     (.common:tcp_ticks)
                  20017c3c    00000004     (.common:tcp_tmp_pcb)
                  20017c40    00000004     (.common:tcp_tw_pcbs)
                  20017c44    00000004     (.common:udp_pcbs)
                  20017c48    00000001     (.common:CFAF128128B0145T__boosterPack)
                  20017c49    00000001     (.common:CFAF128128B0145T__csPin)
                  20017c4a    00000001     (.common:CFAF128128B0145T__fontSolid)
                  20017c4b    00000001     (.common:CFAF128128B0145T__orientation)
                  20017c4c    00000001     (.common:CFAF128128B0145T__penSolid)
                  20017c4d    00000001     (.common:CFAF128128B0145T__rsPin)
                  20017c4e    00000001     (.common:CFAF128128B0145T__rstPin)
                  20017c4f    00000001     (.common:pbuf_free_ooseq_pending)
                  20017c50    00000001     (.common:tcp_active_pcbs_changed)

.data      0    20018058    0000007c     UNINITIALIZED
                  20018058    00000038     lwiplib.obj (.data)
                  20018090    00000010     lwiplib.obj (.data:g_RxDescList)
                  200180a0    00000010     lwiplib.obj (.data:g_TxDescList)
                  200180b0    0000000c     lwiplib.obj (.data:g_StellarisIFData)
                  200180bc    0000000c     httpd.obj (.data)
                  200180c8    00000005     uartstdio.obj (.data)
                  200180cd    00000003     --HOLE--
                  200180d0    00000004     enet_io.obj (.data)

.stack     0    20017c58    00000400     UNINITIALIZED
                  20017c58    00000004     rtsv7M4_T_le_v4SPD16_eabi.lib : boot_cortex_m.c.obj (.stack)
                  20017c5c    000003fc     --HOLE--

__llvm_prf_cnts 
*          0    20000000    00000000     UNINITIALIZED

.binit     0    00000000    00000000     

MODULE SUMMARY

       Module                       code    ro data   rw data
       ------                       ----    -------   -------
    .\
       io_fs.obj                    146     251267    0      
       enet_io.obj                  1032    0         16     
       startup_ccs.obj              12      512       0      
    +--+----------------------------+-------+---------+---------+
       Total:                       1190    251779    16     
                                                             
    .\CFAF128128B0145T\
       CFAF128128B0145T.obj         2858    1344      31     
    +--+----------------------------+-------+---------+---------+
       Total:                       2858    1344      31     
                                                             
    .\drivers\
       pinout.obj                   524     0         0      
    +--+----------------------------+-------+---------+---------+
       Total:                       524     0         0      
                                                             
    .\third_party\lwip-1.4.1\apps\httpserver_raw\
       httpd.obj                    3580    1384      84     
    +--+----------------------------+-------+---------+---------+
       Total:                       3580    1384      84     
                                                             
    .\utils\
       lwiplib.obj                  24230   88        97262  
       uartstdio.obj                696     24        5      
       ustdlib.obj                  721     0         0      
       locator.obj                  308     0         84     
    +--+----------------------------+-------+---------+---------+
       Total:                       25955   112       97351  
                                                             
    C:/Tools/TexasInstruments/TivaWare_C_Series-2.2.0.295/driverlib/ccs/Debug/driverlib.lib
       sysctl.obj                   822     596       0      
       gpio.obj                     560     144       0      
       emac.obj                     572     0         0      
       interrupt.obj                120     20        0      
       ssi.obj                      116     0         0      
       cpu.obj                      12      0         0      
    +--+----------------------------+-------+---------+---------+
       Total:                       2202    760       0      
                                                             
    C:\Tools\TexasInstruments\ccs1010\ccs\tools\compiler\ti-cgt-arm_20.2.1.LTS\lib\rtsv7M4_T_le_v4SPD16_eabi.lib
       ctype.c.obj                  0       257       0      
       memcpy_t2.asm.obj            156     0         0      
       memset_t2.asm.obj            122     0         0      
       copy_decompress_lzss.c.obj   104     0         0      
       atoi.c.obj                   76      0         0      
       autoinit.c.obj               68      0         0      
       u_divt2.asm.obj              64      0         0      
       strncpy.c.obj                54      0         0      
       boot_cortex_m.c.obj          52      0         0      
       strstr.c.obj                 52      0         0      
       strncmp.c.obj                44      0         0      
       memcmp.c.obj                 36      0         0      
       strcmp.c.obj                 24      0         0      
       strchr.c.obj                 22      0         0      
       strlen.c.obj                 20      0         0      
       copy_decompress_none.c.obj   14      0         0      
       copy_zero_init.c.obj         12      0         0      
       exit.c.obj                   4       0         0      
       pre_init.c.obj               4       0         0      
       div0.asm.obj                 2       0         0      
    +--+----------------------------+-------+---------+---------+
       Total:                       930     257       0      
                                                             
       Stack:                       0       0         1024   
       Linker Generated:            0       84        0      
    +--+----------------------------+-------+---------+---------+
       Grand Total:                 37239   255720    98506  


LINKER GENERATED COPY TABLES

__TI_cinit_table @ 00047890 records: 2, size/record: 8, table size: 16
	.data: load addr=00047848, load size=00000030 bytes, run addr=20018058, run size=0000007c bytes, compression=lzss
	.bss: load addr=00047888, load size=00000008 bytes, run addr=20000000, run size=00017c51 bytes, compression=zero_init


LINKER GENERATED HANDLER TABLE

__TI_handler_table @ 00047878 records: 3, size/record: 4, table size: 12
	index: 0, handler: __TI_decompress_lzss
	index: 1, handler: __TI_decompress_none
	index: 2, handler: __TI_zero_init


GLOBAL SYMBOLS: SORTED ALPHABETICALLY BY Name 

address   name                                            
-------   ----                                            
00046a69  AnimTimerIntHandler                             
0004782b  C$$EXIT                                         
20017c48  CFAF128128B0145T__boosterPack                   
20017c49  CFAF128128B0145T__csPin                         
20017bdc  CFAF128128B0145T__csPort                        
000473e5  CFAF128128B0145T__delay                         
00041ee5  CFAF128128B0145T__fastFill                      
20017c4a  CFAF128128B0145T__fontSolid                     
20017c4b  CFAF128128B0145T__orientation                   
20017c4c  CFAF128128B0145T__penSolid                      
20017c4d  CFAF128128B0145T__rsPin                         
20017be0  CFAF128128B0145T__rsPort                        
20017c4e  CFAF128128B0145T__rstPin                        
20017be4  CFAF128128B0145T__rstPort                       
00044c05  CFAF128128B0145T__setWindow                     
20017be8  CFAF128128B0145T__spiClock                      
20017bec  CFAF128128B0145T__spiDevice                     
000476e3  CFAF128128B0145T__swapINT16                     
20017bf0  CFAF128128B0145T__sysClock                      
00045b5d  CFAF128128B0145T__writeCommand                  
00045bb1  CFAF128128B0145T__writeData                     
000450d5  CFAF128128B0145T__writeData16                   
00044f25  CFAF128128B0145T__writeData88                   
00047191  CFAF128128B0145T__writeData8888                 
00047635  CFAF128128B0145T__writeRegister                 
00046631  CFAF128128B0145T_clear                          
0003fa69  CFAF128128B0145T_init                           
00041b0d  CFAF128128B0145T_line                           
00046dfb  CFAF128128B0145T_point                          
000455b1  CFAF128128B0145T_rectangle                      
000476f1  CFAF128128B0145T_setFontSolid                   
00046795  CFAF128128B0145T_setOrientation                 
000476fd  CFAF128128B0145T_setPenSolid                    
00040575  CFAF128128B0145T_text                           
00047709  CPUcpsie                                        
00044dd5  DisplayIPAddress                                
000472d1  EMACAddrGet                                     
00046a9d  EMACConfigGet                                   
000467cd  EMACConfigSet                                   
00047645  EMACFrameFilterSet                              
00046ad1  EMACIntClear                                    
00046721  EMACIntEnable                                   
00046e27  EMACIntStatus                                   
000458f5  EMACPHYConfigSet                                
00046fd9  EMACPHYRead                                     
00046fff  EMACPHYWrite                                    
000477a9  EMACPowerManagementStatusGet                    
000474bd  EMACReset                                       
000477d9  EMACRxDMADescriptorListSet                      
000474d3  EMACRxEnable                                    
000477df  EMACTimestampIntStatus                          
000477e5  EMACTxDMADescriptorListSet                      
000477b1  EMACTxDMAPollDemand                             
000474e9  EMACTxEnable                                    
00046e53  GPIODirModeSet                                  
00041851  GPIOPadConfigSet                                
00045f79  GPIOPinConfigure                                
000474ff  GPIOPinTypeEthernetLED                          
00047361  GPIOPinTypeGPIOOutput                           
00047515  GPIOPinTypeSSI                                  
000477eb  GPIOPinWrite                                    
00043709  InitDMADescriptors                              
0004513d  IntEnable                                       
00047655  IntMasterEnable                                 
00046805  LocatorAppTitleSet                              
00045c05  LocatorInit                                     
000471b1  LocatorMACAddrSet                               
000409d5  PinoutSet                                       
000477f1  ResetISR                                        
000477b9  SSIBusy                                         
0004666d  SSIConfigSetExpClk                              
000475ed  SSIDataGetNonBlocking                           
00047781  SSIDataPut                                      
0004778b  SSIDisable                                      
00047795  SSIEnable                                       
00040be1  SysCtlClockFreqSet                              
000477f7  SysCtlDelay                                     
00047715  SysCtlMOSCConfigSet                             
00046b05  SysCtlPeripheralEnable                          
0004683d  SysCtlPeripheralReady                           
00045cfd  SysCtlPeripheralReset                           
000477fd  SysTickIntHandler                               
00045611  UARTStdioConfig                                 
0004737b  UARTprintf                                      
000411c1  UARTvprintf                                     
00045d4d  UARTwrite                                       
20018058  __STACK_END                                     
00000400  __STACK_SIZE                                    
20018058  __STACK_TOP                                     
00047890  __TI_CINIT_Base                                 
000478a0  __TI_CINIT_Limit                                
00047878  __TI_Handler_Table_Base                         
00047884  __TI_Handler_Table_Limit                        
00046465  __TI_auto_init_nobinit_nopinit                  
000451a5  __TI_decompress_lzss                            
000476d5  __TI_decompress_none                            
ffffffff  __TI_pprof_out_hndl                             
ffffffff  __TI_prof_data_size                             
ffffffff  __TI_prof_data_start                            
00000000  __TI_static_base__                              
0004772d  __TI_zero_init                                  
00041c5b  __aeabi_idiv0                                   
00041c5b  __aeabi_ldiv0                                   
00044b0d  __aeabi_memclr                                  
00044b0d  __aeabi_memclr4                                 
00044b0d  __aeabi_memclr8                                 
00044001  __aeabi_memcpy                                  
00044001  __aeabi_memcpy4                                 
00044001  __aeabi_memcpy8                                 
00044b0f  __aeabi_memset                                  
00044b0f  __aeabi_memset4                                 
00044b0f  __aeabi_memset8                                 
000465b1  __aeabi_uidiv                                   
000465b1  __aeabi_uidivmod                                
ffffffff  __binit__                                       
ffffffff  __c_args__                                      
UNDEFED   __mpu_init                                      
20017c58  __stack                                         
20000000  __start___llvm_prf_cnts                         
20000000  __stop___llvm_prf_cnts                          
00046b39  _c_int00_noargs                                 
0003e1ac  _ctypes_                                        
UNDEFED   _system_post_cinit                              
00047827  _system_pre_init                                
0004782b  abort                                           
00045fc5  atoi                                            
00044821  autoip_arp_reply                                
00047395  autoip_network_changed                          
000459a5  autoip_start                                    
00047665  autoip_stop                                     
0004322d  autoip_tmr                                      
ffffffff  binit                                           
20017bf4  current_header                                  
20017bf8  current_iphdr_dest                              
20017bfc  current_iphdr_src                               
20017c00  current_netif                                   
000473af  dhcp_arp_reply                                  
000466a9  dhcp_coarse_tmr                                 
00046875  dhcp_fine_tmr                                   
000464a9  dhcp_network_changed                            
00043d6d  dhcp_release                                    
00044621  dhcp_renew                                      
20017bcc  dhcp_rx_options_given                           
20017b74  dhcp_rx_options_val                             
00043e15  dhcp_start                                      
000468e5  dhcp_stop                                       
00046fb1  etharp_cleanup_netif                            
000423ad  etharp_output                                   
000424c9  etharp_query                                    
00043079  etharp_raw                                      
00046ed9  etharp_request                                  
00046571  etharp_tmr                                      
0003e68b  ethbroadcast                                    
00043b69  ethernet_input                                  
0003e691  ethzero                                         
0003e560  file_040041_HTWG_Campus_Seerhein_WEB_490x490_jpg
0003e574  file_HTWG_logo_jpg                              
0003e588  file__vs_VSWorkspaceState_json                  
0003e59c  file__vs_fs_v16__suo                            
0003e5b0  file__vs_slnx_sqlite                            
0003e5c4  file_about_htm                                  
0003e5d8  file_index_htm                                  
0003e5ec  file_response_htm                               
000477c1  fs_bytes_left                                   
0004782f  fs_close                                        
00046011  fs_open                                         
0004675b  fs_read                                         
20018090  g_RxDescList                                    
200180a0  g_TxDescList                                    
20017c04  g_iNumCGIs                                      
200180c0  g_iNumTags                                      
20017c08  g_pCGIs                                         
20017750  g_pRxDescriptors                                
200173f0  g_pTxDescriptors                                
0003e614  g_pcSSIExtensions                               
200180bc  g_pfnSSIHandler                                 
20017c0c  g_pfnTimerHandler                               
00000000  g_pfnVectors                                    
200180c4  g_ppcTags                                       
0003e538  g_psDefaultFilenames                            
20017c10  g_ui32AbnormalInts                              
20017c14  g_ui32IPAddress                                 
2001805c  g_ui32LocalTimer                                
20017c18  g_ui32NormalInts                                
20017c1c  g_ui32SysClock                                  
00047739  httpd_init                                      
000466e5  httpd_post_begin                                
00045841  httpd_post_finished                             
00043ebd  httpd_post_receive_data                         
000477d1  icmp_dest_unreach                               
000413b1  icmp_input                                      
00047685  inet_chksum                                     
00045edb  inet_chksum_pbuf                                
00043f61  inet_chksum_pseudo                              
00046cd7  ip4_addr_isbroadcast                            
0003e698  ip_addr_any                                     
0003e69c  ip_addr_broadcast                               
00040de1  ip_input                                        
000462fd  ip_output                                       
00042ce1  ip_output_if                                    
0004605d  ip_route                                        
000446a1  lwIPEthernetIntHandler                          
00043a05  lwIPHostTimerHandler                            
00042bf5  lwIPInit                                        
0004730d  lwIPLocalIPAddrGet                              
00047251  lwIPTimer                                       
000473c9  lwip_htonl                                      
00047745  lwip_htons                                      
00047695  lwip_init                                       
000473c9  lwip_ntohl                                      
00047745  lwip_ntohs                                      
20017870  lwip_stats                                      
000416e1  main                                            
00044e45  mem_free                                        
000456d1  mem_init                                        
00042a11  mem_malloc                                      
00042dc9  mem_trim                                        
000470e1  memcmp                                          
00044001  memcpy                                          
00046955  memp_free                                       
00045069  memp_init                                       
00045a55  memp_malloc                                     
00044b15  memset                                          
00045d9d  netif_add                                       
20017c20  netif_default                                   
20017c24  netif_list                                      
00047329  netif_set_addr                                  
00047751  netif_set_default                               
000472ef  netif_set_down                                  
0004775d  netif_set_gw                                    
000452dd  netif_set_ipaddr                                
00047611  netif_set_link_down                             
000465f1  netif_set_link_up                               
00047769  netif_set_netmask                               
00047105  netif_set_up                                    
00042021  pbuf_alloc                                      
00046f5b  pbuf_cat                                        
000476a5  pbuf_chain                                      
00047623  pbuf_clen                                       
000441d1  pbuf_copy                                       
000454e5  pbuf_copy_partial                               
00045f29  pbuf_free                                       
20017c4f  pbuf_free_ooseq_pending                         
0004554b  pbuf_header                                     
0004589b  pbuf_realloc                                    
00047583  pbuf_ref                                        
200180d0  post_body_len                                   
20000000  ram_heap                                        
00044ced  raw_input                                       
00047599  strchr                                          
00047475  strcmp                                          
000475af  strlen                                          
00046f05  strncmp                                         
000469fd  strncpy                                         
00046bd5  strstr                                          
000476b5  sys_arch_protect                                
000475c5  sys_arch_unprotect                              
00047775  sys_now                                         
00045345  sys_timeout                                     
00045ded  sys_timeouts_init                               
00044265  tcp_abandon                                     
00047803  tcp_abort                                       
00047833  tcp_accept                                      
20017c28  tcp_active_pcbs                                 
20017c50  tcp_active_pcbs_changed                         
000434a5  tcp_alloc                                       
00047837  tcp_arg                                         
0003e654  tcp_backoff                                     
000447a1  tcp_bind                                        
20017c2c  tcp_bound_pcbs                                  
000475d9  tcp_close                                       
00047271  tcp_eff_send_mss                                
00043c15  tcp_enqueue_flags                               
0004780f  tcp_err                                         
00044eb5  tcp_fasttmr                                     
0003f2e9  tcp_input                                       
20017c30  tcp_input_pcb                                   
0004572d  tcp_keepalive                                   
20017c34  tcp_listen_pcbs                                 
0004409d  tcp_listen_with_backlog                         
00047815  tcp_new                                         
0004748d  tcp_next_iss                                    
00041555  tcp_output                                      
0003e644  tcp_pcb_lists                                   
0004652d  tcp_pcb_purge                                   
00045789  tcp_pcb_remove                                  
0003e684  tcp_persist_backoff                             
0004779f  tcp_poll                                        
00045415  tcp_process_refused_data                        
0004781b  tcp_recv                                        
00047071  tcp_recv_null                                   
00046d09  tcp_recved                                      
00045b05  tcp_rexmit                                      
0004638d  tcp_rexmit_fast                                 
00046dcd  tcp_rexmit_rto                                  
000442f5  tcp_rst                                         
00047129  tcp_seg_copy                                    
000474a5  tcp_seg_free                                    
000476c5  tcp_segs_free                                   
000457e5  tcp_send_empty_ack                              
0004641d  tcp_send_fin                                    
0004783b  tcp_sent                                        
0004783f  tcp_setprio                                     
00040059  tcp_slowtmr                                     
20017c38  tcp_ticks                                       
00046c3d  tcp_timer_needed                                
20017c3c  tcp_tmp_pcb                                     
00047291  tcp_tmr                                         
20017c40  tcp_tw_pcbs                                     
00046d6b  tcp_update_rcv_ann_wnd                          
0003fd75  tcp_write                                       
00043cc1  tcp_zero_window_probe                           
00046c71  tivaif_init                                     
000460f5  tivaif_interrupt                                
00044a91  tivaif_process_phy_interrupt                    
0004547d  udp_bind                                        
00046141  udp_connect                                     
00040fd1  udp_input                                       
00047345  udp_new                                         
20017c44  udp_pcbs                                        
00047821  udp_recv                                        
00046d9d  udp_remove                                      
000469c5  udp_sendto                                      
00042eb1  udp_sendto_if                                   
000472b1  usprintf                                        
00046a33  ustrncmp                                        
00046f85  ustrncpy                                        
00040321  uvsnprintf                                      


GLOBAL SYMBOLS: SORTED BY Symbol Address 

address   name                                            
-------   ----                                            
00000000  __TI_static_base__                              
00000000  g_pfnVectors                                    
00000400  __STACK_SIZE                                    
0003e1ac  _ctypes_                                        
0003e538  g_psDefaultFilenames                            
0003e560  file_040041_HTWG_Campus_Seerhein_WEB_490x490_jpg
0003e574  file_HTWG_logo_jpg                              
0003e588  file__vs_VSWorkspaceState_json                  
0003e59c  file__vs_fs_v16__suo                            
0003e5b0  file__vs_slnx_sqlite                            
0003e5c4  file_about_htm                                  
0003e5d8  file_index_htm                                  
0003e5ec  file_response_htm                               
0003e614  g_pcSSIExtensions                               
0003e644  tcp_pcb_lists                                   
0003e654  tcp_backoff                                     
0003e684  tcp_persist_backoff                             
0003e68b  ethbroadcast                                    
0003e691  ethzero                                         
0003e698  ip_addr_any                                     
0003e69c  ip_addr_broadcast                               
0003f2e9  tcp_input                                       
0003fa69  CFAF128128B0145T_init                           
0003fd75  tcp_write                                       
00040059  tcp_slowtmr                                     
00040321  uvsnprintf                                      
00040575  CFAF128128B0145T_text                           
000409d5  PinoutSet                                       
00040be1  SysCtlClockFreqSet                              
00040de1  ip_input                                        
00040fd1  udp_input                                       
000411c1  UARTvprintf                                     
000413b1  icmp_input                                      
00041555  tcp_output                                      
000416e1  main                                            
00041851  GPIOPadConfigSet                                
00041b0d  CFAF128128B0145T_line                           
00041c5b  __aeabi_idiv0                                   
00041c5b  __aeabi_ldiv0                                   
00041ee5  CFAF128128B0145T__fastFill                      
00042021  pbuf_alloc                                      
000423ad  etharp_output                                   
000424c9  etharp_query                                    
00042a11  mem_malloc                                      
00042bf5  lwIPInit                                        
00042ce1  ip_output_if                                    
00042dc9  mem_trim                                        
00042eb1  udp_sendto_if                                   
00043079  etharp_raw                                      
0004322d  autoip_tmr                                      
000434a5  tcp_alloc                                       
00043709  InitDMADescriptors                              
00043a05  lwIPHostTimerHandler                            
00043b69  ethernet_input                                  
00043c15  tcp_enqueue_flags                               
00043cc1  tcp_zero_window_probe                           
00043d6d  dhcp_release                                    
00043e15  dhcp_start                                      
00043ebd  httpd_post_receive_data                         
00043f61  inet_chksum_pseudo                              
00044001  __aeabi_memcpy                                  
00044001  __aeabi_memcpy4                                 
00044001  __aeabi_memcpy8                                 
00044001  memcpy                                          
0004409d  tcp_listen_with_backlog                         
000441d1  pbuf_copy                                       
00044265  tcp_abandon                                     
000442f5  tcp_rst                                         
00044621  dhcp_renew                                      
000446a1  lwIPEthernetIntHandler                          
000447a1  tcp_bind                                        
00044821  autoip_arp_reply                                
00044a91  tivaif_process_phy_interrupt                    
00044b0d  __aeabi_memclr                                  
00044b0d  __aeabi_memclr4                                 
00044b0d  __aeabi_memclr8                                 
00044b0f  __aeabi_memset                                  
00044b0f  __aeabi_memset4                                 
00044b0f  __aeabi_memset8                                 
00044b15  memset                                          
00044c05  CFAF128128B0145T__setWindow                     
00044ced  raw_input                                       
00044dd5  DisplayIPAddress                                
00044e45  mem_free                                        
00044eb5  tcp_fasttmr                                     
00044f25  CFAF128128B0145T__writeData88                   
00045069  memp_init                                       
000450d5  CFAF128128B0145T__writeData16                   
0004513d  IntEnable                                       
000451a5  __TI_decompress_lzss                            
000452dd  netif_set_ipaddr                                
00045345  sys_timeout                                     
00045415  tcp_process_refused_data                        
0004547d  udp_bind                                        
000454e5  pbuf_copy_partial                               
0004554b  pbuf_header                                     
000455b1  CFAF128128B0145T_rectangle                      
00045611  UARTStdioConfig                                 
000456d1  mem_init                                        
0004572d  tcp_keepalive                                   
00045789  tcp_pcb_remove                                  
000457e5  tcp_send_empty_ack                              
00045841  httpd_post_finished                             
0004589b  pbuf_realloc                                    
000458f5  EMACPHYConfigSet                                
000459a5  autoip_start                                    
00045a55  memp_malloc                                     
00045b05  tcp_rexmit                                      
00045b5d  CFAF128128B0145T__writeCommand                  
00045bb1  CFAF128128B0145T__writeData                     
00045c05  LocatorInit                                     
00045cfd  SysCtlPeripheralReset                           
00045d4d  UARTwrite                                       
00045d9d  netif_add                                       
00045ded  sys_timeouts_init                               
00045edb  inet_chksum_pbuf                                
00045f29  pbuf_free                                       
00045f79  GPIOPinConfigure                                
00045fc5  atoi                                            
00046011  fs_open                                         
0004605d  ip_route                                        
000460f5  tivaif_interrupt                                
00046141  udp_connect                                     
000462fd  ip_output                                       
0004638d  tcp_rexmit_fast                                 
0004641d  tcp_send_fin                                    
00046465  __TI_auto_init_nobinit_nopinit                  
000464a9  dhcp_network_changed                            
0004652d  tcp_pcb_purge                                   
00046571  etharp_tmr                                      
000465b1  __aeabi_uidiv                                   
000465b1  __aeabi_uidivmod                                
000465f1  netif_set_link_up                               
00046631  CFAF128128B0145T_clear                          
0004666d  SSIConfigSetExpClk                              
000466a9  dhcp_coarse_tmr                                 
000466e5  httpd_post_begin                                
00046721  EMACIntEnable                                   
0004675b  fs_read                                         
00046795  CFAF128128B0145T_setOrientation                 
000467cd  EMACConfigSet                                   
00046805  LocatorAppTitleSet                              
0004683d  SysCtlPeripheralReady                           
00046875  dhcp_fine_tmr                                   
000468e5  dhcp_stop                                       
00046955  memp_free                                       
000469c5  udp_sendto                                      
000469fd  strncpy                                         
00046a33  ustrncmp                                        
00046a69  AnimTimerIntHandler                             
00046a9d  EMACConfigGet                                   
00046ad1  EMACIntClear                                    
00046b05  SysCtlPeripheralEnable                          
00046b39  _c_int00_noargs                                 
00046bd5  strstr                                          
00046c3d  tcp_timer_needed                                
00046c71  tivaif_init                                     
00046cd7  ip4_addr_isbroadcast                            
00046d09  tcp_recved                                      
00046d6b  tcp_update_rcv_ann_wnd                          
00046d9d  udp_remove                                      
00046dcd  tcp_rexmit_rto                                  
00046dfb  CFAF128128B0145T_point                          
00046e27  EMACIntStatus                                   
00046e53  GPIODirModeSet                                  
00046ed9  etharp_request                                  
00046f05  strncmp                                         
00046f5b  pbuf_cat                                        
00046f85  ustrncpy                                        
00046fb1  etharp_cleanup_netif                            
00046fd9  EMACPHYRead                                     
00046fff  EMACPHYWrite                                    
00047071  tcp_recv_null                                   
000470e1  memcmp                                          
00047105  netif_set_up                                    
00047129  tcp_seg_copy                                    
00047191  CFAF128128B0145T__writeData8888                 
000471b1  LocatorMACAddrSet                               
00047251  lwIPTimer                                       
00047271  tcp_eff_send_mss                                
00047291  tcp_tmr                                         
000472b1  usprintf                                        
000472d1  EMACAddrGet                                     
000472ef  netif_set_down                                  
0004730d  lwIPLocalIPAddrGet                              
00047329  netif_set_addr                                  
00047345  udp_new                                         
00047361  GPIOPinTypeGPIOOutput                           
0004737b  UARTprintf                                      
00047395  autoip_network_changed                          
000473af  dhcp_arp_reply                                  
000473c9  lwip_htonl                                      
000473c9  lwip_ntohl                                      
000473e5  CFAF128128B0145T__delay                         
00047475  strcmp                                          
0004748d  tcp_next_iss                                    
000474a5  tcp_seg_free                                    
000474bd  EMACReset                                       
000474d3  EMACRxEnable                                    
000474e9  EMACTxEnable                                    
000474ff  GPIOPinTypeEthernetLED                          
00047515  GPIOPinTypeSSI                                  
00047583  pbuf_ref                                        
00047599  strchr                                          
000475af  strlen                                          
000475c5  sys_arch_unprotect                              
000475d9  tcp_close                                       
000475ed  SSIDataGetNonBlocking                           
00047611  netif_set_link_down                             
00047623  pbuf_clen                                       
00047635  CFAF128128B0145T__writeRegister                 
00047645  EMACFrameFilterSet                              
00047655  IntMasterEnable                                 
00047665  autoip_stop                                     
00047685  inet_chksum                                     
00047695  lwip_init                                       
000476a5  pbuf_chain                                      
000476b5  sys_arch_protect                                
000476c5  tcp_segs_free                                   
000476d5  __TI_decompress_none                            
000476e3  CFAF128128B0145T__swapINT16                     
000476f1  CFAF128128B0145T_setFontSolid                   
000476fd  CFAF128128B0145T_setPenSolid                    
00047709  CPUcpsie                                        
00047715  SysCtlMOSCConfigSet                             
0004772d  __TI_zero_init                                  
00047739  httpd_init                                      
00047745  lwip_htons                                      
00047745  lwip_ntohs                                      
00047751  netif_set_default                               
0004775d  netif_set_gw                                    
00047769  netif_set_netmask                               
00047775  sys_now                                         
00047781  SSIDataPut                                      
0004778b  SSIDisable                                      
00047795  SSIEnable                                       
0004779f  tcp_poll                                        
000477a9  EMACPowerManagementStatusGet                    
000477b1  EMACTxDMAPollDemand                             
000477b9  SSIBusy                                         
000477c1  fs_bytes_left                                   
000477d1  icmp_dest_unreach                               
000477d9  EMACRxDMADescriptorListSet                      
000477df  EMACTimestampIntStatus                          
000477e5  EMACTxDMADescriptorListSet                      
000477eb  GPIOPinWrite                                    
000477f1  ResetISR                                        
000477f7  SysCtlDelay                                     
000477fd  SysTickIntHandler                               
00047803  tcp_abort                                       
0004780f  tcp_err                                         
00047815  tcp_new                                         
0004781b  tcp_recv                                        
00047821  udp_recv                                        
00047827  _system_pre_init                                
0004782b  C$$EXIT                                         
0004782b  abort                                           
0004782f  fs_close                                        
00047833  tcp_accept                                      
00047837  tcp_arg                                         
0004783b  tcp_sent                                        
0004783f  tcp_setprio                                     
00047878  __TI_Handler_Table_Base                         
00047884  __TI_Handler_Table_Limit                        
00047890  __TI_CINIT_Base                                 
000478a0  __TI_CINIT_Limit                                
20000000  __start___llvm_prf_cnts                         
20000000  __stop___llvm_prf_cnts                          
20000000  ram_heap                                        
200173f0  g_pTxDescriptors                                
20017750  g_pRxDescriptors                                
20017870  lwip_stats                                      
20017b74  dhcp_rx_options_val                             
20017bcc  dhcp_rx_options_given                           
20017bdc  CFAF128128B0145T__csPort                        
20017be0  CFAF128128B0145T__rsPort                        
20017be4  CFAF128128B0145T__rstPort                       
20017be8  CFAF128128B0145T__spiClock                      
20017bec  CFAF128128B0145T__spiDevice                     
20017bf0  CFAF128128B0145T__sysClock                      
20017bf4  current_header                                  
20017bf8  current_iphdr_dest                              
20017bfc  current_iphdr_src                               
20017c00  current_netif                                   
20017c04  g_iNumCGIs                                      
20017c08  g_pCGIs                                         
20017c0c  g_pfnTimerHandler                               
20017c10  g_ui32AbnormalInts                              
20017c14  g_ui32IPAddress                                 
20017c18  g_ui32NormalInts                                
20017c1c  g_ui32SysClock                                  
20017c20  netif_default                                   
20017c24  netif_list                                      
20017c28  tcp_active_pcbs                                 
20017c2c  tcp_bound_pcbs                                  
20017c30  tcp_input_pcb                                   
20017c34  tcp_listen_pcbs                                 
20017c38  tcp_ticks                                       
20017c3c  tcp_tmp_pcb                                     
20017c40  tcp_tw_pcbs                                     
20017c44  udp_pcbs                                        
20017c48  CFAF128128B0145T__boosterPack                   
20017c49  CFAF128128B0145T__csPin                         
20017c4a  CFAF128128B0145T__fontSolid                     
20017c4b  CFAF128128B0145T__orientation                   
20017c4c  CFAF128128B0145T__penSolid                      
20017c4d  CFAF128128B0145T__rsPin                         
20017c4e  CFAF128128B0145T__rstPin                        
20017c4f  pbuf_free_ooseq_pending                         
20017c50  tcp_active_pcbs_changed                         
20017c58  __stack                                         
20018058  __STACK_END                                     
20018058  __STACK_TOP                                     
2001805c  g_ui32LocalTimer                                
20018090  g_RxDescList                                    
200180a0  g_TxDescList                                    
200180bc  g_pfnSSIHandler                                 
200180c0  g_iNumTags                                      
200180c4  g_ppcTags                                       
200180d0  post_body_len                                   
ffffffff  __TI_pprof_out_hndl                             
ffffffff  __TI_prof_data_size                             
ffffffff  __TI_prof_data_start                            
ffffffff  __binit__                                       
ffffffff  __c_args__                                      
ffffffff  binit                                           
UNDEFED   __mpu_init                                      
UNDEFED   _system_post_cinit                              

[328 symbols]
