<?xml version="1.0" encoding="ISO-8859-1" ?>
<link_info>
   <banner>TI ARM Linker PC v20.2.1.LTS</banner>
   <copyright>Copyright (c) 1996-2018 Texas Instruments Incorporated</copyright>
   <link_time>0x60795557</link_time>
   <link_errors>0x0</link_errors>
   <output_file>http_post.out</output_file>
   <entry_point>
      <name>_c_int00_noargs</name>
      <address>0x46b39</address>
   </entry_point>
   <input_file_list>
      <input_file id="fl-2">
         <path>.\</path>
         <kind>object</kind>
         <file>enet_io.obj</file>
         <name>enet_io.obj</name>
      </input_file>
      <input_file id="fl-3">
         <path>.\</path>
         <kind>object</kind>
         <file>io.obj</file>
         <name>io.obj</name>
      </input_file>
      <input_file id="fl-4">
         <path>.\</path>
         <kind>object</kind>
         <file>io_fs.obj</file>
         <name>io_fs.obj</name>
      </input_file>
      <input_file id="fl-5">
         <path>.\</path>
         <kind>object</kind>
         <file>startup_ccs.obj</file>
         <name>startup_ccs.obj</name>
      </input_file>
      <input_file id="fl-6">
         <path>.\CFAF128128B0145T\</path>
         <kind>object</kind>
         <file>CFAF128128B0145T.obj</file>
         <name>CFAF128128B0145T.obj</name>
      </input_file>
      <input_file id="fl-7">
         <path>.\drivers\</path>
         <kind>object</kind>
         <file>pinout.obj</file>
         <name>pinout.obj</name>
      </input_file>
      <input_file id="fl-8">
         <path>.\third_party\lwip-1.4.1\apps\httpserver_raw\</path>
         <kind>object</kind>
         <file>httpd.obj</file>
         <name>httpd.obj</name>
      </input_file>
      <input_file id="fl-9">
         <path>.\utils\</path>
         <kind>object</kind>
         <file>locator.obj</file>
         <name>locator.obj</name>
      </input_file>
      <input_file id="fl-a">
         <path>.\utils\</path>
         <kind>object</kind>
         <file>lwiplib.obj</file>
         <name>lwiplib.obj</name>
      </input_file>
      <input_file id="fl-b">
         <path>.\utils\</path>
         <kind>object</kind>
         <file>uartstdio.obj</file>
         <name>uartstdio.obj</name>
      </input_file>
      <input_file id="fl-c">
         <path>.\utils\</path>
         <kind>object</kind>
         <file>ustdlib.obj</file>
         <name>ustdlib.obj</name>
      </input_file>
      <input_file id="fl-11">
         <kind>object</kind>
         <file>&lt;internal&gt;</file>
         <name>&lt;internal&gt;</name>
      </input_file>
      <input_file id="fl-12">
         <path>C:\Tools\TexasInstruments\TivaWare_C_Series-2.2.0.295\driverlib\ccs\Debug\</path>
         <kind>archive</kind>
         <file>driverlib.lib</file>
         <name>emac.obj</name>
      </input_file>
      <input_file id="fl-13">
         <path>C:\Tools\TexasInstruments\TivaWare_C_Series-2.2.0.295\driverlib\ccs\Debug\</path>
         <kind>archive</kind>
         <file>driverlib.lib</file>
         <name>gpio.obj</name>
      </input_file>
      <input_file id="fl-14">
         <path>C:\Tools\TexasInstruments\TivaWare_C_Series-2.2.0.295\driverlib\ccs\Debug\</path>
         <kind>archive</kind>
         <file>driverlib.lib</file>
         <name>interrupt.obj</name>
      </input_file>
      <input_file id="fl-15">
         <path>C:\Tools\TexasInstruments\TivaWare_C_Series-2.2.0.295\driverlib\ccs\Debug\</path>
         <kind>archive</kind>
         <file>driverlib.lib</file>
         <name>ssi.obj</name>
      </input_file>
      <input_file id="fl-16">
         <path>C:\Tools\TexasInstruments\TivaWare_C_Series-2.2.0.295\driverlib\ccs\Debug\</path>
         <kind>archive</kind>
         <file>driverlib.lib</file>
         <name>sw_crc.obj</name>
      </input_file>
      <input_file id="fl-17">
         <path>C:\Tools\TexasInstruments\TivaWare_C_Series-2.2.0.295\driverlib\ccs\Debug\</path>
         <kind>archive</kind>
         <file>driverlib.lib</file>
         <name>sysctl.obj</name>
      </input_file>
      <input_file id="fl-18">
         <path>C:\Tools\TexasInstruments\TivaWare_C_Series-2.2.0.295\driverlib\ccs\Debug\</path>
         <kind>archive</kind>
         <file>driverlib.lib</file>
         <name>cpu.obj</name>
      </input_file>
      <input_file id="fl-ce">
         <path>C:\Tools\TexasInstruments\ccs1010\ccs\tools\compiler\ti-cgt-arm_20.2.1.LTS\lib\</path>
         <kind>archive</kind>
         <file>rtsv7M4_T_le_v4SPD16_eabi.lib</file>
         <name>memset_t2.asm.obj</name>
      </input_file>
      <input_file id="fl-cf">
         <path>C:\Tools\TexasInstruments\ccs1010\ccs\tools\compiler\ti-cgt-arm_20.2.1.LTS\lib\</path>
         <kind>archive</kind>
         <file>rtsv7M4_T_le_v4SPD16_eabi.lib</file>
         <name>memcpy_t2.asm.obj</name>
      </input_file>
      <input_file id="fl-d0">
         <path>C:\Tools\TexasInstruments\ccs1010\ccs\tools\compiler\ti-cgt-arm_20.2.1.LTS\lib\</path>
         <kind>archive</kind>
         <file>rtsv7M4_T_le_v4SPD16_eabi.lib</file>
         <name>u_divt2.asm.obj</name>
      </input_file>
      <input_file id="fl-d1">
         <path>C:\Tools\TexasInstruments\ccs1010\ccs\tools\compiler\ti-cgt-arm_20.2.1.LTS\lib\</path>
         <kind>archive</kind>
         <file>rtsv7M4_T_le_v4SPD16_eabi.lib</file>
         <name>copy_zero_init.c.obj</name>
      </input_file>
      <input_file id="fl-d2">
         <path>C:\Tools\TexasInstruments\ccs1010\ccs\tools\compiler\ti-cgt-arm_20.2.1.LTS\lib\</path>
         <kind>archive</kind>
         <file>rtsv7M4_T_le_v4SPD16_eabi.lib</file>
         <name>copy_decompress_none.c.obj</name>
      </input_file>
      <input_file id="fl-d3">
         <path>C:\Tools\TexasInstruments\ccs1010\ccs\tools\compiler\ti-cgt-arm_20.2.1.LTS\lib\</path>
         <kind>archive</kind>
         <file>rtsv7M4_T_le_v4SPD16_eabi.lib</file>
         <name>copy_decompress_lzss.c.obj</name>
      </input_file>
      <input_file id="fl-d4">
         <path>C:\Tools\TexasInstruments\ccs1010\ccs\tools\compiler\ti-cgt-arm_20.2.1.LTS\lib\</path>
         <kind>archive</kind>
         <file>rtsv7M4_T_le_v4SPD16_eabi.lib</file>
         <name>atoi.c.obj</name>
      </input_file>
      <input_file id="fl-d5">
         <path>C:\Tools\TexasInstruments\ccs1010\ccs\tools\compiler\ti-cgt-arm_20.2.1.LTS\lib\</path>
         <kind>archive</kind>
         <file>rtsv7M4_T_le_v4SPD16_eabi.lib</file>
         <name>ctype.c.obj</name>
      </input_file>
      <input_file id="fl-d6">
         <path>C:\Tools\TexasInstruments\ccs1010\ccs\tools\compiler\ti-cgt-arm_20.2.1.LTS\lib\</path>
         <kind>archive</kind>
         <file>rtsv7M4_T_le_v4SPD16_eabi.lib</file>
         <name>memcmp.c.obj</name>
      </input_file>
      <input_file id="fl-d7">
         <path>C:\Tools\TexasInstruments\ccs1010\ccs\tools\compiler\ti-cgt-arm_20.2.1.LTS\lib\</path>
         <kind>archive</kind>
         <file>rtsv7M4_T_le_v4SPD16_eabi.lib</file>
         <name>strchr.c.obj</name>
      </input_file>
      <input_file id="fl-d8">
         <path>C:\Tools\TexasInstruments\ccs1010\ccs\tools\compiler\ti-cgt-arm_20.2.1.LTS\lib\</path>
         <kind>archive</kind>
         <file>rtsv7M4_T_le_v4SPD16_eabi.lib</file>
         <name>strcmp.c.obj</name>
      </input_file>
      <input_file id="fl-d9">
         <path>C:\Tools\TexasInstruments\ccs1010\ccs\tools\compiler\ti-cgt-arm_20.2.1.LTS\lib\</path>
         <kind>archive</kind>
         <file>rtsv7M4_T_le_v4SPD16_eabi.lib</file>
         <name>strlen.c.obj</name>
      </input_file>
      <input_file id="fl-da">
         <path>C:\Tools\TexasInstruments\ccs1010\ccs\tools\compiler\ti-cgt-arm_20.2.1.LTS\lib\</path>
         <kind>archive</kind>
         <file>rtsv7M4_T_le_v4SPD16_eabi.lib</file>
         <name>strncmp.c.obj</name>
      </input_file>
      <input_file id="fl-db">
         <path>C:\Tools\TexasInstruments\ccs1010\ccs\tools\compiler\ti-cgt-arm_20.2.1.LTS\lib\</path>
         <kind>archive</kind>
         <file>rtsv7M4_T_le_v4SPD16_eabi.lib</file>
         <name>strncpy.c.obj</name>
      </input_file>
      <input_file id="fl-dc">
         <path>C:\Tools\TexasInstruments\ccs1010\ccs\tools\compiler\ti-cgt-arm_20.2.1.LTS\lib\</path>
         <kind>archive</kind>
         <file>rtsv7M4_T_le_v4SPD16_eabi.lib</file>
         <name>strstr.c.obj</name>
      </input_file>
      <input_file id="fl-dd">
         <path>C:\Tools\TexasInstruments\ccs1010\ccs\tools\compiler\ti-cgt-arm_20.2.1.LTS\lib\</path>
         <kind>archive</kind>
         <file>rtsv7M4_T_le_v4SPD16_eabi.lib</file>
         <name>boot_cortex_m.c.obj</name>
      </input_file>
      <input_file id="fl-de">
         <path>C:\Tools\TexasInstruments\ccs1010\ccs\tools\compiler\ti-cgt-arm_20.2.1.LTS\lib\</path>
         <kind>archive</kind>
         <file>rtsv7M4_T_le_v4SPD16_eabi.lib</file>
         <name>div0.asm.obj</name>
      </input_file>
      <input_file id="fl-df">
         <path>C:\Tools\TexasInstruments\ccs1010\ccs\tools\compiler\ti-cgt-arm_20.2.1.LTS\lib\</path>
         <kind>archive</kind>
         <file>rtsv7M4_T_le_v4SPD16_eabi.lib</file>
         <name>autoinit.c.obj</name>
      </input_file>
      <input_file id="fl-e0">
         <path>C:\Tools\TexasInstruments\ccs1010\ccs\tools\compiler\ti-cgt-arm_20.2.1.LTS\lib\</path>
         <kind>archive</kind>
         <file>rtsv7M4_T_le_v4SPD16_eabi.lib</file>
         <name>pre_init.c.obj</name>
      </input_file>
      <input_file id="fl-e1">
         <path>C:\Tools\TexasInstruments\ccs1010\ccs\tools\compiler\ti-cgt-arm_20.2.1.LTS\lib\</path>
         <kind>archive</kind>
         <file>rtsv7M4_T_le_v4SPD16_eabi.lib</file>
         <name>cpy_tbl.c.obj</name>
      </input_file>
      <input_file id="fl-e2">
         <path>C:\Tools\TexasInstruments\ccs1010\ccs\tools\compiler\ti-cgt-arm_20.2.1.LTS\lib\</path>
         <kind>archive</kind>
         <file>rtsv7M4_T_le_v4SPD16_eabi.lib</file>
         <name>exit.c.obj</name>
      </input_file>
      <input_file id="fl-e3">
         <path>C:\Tools\TexasInstruments\ccs1010\ccs\tools\compiler\ti-cgt-arm_20.2.1.LTS\lib\</path>
         <kind>archive</kind>
         <file>rtsv7M4_T_le_v4SPD16_eabi.lib</file>
         <name>_lock.c.obj</name>
      </input_file>
      <input_file id="fl-e4">
         <path>C:\Tools\TexasInstruments\ccs1010\ccs\tools\compiler\ti-cgt-arm_20.2.1.LTS\lib\</path>
         <kind>archive</kind>
         <file>rtsv7M4_T_le_v4SPD16_eabi.lib</file>
         <name>args_main.c.obj</name>
      </input_file>
   </input_file_list>
   <object_component_list>
      <object_component id="oc-13">
         <name>.intvecs</name>
         <load_address>0x0</load_address>
         <run_address>0x0</run_address>
         <size>0x200</size>
         <input_file_ref idref="fl-5"/>
      </object_component>
      <object_component id="oc-a50">
         <name>.text:tcp_receive</name>
         <load_address>0x3e6a0</load_address>
         <run_address>0x3e6a0</run_address>
         <size>0x79c</size>
         <input_file_ref idref="fl-a"/>
      </object_component>
      <object_component id="oc-a23">
         <name>.text:http_send_data</name>
         <load_address>0x3ee3c</load_address>
         <run_address>0x3ee3c</run_address>
         <size>0x4aa</size>
         <input_file_ref idref="fl-8"/>
      </object_component>
      <object_component id="oc-34">
         <name>.text:FaultISR</name>
         <load_address>0x3f2e6</load_address>
         <run_address>0x3f2e6</run_address>
         <size>0x2</size>
         <input_file_ref idref="fl-5"/>
      </object_component>
      <object_component id="oc-6db">
         <name>.text:tcp_input</name>
         <load_address>0x3f2e8</load_address>
         <run_address>0x3f2e8</run_address>
         <size>0x3cc</size>
         <input_file_ref idref="fl-a"/>
      </object_component>
      <object_component id="oc-8e5">
         <name>.text:tcp_process</name>
         <load_address>0x3f6b4</load_address>
         <run_address>0x3f6b4</run_address>
         <size>0x3b4</size>
         <input_file_ref idref="fl-a"/>
      </object_component>
      <object_component id="oc-204">
         <name>.text:CFAF128128B0145T_init</name>
         <load_address>0x3fa68</load_address>
         <run_address>0x3fa68</run_address>
         <size>0x30c</size>
         <input_file_ref idref="fl-6"/>
      </object_component>
      <object_component id="oc-b86">
         <name>.text:tcp_write</name>
         <load_address>0x3fd74</load_address>
         <run_address>0x3fd74</run_address>
         <size>0x2e4</size>
         <input_file_ref idref="fl-a"/>
      </object_component>
      <object_component id="oc-2f3">
         <name>.text:tcp_slowtmr</name>
         <load_address>0x40058</load_address>
         <run_address>0x40058</run_address>
         <size>0x2c8</size>
         <input_file_ref idref="fl-a"/>
      </object_component>
      <object_component id="oc-6f2">
         <name>.text:uvsnprintf</name>
         <load_address>0x40320</load_address>
         <run_address>0x40320</run_address>
         <size>0x251</size>
         <input_file_ref idref="fl-c"/>
      </object_component>
      <object_component id="oc-3a">
         <name>.text:IntDefaultHandler</name>
         <load_address>0x40572</load_address>
         <run_address>0x40572</run_address>
         <size>0x2</size>
         <input_file_ref idref="fl-5"/>
      </object_component>
      <object_component id="oc-4c0">
         <name>.text:CFAF128128B0145T_text</name>
         <load_address>0x40574</load_address>
         <run_address>0x40574</run_address>
         <size>0x238</size>
         <input_file_ref idref="fl-6"/>
      </object_component>
      <object_component id="oc-7a2">
         <name>.text:dhcp_parse_reply</name>
         <load_address>0x407ac</load_address>
         <run_address>0x407ac</run_address>
         <size>0x228</size>
         <input_file_ref idref="fl-a"/>
      </object_component>
      <object_component id="oc-1fe">
         <name>.text:PinoutSet</name>
         <load_address>0x409d4</load_address>
         <run_address>0x409d4</run_address>
         <size>0x20c</size>
         <input_file_ref idref="fl-7"/>
      </object_component>
      <object_component id="oc-1f8">
         <name>.text:SysCtlClockFreqSet</name>
         <load_address>0x40be0</load_address>
         <run_address>0x40be0</run_address>
         <size>0x200</size>
         <input_file_ref idref="fl-17"/>
      </object_component>
      <object_component id="oc-49c">
         <name>.text:ip_input</name>
         <load_address>0x40de0</load_address>
         <run_address>0x40de0</run_address>
         <size>0x1f0</size>
         <input_file_ref idref="fl-a"/>
      </object_component>
      <object_component id="oc-6d5">
         <name>.text:udp_input</name>
         <load_address>0x40fd0</load_address>
         <run_address>0x40fd0</run_address>
         <size>0x1f0</size>
         <input_file_ref idref="fl-a"/>
      </object_component>
      <object_component id="oc-3f7">
         <name>.text:UARTvprintf</name>
         <load_address>0x411c0</load_address>
         <run_address>0x411c0</run_address>
         <size>0x1ee</size>
         <input_file_ref idref="fl-b"/>
      </object_component>
      <object_component id="oc-2e">
         <name>.text:NmiSR</name>
         <load_address>0x413ae</load_address>
         <run_address>0x413ae</run_address>
         <size>0x2</size>
         <input_file_ref idref="fl-5"/>
      </object_component>
      <object_component id="oc-6e1">
         <name>.text:icmp_input</name>
         <load_address>0x413b0</load_address>
         <run_address>0x413b0</run_address>
         <size>0x1a4</size>
         <input_file_ref idref="fl-a"/>
      </object_component>
      <object_component id="oc-4ca">
         <name>.text:tcp_output</name>
         <load_address>0x41554</load_address>
         <run_address>0x41554</run_address>
         <size>0x18c</size>
         <input_file_ref idref="fl-a"/>
      </object_component>
      <object_component id="oc-f3">
         <name>.text:main</name>
         <load_address>0x416e0</load_address>
         <run_address>0x416e0</run_address>
         <size>0x170</size>
         <input_file_ref idref="fl-2"/>
      </object_component>
      <object_component id="oc-35c">
         <name>.text:GPIOPadConfigSet</name>
         <load_address>0x41850</load_address>
         <run_address>0x41850</run_address>
         <size>0x16c</size>
         <input_file_ref idref="fl-13"/>
      </object_component>
      <object_component id="oc-490">
         <name>.text:etharp_arp_input</name>
         <load_address>0x419bc</load_address>
         <run_address>0x419bc</run_address>
         <size>0x150</size>
         <input_file_ref idref="fl-a"/>
      </object_component>
      <object_component id="oc-7d1">
         <name>.text:CFAF128128B0145T_line</name>
         <load_address>0x41b0c</load_address>
         <run_address>0x41b0c</run_address>
         <size>0x14e</size>
         <input_file_ref idref="fl-6"/>
      </object_component>
      <object_component id="oc-7d9">
         <name>.text</name>
         <load_address>0x41c5a</load_address>
         <run_address>0x41c5a</run_address>
         <size>0x2</size>
         <input_file_ref idref="fl-de"/>
      </object_component>
      <object_component id="oc-a69">
         <name>.text:tcp_close_shutdown</name>
         <load_address>0x41c5c</load_address>
         <run_address>0x41c5c</run_address>
         <size>0x148</size>
         <input_file_ref idref="fl-a"/>
      </object_component>
      <object_component id="oc-130">
         <name>.text:tivaif_receive</name>
         <load_address>0x41da4</load_address>
         <run_address>0x41da4</run_address>
         <size>0x140</size>
         <input_file_ref idref="fl-a"/>
      </object_component>
      <object_component id="oc-7cb">
         <name>.text:CFAF128128B0145T__fastFill</name>
         <load_address>0x41ee4</load_address>
         <run_address>0x41ee4</run_address>
         <size>0x13c</size>
         <input_file_ref idref="fl-6"/>
      </object_component>
      <object_component id="oc-2ce">
         <name>.text:pbuf_alloc</name>
         <load_address>0x42020</load_address>
         <run_address>0x42020</run_address>
         <size>0x13c</size>
         <input_file_ref idref="fl-a"/>
      </object_component>
      <object_component id="oc-ac6">
         <name>.text:http_post_request</name>
         <load_address>0x4215c</load_address>
         <run_address>0x4215c</run_address>
         <size>0x12c</size>
         <input_file_ref idref="fl-8"/>
      </object_component>
      <object_component id="oc-75b">
         <name>.text:dhcp_create_msg</name>
         <load_address>0x42288</load_address>
         <run_address>0x42288</run_address>
         <size>0x124</size>
         <input_file_ref idref="fl-a"/>
      </object_component>
      <object_component id="oc-801">
         <name>.text:etharp_output</name>
         <load_address>0x423ac</load_address>
         <run_address>0x423ac</run_address>
         <size>0x11c</size>
         <input_file_ref idref="fl-a"/>
      </object_component>
      <object_component id="oc-788">
         <name>.text:etharp_query</name>
         <load_address>0x424c8</load_address>
         <run_address>0x424c8</run_address>
         <size>0x114</size>
         <input_file_ref idref="fl-a"/>
      </object_component>
      <object_component id="oc-ac0">
         <name>.text:http_find_file</name>
         <load_address>0x425dc</load_address>
         <run_address>0x425dc</run_address>
         <size>0x114</size>
         <input_file_ref idref="fl-8"/>
      </object_component>
      <object_component id="oc-8d9">
         <name>.text:tcp_listen_input</name>
         <load_address>0x426f0</load_address>
         <run_address>0x426f0</run_address>
         <size>0x114</size>
         <input_file_ref idref="fl-a"/>
      </object_component>
      <object_component id="oc-a17">
         <name>.text:http_parse_request</name>
         <load_address>0x42804</load_address>
         <run_address>0x42804</run_address>
         <size>0x10a</size>
         <input_file_ref idref="fl-8"/>
      </object_component>
      <object_component id="oc-807">
         <name>.text:tivaif_transmit</name>
         <load_address>0x42910</load_address>
         <run_address>0x42910</run_address>
         <size>0x100</size>
         <input_file_ref idref="fl-a"/>
      </object_component>
      <object_component id="oc-4b2">
         <name>.text:mem_malloc</name>
         <load_address>0x42a10</load_address>
         <run_address>0x42a10</run_address>
         <size>0xf8</size>
         <input_file_ref idref="fl-a"/>
      </object_component>
      <object_component id="oc-bb0">
         <name>.text:get_http_headers</name>
         <load_address>0x42b08</load_address>
         <run_address>0x42b08</run_address>
         <size>0xec</size>
         <input_file_ref idref="fl-8"/>
      </object_component>
      <object_component id="oc-216">
         <name>.text:lwIPInit</name>
         <load_address>0x42bf4</load_address>
         <run_address>0x42bf4</run_address>
         <size>0xec</size>
         <input_file_ref idref="fl-a"/>
      </object_component>
      <object_component id="oc-901">
         <name>.text:ip_output_if</name>
         <load_address>0x42ce0</load_address>
         <run_address>0x42ce0</run_address>
         <size>0xe8</size>
         <input_file_ref idref="fl-a"/>
      </object_component>
      <object_component id="oc-8c8">
         <name>.text:mem_trim</name>
         <load_address>0x42dc8</load_address>
         <run_address>0x42dc8</run_address>
         <size>0xe8</size>
         <input_file_ref idref="fl-a"/>
      </object_component>
      <object_component id="oc-76f">
         <name>.text:udp_sendto_if</name>
         <load_address>0x42eb0</load_address>
         <run_address>0x42eb0</run_address>
         <size>0xe8</size>
         <input_file_ref idref="fl-a"/>
      </object_component>
      <object_component id="oc-8ac">
         <name>.text:etharp_find_entry</name>
         <load_address>0x42f98</load_address>
         <run_address>0x42f98</run_address>
         <size>0xe0</size>
         <input_file_ref idref="fl-a"/>
      </object_component>
      <object_component id="oc-521">
         <name>.text:etharp_raw</name>
         <load_address>0x43078</load_address>
         <run_address>0x43078</run_address>
         <size>0xdc</size>
         <input_file_ref idref="fl-a"/>
      </object_component>
      <object_component id="oc-716">
         <name>.text:tcp_output_segment</name>
         <load_address>0x43154</load_address>
         <run_address>0x43154</run_address>
         <size>0xd8</size>
         <input_file_ref idref="fl-a"/>
      </object_component>
      <object_component id="oc-148">
         <name>.text:autoip_tmr</name>
         <load_address>0x4322c</load_address>
         <run_address>0x4322c</run_address>
         <size>0xd4</size>
         <input_file_ref idref="fl-a"/>
      </object_component>
      <object_component id="oc-552">
         <name>.text:dhcp_select</name>
         <load_address>0x43300</load_address>
         <run_address>0x43300</run_address>
         <size>0xd4</size>
         <input_file_ref idref="fl-a"/>
      </object_component>
      <object_component id="oc-aec">
         <name>.text:get_tag_insert</name>
         <load_address>0x433d4</load_address>
         <run_address>0x433d4</run_address>
         <size>0xd0</size>
         <input_file_ref idref="fl-8"/>
      </object_component>
      <object_component id="oc-816">
         <name>.text:tcp_alloc</name>
         <load_address>0x434a4</load_address>
         <run_address>0x434a4</run_address>
         <size>0xd0</size>
         <input_file_ref idref="fl-a"/>
      </object_component>
      <object_component id="oc-57a">
         <name>.text:dhcp_recv</name>
         <load_address>0x43574</load_address>
         <run_address>0x43574</run_address>
         <size>0xcc</size>
         <input_file_ref idref="fl-a"/>
      </object_component>
      <object_component id="oc-540">
         <name>.text:dhcp_bind</name>
         <load_address>0x43640</load_address>
         <run_address>0x43640</run_address>
         <size>0xc8</size>
         <input_file_ref idref="fl-a"/>
      </object_component>
      <object_component id="oc-99e">
         <name>.text:InitDMADescriptors</name>
         <load_address>0x43708</load_address>
         <run_address>0x43708</run_address>
         <size>0xc4</size>
         <input_file_ref idref="fl-a"/>
      </object_component>
      <object_component id="oc-558">
         <name>.text:dhcp_discover</name>
         <load_address>0x437cc</load_address>
         <run_address>0x437cc</run_address>
         <size>0xc4</size>
         <input_file_ref idref="fl-a"/>
      </object_component>
      <object_component id="oc-7f8">
         <name>.text:tivaif_hwinit</name>
         <load_address>0x43890</load_address>
         <run_address>0x43890</run_address>
         <size>0xbc</size>
         <input_file_ref idref="fl-a"/>
      </object_component>
      <object_component id="oc-b0c">
         <name>.text:tcp_create_segment</name>
         <load_address>0x4394c</load_address>
         <run_address>0x4394c</run_address>
         <size>0xb8</size>
         <input_file_ref idref="fl-a"/>
      </object_component>
      <object_component id="oc-136">
         <name>.text:lwIPHostTimerHandler</name>
         <load_address>0x43a04</load_address>
         <run_address>0x43a04</run_address>
         <size>0xb4</size>
         <input_file_ref idref="fl-2"/>
      </object_component>
      <object_component id="oc-b9">
         <name>.text:lwIPServiceTimers</name>
         <load_address>0x43ab8</load_address>
         <run_address>0x43ab8</run_address>
         <size>0xb0</size>
         <input_file_ref idref="fl-a"/>
      </object_component>
      <object_component id="oc-2c8">
         <name>.text:ethernet_input</name>
         <load_address>0x43b68</load_address>
         <run_address>0x43b68</run_address>
         <size>0xac</size>
         <input_file_ref idref="fl-a"/>
      </object_component>
      <object_component id="oc-a48">
         <name>.text:tcp_enqueue_flags</name>
         <load_address>0x43c14</load_address>
         <run_address>0x43c14</run_address>
         <size>0xac</size>
         <input_file_ref idref="fl-a"/>
      </object_component>
      <object_component id="oc-4df">
         <name>.text:tcp_zero_window_probe</name>
         <load_address>0x43cc0</load_address>
         <run_address>0x43cc0</run_address>
         <size>0xac</size>
         <input_file_ref idref="fl-a"/>
      </object_component>
      <object_component id="oc-54c">
         <name>.text:dhcp_release</name>
         <load_address>0x43d6c</load_address>
         <run_address>0x43d6c</run_address>
         <size>0xa8</size>
         <input_file_ref idref="fl-a"/>
      </object_component>
      <object_component id="oc-337">
         <name>.text:dhcp_start</name>
         <load_address>0x43e14</load_address>
         <run_address>0x43e14</run_address>
         <size>0xa8</size>
         <input_file_ref idref="fl-a"/>
      </object_component>
      <object_component id="oc-acd">
         <name>.text:httpd_post_receive_data</name>
         <load_address>0x43ebc</load_address>
         <run_address>0x43ebc</run_address>
         <size>0xa4</size>
         <input_file_ref idref="fl-2"/>
      </object_component>
      <object_component id="oc-738">
         <name>.text:inet_chksum_pseudo</name>
         <load_address>0x43f60</load_address>
         <run_address>0x43f60</run_address>
         <size>0xa0</size>
         <input_file_ref idref="fl-a"/>
      </object_component>
      <object_component id="oc-60">
         <name>.text</name>
         <load_address>0x44000</load_address>
         <run_address>0x44000</run_address>
         <size>0x9c</size>
         <input_file_ref idref="fl-cf"/>
      </object_component>
      <object_component id="oc-64f">
         <name>.text:tcp_listen_with_backlog</name>
         <load_address>0x4409c</load_address>
         <run_address>0x4409c</run_address>
         <size>0x9c</size>
         <input_file_ref idref="fl-a"/>
      </object_component>
      <object_component id="oc-53a">
         <name>.text:dhcp_reboot</name>
         <load_address>0x44138</load_address>
         <run_address>0x44138</run_address>
         <size>0x98</size>
         <input_file_ref idref="fl-a"/>
      </object_component>
      <object_component id="oc-8fb">
         <name>.text:pbuf_copy</name>
         <load_address>0x441d0</load_address>
         <run_address>0x441d0</run_address>
         <size>0x92</size>
         <input_file_ref idref="fl-a"/>
      </object_component>
      <object_component id="oc-93c">
         <name>.text:tcp_abandon</name>
         <load_address>0x44264</load_address>
         <run_address>0x44264</run_address>
         <size>0x90</size>
         <input_file_ref idref="fl-a"/>
      </object_component>
      <object_component id="oc-4f7">
         <name>.text:tcp_rst</name>
         <load_address>0x442f4</load_address>
         <run_address>0x442f4</run_address>
         <size>0x90</size>
         <input_file_ref idref="fl-a"/>
      </object_component>
      <object_component id="oc-857">
         <name>.text:http_recv</name>
         <load_address>0x44384</load_address>
         <run_address>0x44384</run_address>
         <size>0x8a</size>
         <input_file_ref idref="fl-8"/>
      </object_component>
      <object_component id="oc-425">
         <name>.text:LocatorReceive</name>
         <load_address>0x44410</load_address>
         <run_address>0x44410</run_address>
         <size>0x88</size>
         <input_file_ref idref="fl-9"/>
      </object_component>
      <object_component id="oc-15a">
         <name>.text:lwIPLinkDetect</name>
         <load_address>0x44498</load_address>
         <run_address>0x44498</run_address>
         <size>0x84</size>
         <input_file_ref idref="fl-a"/>
      </object_component>
      <object_component id="oc-8df">
         <name>.text:tcp_timewait_input</name>
         <load_address>0x4451c</load_address>
         <run_address>0x4451c</run_address>
         <size>0x84</size>
         <input_file_ref idref="fl-a"/>
      </object_component>
      <object_component id="oc-533">
         <name>.text:dhcp_rebind</name>
         <load_address>0x445a0</load_address>
         <run_address>0x445a0</run_address>
         <size>0x80</size>
         <input_file_ref idref="fl-a"/>
      </object_component>
      <object_component id="oc-52c">
         <name>.text:dhcp_renew</name>
         <load_address>0x44620</load_address>
         <run_address>0x44620</run_address>
         <size>0x80</size>
         <input_file_ref idref="fl-a"/>
      </object_component>
      <object_component id="oc-4c">
         <name>.text:lwIPEthernetIntHandler</name>
         <load_address>0x446a0</load_address>
         <run_address>0x446a0</run_address>
         <size>0x80</size>
         <input_file_ref idref="fl-a"/>
      </object_component>
      <object_component id="oc-409">
         <name>.text:lwIPPrivateInit</name>
         <load_address>0x44720</load_address>
         <run_address>0x44720</run_address>
         <size>0x80</size>
         <input_file_ref idref="fl-a"/>
      </object_component>
      <object_component id="oc-649">
         <name>.text:tcp_bind</name>
         <load_address>0x447a0</load_address>
         <run_address>0x447a0</run_address>
         <size>0x80</size>
         <input_file_ref idref="fl-a"/>
      </object_component>
      <object_component id="oc-69d">
         <name>.text:autoip_arp_reply</name>
         <load_address>0x44820</load_address>
         <run_address>0x44820</run_address>
         <size>0x7e</size>
         <input_file_ref idref="fl-a"/>
      </object_component>
      <object_component id="oc-7b4">
         <name>.text:dhcp_handle_ack</name>
         <load_address>0x448a0</load_address>
         <run_address>0x448a0</run_address>
         <size>0x7c</size>
         <input_file_ref idref="fl-a"/>
      </object_component>
      <object_component id="oc-31e">
         <name>.text:dhcp_timeout</name>
         <load_address>0x4491c</load_address>
         <run_address>0x4491c</run_address>
         <size>0x7c</size>
         <input_file_ref idref="fl-a"/>
      </object_component>
      <object_component id="oc-b1f">
         <name>.text:tcp_oos_insert_segment</name>
         <load_address>0x44998</load_address>
         <run_address>0x44998</run_address>
         <size>0x7c</size>
         <input_file_ref idref="fl-a"/>
      </object_component>
      <object_component id="oc-a42">
         <name>.text:tcp_parseopt</name>
         <load_address>0x44a14</load_address>
         <run_address>0x44a14</run_address>
         <size>0x7c</size>
         <input_file_ref idref="fl-a"/>
      </object_component>
      <object_component id="oc-124">
         <name>.text:tivaif_process_phy_interrupt</name>
         <load_address>0x44a90</load_address>
         <run_address>0x44a90</run_address>
         <size>0x7c</size>
         <input_file_ref idref="fl-a"/>
      </object_component>
      <object_component id="oc-e7">
         <name>.text</name>
         <load_address>0x44b0c</load_address>
         <run_address>0x44b0c</run_address>
         <size>0x7a</size>
         <input_file_ref idref="fl-ce"/>
      </object_component>
      <object_component id="oc-b5f">
         <name>.text:http_init_file</name>
         <load_address>0x44b88</load_address>
         <run_address>0x44b88</run_address>
         <size>0x79</size>
         <input_file_ref idref="fl-8"/>
      </object_component>
      <object_component id="oc-700">
         <name>.text:CFAF128128B0145T__setWindow</name>
         <load_address>0x44c04</load_address>
         <run_address>0x44c04</run_address>
         <size>0x74</size>
         <input_file_ref idref="fl-6"/>
      </object_component>
      <object_component id="oc-6a3">
         <name>.text:etharp_update_arp_entry</name>
         <load_address>0x44c78</load_address>
         <run_address>0x44c78</run_address>
         <size>0x74</size>
         <input_file_ref idref="fl-a"/>
      </object_component>
      <object_component id="oc-6c9">
         <name>.text:raw_input</name>
         <load_address>0x44cec</load_address>
         <run_address>0x44cec</run_address>
         <size>0x74</size>
         <input_file_ref idref="fl-a"/>
      </object_component>
      <object_component id="oc-b47">
         <name>.text:extract_uri_parameters</name>
         <load_address>0x44d60</load_address>
         <run_address>0x44d60</run_address>
         <size>0x72</size>
         <input_file_ref idref="fl-8"/>
      </object_component>
      <object_component id="oc-2db">
         <name>.text:DisplayIPAddress</name>
         <load_address>0x44dd4</load_address>
         <run_address>0x44dd4</run_address>
         <size>0x70</size>
         <input_file_ref idref="fl-2"/>
      </object_component>
      <object_component id="oc-47c">
         <name>.text:mem_free</name>
         <load_address>0x44e44</load_address>
         <run_address>0x44e44</run_address>
         <size>0x70</size>
         <input_file_ref idref="fl-a"/>
      </object_component>
      <object_component id="oc-2ed">
         <name>.text:tcp_fasttmr</name>
         <load_address>0x44eb4</load_address>
         <run_address>0x44eb4</run_address>
         <size>0x70</size>
         <input_file_ref idref="fl-a"/>
      </object_component>
      <object_component id="oc-3b8">
         <name>.text:CFAF128128B0145T__writeData88</name>
         <load_address>0x44f24</load_address>
         <run_address>0x44f24</run_address>
         <size>0x6c</size>
         <input_file_ref idref="fl-6"/>
      </object_component>
      <object_component id="oc-a29">
         <name>.text:http_close_conn</name>
         <load_address>0x44f90</load_address>
         <run_address>0x44f90</run_address>
         <size>0x6c</size>
         <input_file_ref idref="fl-8"/>
      </object_component>
      <object_component id="oc-8d1">
         <name>.text:icmp_send_response</name>
         <load_address>0x44ffc</load_address>
         <run_address>0x44ffc</run_address>
         <size>0x6c</size>
         <input_file_ref idref="fl-a"/>
      </object_component>
      <object_component id="oc-7e7">
         <name>.text:memp_init</name>
         <load_address>0x45068</load_address>
         <run_address>0x45068</run_address>
         <size>0x6c</size>
         <input_file_ref idref="fl-a"/>
      </object_component>
      <object_component id="oc-918">
         <name>.text:CFAF128128B0145T__writeData16</name>
         <load_address>0x450d4</load_address>
         <run_address>0x450d4</run_address>
         <size>0x68</size>
         <input_file_ref idref="fl-6"/>
      </object_component>
      <object_component id="oc-9c8">
         <name>.text:IntEnable</name>
         <load_address>0x4513c</load_address>
         <run_address>0x4513c</run_address>
         <size>0x68</size>
         <input_file_ref idref="fl-14"/>
      </object_component>
      <object_component id="oc-16">
         <name>.text:decompress:lzss:__TI_decompress_lzss</name>
         <load_address>0x451a4</load_address>
         <run_address>0x451a4</run_address>
         <size>0x68</size>
         <input_file_ref idref="fl-d3"/>
      </object_component>
      <object_component id="oc-8ba">
         <name>.text:dhcp_decline</name>
         <load_address>0x4520c</load_address>
         <run_address>0x4520c</run_address>
         <size>0x68</size>
         <input_file_ref idref="fl-a"/>
      </object_component>
      <object_component id="oc-8c1">
         <name>.text:lwip_standard_chksum</name>
         <load_address>0x45274</load_address>
         <run_address>0x45274</run_address>
         <size>0x68</size>
         <input_file_ref idref="fl-a"/>
      </object_component>
      <object_component id="oc-508">
         <name>.text:netif_set_ipaddr</name>
         <load_address>0x452dc</load_address>
         <run_address>0x452dc</run_address>
         <size>0x68</size>
         <input_file_ref idref="fl-a"/>
      </object_component>
      <object_component id="oc-973">
         <name>.text:sys_timeout</name>
         <load_address>0x45344</load_address>
         <run_address>0x45344</run_address>
         <size>0x68</size>
         <input_file_ref idref="fl-a"/>
      </object_component>
      <object_component id="oc-72c">
         <name>.text:tcp_output_alloc_header</name>
         <load_address>0x453ac</load_address>
         <run_address>0x453ac</run_address>
         <size>0x68</size>
         <input_file_ref idref="fl-a"/>
      </object_component>
      <object_component id="oc-4d0">
         <name>.text:tcp_process_refused_data</name>
         <load_address>0x45414</load_address>
         <run_address>0x45414</run_address>
         <size>0x68</size>
         <input_file_ref idref="fl-a"/>
      </object_component>
      <object_component id="oc-41c">
         <name>.text:udp_bind</name>
         <load_address>0x4547c</load_address>
         <run_address>0x4547c</run_address>
         <size>0x68</size>
         <input_file_ref idref="fl-a"/>
      </object_component>
      <object_component id="oc-732">
         <name>.text:pbuf_copy_partial</name>
         <load_address>0x454e4</load_address>
         <run_address>0x454e4</run_address>
         <size>0x66</size>
         <input_file_ref idref="fl-a"/>
      </object_component>
      <object_component id="oc-496">
         <name>.text:pbuf_header</name>
         <load_address>0x4554a</load_address>
         <run_address>0x4554a</run_address>
         <size>0x64</size>
         <input_file_ref idref="fl-a"/>
      </object_component>
      <object_component id="oc-5db">
         <name>.text:CFAF128128B0145T_rectangle</name>
         <load_address>0x455b0</load_address>
         <run_address>0x455b0</run_address>
         <size>0x60</size>
         <input_file_ref idref="fl-6"/>
      </object_component>
      <object_component id="oc-20a">
         <name>.text:UARTStdioConfig</name>
         <load_address>0x45610</load_address>
         <run_address>0x45610</run_address>
         <size>0x60</size>
         <input_file_ref idref="fl-b"/>
      </object_component>
      <object_component id="oc-690">
         <name>.text:plug_holes</name>
         <load_address>0x45670</load_address>
         <run_address>0x45670</run_address>
         <size>0x60</size>
         <input_file_ref idref="fl-a"/>
      </object_component>
      <object_component id="oc-7e1">
         <name>.text:mem_init</name>
         <load_address>0x456d0</load_address>
         <run_address>0x456d0</run_address>
         <size>0x5c</size>
         <input_file_ref idref="fl-a"/>
      </object_component>
      <object_component id="oc-4e5">
         <name>.text:tcp_keepalive</name>
         <load_address>0x4572c</load_address>
         <run_address>0x4572c</run_address>
         <size>0x5c</size>
         <input_file_ref idref="fl-a"/>
      </object_component>
      <object_component id="oc-8eb">
         <name>.text:tcp_pcb_remove</name>
         <load_address>0x45788</load_address>
         <run_address>0x45788</run_address>
         <size>0x5c</size>
         <input_file_ref idref="fl-a"/>
      </object_component>
      <object_component id="oc-710">
         <name>.text:tcp_send_empty_ack</name>
         <load_address>0x457e4</load_address>
         <run_address>0x457e4</run_address>
         <size>0x5c</size>
         <input_file_ref idref="fl-a"/>
      </object_component>
      <object_component id="oc-af3">
         <name>.text:httpd_post_finished</name>
         <load_address>0x45840</load_address>
         <run_address>0x45840</run_address>
         <size>0x5a</size>
         <input_file_ref idref="fl-2"/>
      </object_component>
      <object_component id="oc-6bd">
         <name>.text:pbuf_realloc</name>
         <load_address>0x4589a</load_address>
         <run_address>0x4589a</run_address>
         <size>0x5a</size>
         <input_file_ref idref="fl-a"/>
      </object_component>
      <object_component id="oc-403">
         <name>.text:EMACPHYConfigSet</name>
         <load_address>0x458f4</load_address>
         <run_address>0x458f4</run_address>
         <size>0x58</size>
         <input_file_ref idref="fl-12"/>
      </object_component>
      <object_component id="oc-581">
         <name>.text:autoip_create_addr</name>
         <load_address>0x4594c</load_address>
         <run_address>0x4594c</run_address>
         <size>0x58</size>
         <input_file_ref idref="fl-a"/>
      </object_component>
      <object_component id="oc-33d">
         <name>.text:autoip_start</name>
         <load_address>0x459a4</load_address>
         <run_address>0x459a4</run_address>
         <size>0x58</size>
         <input_file_ref idref="fl-a"/>
      </object_component>
      <object_component id="oc-661">
         <name>.text:http_accept</name>
         <load_address>0x459fc</load_address>
         <run_address>0x459fc</run_address>
         <size>0x58</size>
         <input_file_ref idref="fl-8"/>
      </object_component>
      <object_component id="oc-4a6">
         <name>.text:memp_malloc</name>
         <load_address>0x45a54</load_address>
         <run_address>0x45a54</run_address>
         <size>0x58</size>
         <input_file_ref idref="fl-a"/>
      </object_component>
      <object_component id="oc-81e">
         <name>.text:tcp_new_port</name>
         <load_address>0x45aac</load_address>
         <run_address>0x45aac</run_address>
         <size>0x58</size>
         <input_file_ref idref="fl-a"/>
      </object_component>
      <object_component id="oc-a56">
         <name>.text:tcp_rexmit</name>
         <load_address>0x45b04</load_address>
         <run_address>0x45b04</run_address>
         <size>0x56</size>
         <input_file_ref idref="fl-a"/>
      </object_component>
      <object_component id="oc-3ac">
         <name>.text:CFAF128128B0145T__writeCommand</name>
         <load_address>0x45b5c</load_address>
         <run_address>0x45b5c</run_address>
         <size>0x54</size>
         <input_file_ref idref="fl-6"/>
      </object_component>
      <object_component id="oc-5cc">
         <name>.text:CFAF128128B0145T__writeData</name>
         <load_address>0x45bb0</load_address>
         <run_address>0x45bb0</run_address>
         <size>0x54</size>
         <input_file_ref idref="fl-6"/>
      </object_component>
      <object_component id="oc-21c">
         <name>.text:LocatorInit</name>
         <load_address>0x45c04</load_address>
         <run_address>0x45c04</run_address>
         <size>0x54</size>
         <input_file_ref idref="fl-9"/>
      </object_component>
      <object_component id="oc-bcc">
         <name>.text:tcp_pbuf_prealloc</name>
         <load_address>0x45c58</load_address>
         <run_address>0x45c58</run_address>
         <size>0x52</size>
         <input_file_ref idref="fl-a"/>
      </object_component>
      <object_component id="oc-12a">
         <name>.text:tivaif_process_transmit</name>
         <load_address>0x45caa</load_address>
         <run_address>0x45caa</run_address>
         <size>0x52</size>
         <input_file_ref idref="fl-a"/>
      </object_component>
      <object_component id="oc-5fa">
         <name>.text:SysCtlPeripheralReset</name>
         <load_address>0x45cfc</load_address>
         <run_address>0x45cfc</run_address>
         <size>0x50</size>
         <input_file_ref idref="fl-17"/>
      </object_component>
      <object_component id="oc-5ee">
         <name>.text:UARTwrite</name>
         <load_address>0x45d4c</load_address>
         <run_address>0x45d4c</run_address>
         <size>0x50</size>
         <input_file_ref idref="fl-b"/>
      </object_component>
      <object_component id="oc-613">
         <name>.text:netif_add</name>
         <load_address>0x45d9c</load_address>
         <run_address>0x45d9c</run_address>
         <size>0x50</size>
         <input_file_ref idref="fl-a"/>
      </object_component>
      <object_component id="oc-7ed">
         <name>.text:sys_timeouts_init</name>
         <load_address>0x45dec</load_address>
         <run_address>0x45dec</run_address>
         <size>0x50</size>
         <input_file_ref idref="fl-a"/>
      </object_component>
      <object_component id="oc-bc6">
         <name>.text:tcp_write_checks</name>
         <load_address>0x45e3c</load_address>
         <run_address>0x45e3c</run_address>
         <size>0x50</size>
         <input_file_ref idref="fl-a"/>
      </object_component>
      <object_component id="oc-587">
         <name>.text:autoip_start_probing</name>
         <load_address>0x45e8c</load_address>
         <run_address>0x45e8c</run_address>
         <size>0x4e</size>
         <input_file_ref idref="fl-a"/>
      </object_component>
      <object_component id="oc-8f5">
         <name>.text:inet_chksum_pbuf</name>
         <load_address>0x45eda</load_address>
         <run_address>0x45eda</run_address>
         <size>0x4e</size>
         <input_file_ref idref="fl-a"/>
      </object_component>
      <object_component id="oc-2bb">
         <name>.text:pbuf_free</name>
         <load_address>0x45f28</load_address>
         <run_address>0x45f28</run_address>
         <size>0x4e</size>
         <input_file_ref idref="fl-a"/>
      </object_component>
      <object_component id="oc-37c">
         <name>.text:GPIOPinConfigure</name>
         <load_address>0x45f78</load_address>
         <run_address>0x45f78</run_address>
         <size>0x4c</size>
         <input_file_ref idref="fl-13"/>
      </object_component>
      <object_component id="oc-b6e">
         <name>.text:atoi</name>
         <load_address>0x45fc4</load_address>
         <run_address>0x45fc4</run_address>
         <size>0x4c</size>
         <input_file_ref idref="fl-d4"/>
      </object_component>
      <object_component id="oc-b4d">
         <name>.text:fs_open</name>
         <load_address>0x46010</load_address>
         <run_address>0x46010</run_address>
         <size>0x4c</size>
         <input_file_ref idref="fl-4"/>
      </object_component>
      <object_component id="oc-80f">
         <name>.text:ip_route</name>
         <load_address>0x4605c</load_address>
         <run_address>0x4605c</run_address>
         <size>0x4c</size>
         <input_file_ref idref="fl-a"/>
      </object_component>
      <object_component id="oc-ab4">
         <name>.text:strnstr</name>
         <load_address>0x460a8</load_address>
         <run_address>0x460a8</run_address>
         <size>0x4c</size>
         <input_file_ref idref="fl-8"/>
      </object_component>
      <object_component id="oc-b3">
         <name>.text:tivaif_interrupt</name>
         <load_address>0x460f4</load_address>
         <run_address>0x460f4</run_address>
         <size>0x4c</size>
         <input_file_ref idref="fl-a"/>
      </object_component>
      <object_component id="oc-574">
         <name>.text:udp_connect</name>
         <load_address>0x46140</load_address>
         <run_address>0x46140</run_address>
         <size>0x4c</size>
         <input_file_ref idref="fl-a"/>
      </object_component>
      <object_component id="oc-628">
         <name>.text:udp_new_port</name>
         <load_address>0x4618c</load_address>
         <run_address>0x4618c</run_address>
         <size>0x4c</size>
         <input_file_ref idref="fl-a"/>
      </object_component>
      <object_component id="oc-b53">
         <name>.text:http_get_404_file</name>
         <load_address>0x461d8</load_address>
         <run_address>0x461d8</run_address>
         <size>0x4b</size>
         <input_file_ref idref="fl-8"/>
      </object_component>
      <object_component id="oc-34c">
         <name>.text:_SysCtlFrequencyGet</name>
         <load_address>0x46224</load_address>
         <run_address>0x46224</run_address>
         <size>0x48</size>
         <input_file_ref idref="fl-17"/>
      </object_component>
      <object_component id="oc-9dd">
         <name>.text:etharp_output_to_arp_index</name>
         <load_address>0x4626c</load_address>
         <run_address>0x4626c</run_address>
         <size>0x48</size>
         <input_file_ref idref="fl-a"/>
      </object_component>
      <object_component id="oc-ada">
         <name>.text:http_write</name>
         <load_address>0x462b4</load_address>
         <run_address>0x462b4</run_address>
         <size>0x48</size>
         <input_file_ref idref="fl-8"/>
      </object_component>
      <object_component id="oc-73e">
         <name>.text:ip_output</name>
         <load_address>0x462fc</load_address>
         <run_address>0x462fc</run_address>
         <size>0x48</size>
         <input_file_ref idref="fl-a"/>
      </object_component>
      <object_component id="oc-9fe">
         <name>.text:tcp_kill_prio</name>
         <load_address>0x46344</load_address>
         <run_address>0x46344</run_address>
         <size>0x48</size>
         <input_file_ref idref="fl-a"/>
      </object_component>
      <object_component id="oc-b13">
         <name>.text:tcp_rexmit_fast</name>
         <load_address>0x4638c</load_address>
         <run_address>0x4638c</run_address>
         <size>0x48</size>
         <input_file_ref idref="fl-a"/>
      </object_component>
      <object_component id="oc-9e4">
         <name>.text:tivaif_check_pbuf</name>
         <load_address>0x463d4</load_address>
         <run_address>0x463d4</run_address>
         <size>0x48</size>
         <input_file_ref idref="fl-a"/>
      </object_component>
      <object_component id="oc-b29">
         <name>.text:tcp_send_fin</name>
         <load_address>0x4641c</load_address>
         <run_address>0x4641c</run_address>
         <size>0x46</size>
         <input_file_ref idref="fl-a"/>
      </object_component>
      <object_component id="oc-242">
         <name>.text:__TI_auto_init_nobinit_nopinit:__TI_auto_init_nobinit_nopinit</name>
         <load_address>0x46464</load_address>
         <run_address>0x46464</run_address>
         <size>0x44</size>
         <input_file_ref idref="fl-df"/>
      </object_component>
      <object_component id="oc-45b">
         <name>.text:dhcp_network_changed</name>
         <load_address>0x464a8</load_address>
         <run_address>0x464a8</run_address>
         <size>0x42</size>
         <input_file_ref idref="fl-a"/>
      </object_component>
      <object_component id="oc-780">
         <name>.text:dhcp_option_long</name>
         <load_address>0x464ea</load_address>
         <run_address>0x464ea</run_address>
         <size>0x42</size>
         <input_file_ref idref="fl-a"/>
      </object_component>
      <object_component id="oc-4f1">
         <name>.text:tcp_pcb_purge</name>
         <load_address>0x4652c</load_address>
         <run_address>0x4652c</run_address>
         <size>0x42</size>
         <input_file_ref idref="fl-a"/>
      </object_component>
      <object_component id="oc-13c">
         <name>.text:etharp_tmr</name>
         <load_address>0x46570</load_address>
         <run_address>0x46570</run_address>
         <size>0x40</size>
         <input_file_ref idref="fl-a"/>
      </object_component>
      <object_component id="oc-5f4">
         <name>.text</name>
         <load_address>0x465b0</load_address>
         <run_address>0x465b0</run_address>
         <size>0x40</size>
         <input_file_ref idref="fl-d0"/>
      </object_component>
      <object_component id="oc-2a8">
         <name>.text:netif_set_link_up</name>
         <load_address>0x465f0</load_address>
         <run_address>0x465f0</run_address>
         <size>0x3e</size>
         <input_file_ref idref="fl-a"/>
      </object_component>
      <object_component id="oc-3d6">
         <name>.text:CFAF128128B0145T_clear</name>
         <load_address>0x46630</load_address>
         <run_address>0x46630</run_address>
         <size>0x3c</size>
         <input_file_ref idref="fl-6"/>
      </object_component>
      <object_component id="oc-388">
         <name>.text:SSIConfigSetExpClk</name>
         <load_address>0x4666c</load_address>
         <run_address>0x4666c</run_address>
         <size>0x3c</size>
         <input_file_ref idref="fl-15"/>
      </object_component>
      <object_component id="oc-14e">
         <name>.text:dhcp_coarse_tmr</name>
         <load_address>0x466a8</load_address>
         <run_address>0x466a8</run_address>
         <size>0x3c</size>
         <input_file_ref idref="fl-a"/>
      </object_component>
      <object_component id="oc-b74">
         <name>.text:httpd_post_begin</name>
         <load_address>0x466e4</load_address>
         <run_address>0x466e4</run_address>
         <size>0x3c</size>
         <input_file_ref idref="fl-2"/>
      </object_component>
      <object_component id="oc-9c2">
         <name>.text:EMACIntEnable</name>
         <load_address>0x46720</load_address>
         <run_address>0x46720</run_address>
         <size>0x3a</size>
         <input_file_ref idref="fl-12"/>
      </object_component>
      <object_component id="oc-ae6">
         <name>.text:fs_read</name>
         <load_address>0x4675a</load_address>
         <run_address>0x4675a</run_address>
         <size>0x3a</size>
         <input_file_ref idref="fl-4"/>
      </object_component>
      <object_component id="oc-3c4">
         <name>.text:CFAF128128B0145T_setOrientation</name>
         <load_address>0x46794</load_address>
         <run_address>0x46794</run_address>
         <size>0x38</size>
         <input_file_ref idref="fl-6"/>
      </object_component>
      <object_component id="oc-2b4">
         <name>.text:EMACConfigSet</name>
         <load_address>0x467cc</load_address>
         <run_address>0x467cc</run_address>
         <size>0x38</size>
         <input_file_ref idref="fl-12"/>
      </object_component>
      <object_component id="oc-228">
         <name>.text:LocatorAppTitleSet</name>
         <load_address>0x46804</load_address>
         <run_address>0x46804</run_address>
         <size>0x38</size>
         <input_file_ref idref="fl-9"/>
      </object_component>
      <object_component id="oc-370">
         <name>.text:SysCtlPeripheralReady</name>
         <load_address>0x4683c</load_address>
         <run_address>0x4683c</run_address>
         <size>0x38</size>
         <input_file_ref idref="fl-17"/>
      </object_component>
      <object_component id="oc-154">
         <name>.text:dhcp_fine_tmr</name>
         <load_address>0x46874</load_address>
         <run_address>0x46874</run_address>
         <size>0x38</size>
         <input_file_ref idref="fl-a"/>
      </object_component>
      <object_component id="oc-7ae">
         <name>.text:dhcp_handle_nak</name>
         <load_address>0x468ac</load_address>
         <run_address>0x468ac</run_address>
         <size>0x38</size>
         <input_file_ref idref="fl-a"/>
      </object_component>
      <object_component id="oc-32b">
         <name>.text:dhcp_stop</name>
         <load_address>0x468e4</load_address>
         <run_address>0x468e4</run_address>
         <size>0x38</size>
         <input_file_ref idref="fl-a"/>
      </object_component>
      <object_component id="oc-432">
         <name>.text:httpd_init_addr</name>
         <load_address>0x4691c</load_address>
         <run_address>0x4691c</run_address>
         <size>0x38</size>
         <input_file_ref idref="fl-8"/>
      </object_component>
      <object_component id="oc-482">
         <name>.text:memp_free</name>
         <load_address>0x46954</load_address>
         <run_address>0x46954</run_address>
         <size>0x38</size>
         <input_file_ref idref="fl-a"/>
      </object_component>
      <object_component id="oc-a08">
         <name>.text:tcpip_tcp_timer</name>
         <load_address>0x4698c</load_address>
         <run_address>0x4698c</run_address>
         <size>0x38</size>
         <input_file_ref idref="fl-a"/>
      </object_component>
      <object_component id="oc-632">
         <name>.text:udp_sendto</name>
         <load_address>0x469c4</load_address>
         <run_address>0x469c4</run_address>
         <size>0x38</size>
         <input_file_ref idref="fl-a"/>
      </object_component>
      <object_component id="oc-b7b">
         <name>.text:strncpy</name>
         <load_address>0x469fc</load_address>
         <run_address>0x469fc</run_address>
         <size>0x36</size>
         <input_file_ref idref="fl-db"/>
      </object_component>
      <object_component id="oc-ba3">
         <name>.text:ustrncmp</name>
         <load_address>0x46a32</load_address>
         <run_address>0x46a32</run_address>
         <size>0x36</size>
         <input_file_ref idref="fl-c"/>
      </object_component>
      <object_component id="oc-46">
         <name>.text:AnimTimerIntHandler</name>
         <load_address>0x46a68</load_address>
         <run_address>0x46a68</run_address>
         <size>0x34</size>
         <input_file_ref idref="fl-2"/>
      </object_component>
      <object_component id="oc-2ae">
         <name>.text:EMACConfigGet</name>
         <load_address>0x46a9c</load_address>
         <run_address>0x46a9c</run_address>
         <size>0x34</size>
         <input_file_ref idref="fl-12"/>
      </object_component>
      <object_component id="oc-9b0">
         <name>.text:EMACIntClear</name>
         <load_address>0x46ad0</load_address>
         <run_address>0x46ad0</run_address>
         <size>0x34</size>
         <input_file_ref idref="fl-12"/>
      </object_component>
      <object_component id="oc-36a">
         <name>.text:SysCtlPeripheralEnable</name>
         <load_address>0x46b04</load_address>
         <run_address>0x46b04</run_address>
         <size>0x34</size>
         <input_file_ref idref="fl-17"/>
      </object_component>
      <object_component id="oc-7e">
         <name>.text:_c_int00_noargs:_c_int00_noargs</name>
         <load_address>0x46b38</load_address>
         <run_address>0x46b38</run_address>
         <size>0x34</size>
         <input_file_ref idref="fl-dd"/>
      </object_component>
      <object_component id="oc-309">
         <name>.text:autoip_arp_probe</name>
         <load_address>0x46b6c</load_address>
         <run_address>0x46b6c</run_address>
         <size>0x34</size>
         <input_file_ref idref="fl-a"/>
      </object_component>
      <object_component id="oc-869">
         <name>.text:http_poll</name>
         <load_address>0x46ba0</load_address>
         <run_address>0x46ba0</run_address>
         <size>0x34</size>
         <input_file_ref idref="fl-8"/>
      </object_component>
      <object_component id="oc-b59">
         <name>.text:strstr</name>
         <load_address>0x46bd4</load_address>
         <run_address>0x46bd4</run_address>
         <size>0x34</size>
         <input_file_ref idref="fl-dc"/>
      </object_component>
      <object_component id="oc-9f8">
         <name>.text:tcp_kill_timewait</name>
         <load_address>0x46c08</load_address>
         <run_address>0x46c08</run_address>
         <size>0x34</size>
         <input_file_ref idref="fl-a"/>
      </object_component>
      <object_component id="oc-824">
         <name>.text:tcp_timer_needed</name>
         <load_address>0x46c3c</load_address>
         <run_address>0x46c3c</run_address>
         <size>0x34</size>
         <input_file_ref idref="fl-a"/>
      </object_component>
      <object_component id="oc-61f">
         <name>.text:tivaif_init</name>
         <load_address>0x46c70</load_address>
         <run_address>0x46c70</run_address>
         <size>0x34</size>
         <input_file_ref idref="fl-a"/>
      </object_component>
      <object_component id="oc-a1d">
         <name>.text:http_post_rxpbuf</name>
         <load_address>0x46ca4</load_address>
         <run_address>0x46ca4</run_address>
         <size>0x32</size>
         <input_file_ref idref="fl-8"/>
      </object_component>
      <object_component id="oc-6c3">
         <name>.text:ip4_addr_isbroadcast</name>
         <load_address>0x46cd6</load_address>
         <run_address>0x46cd6</run_address>
         <size>0x32</size>
         <input_file_ref idref="fl-a"/>
      </object_component>
      <object_component id="oc-931">
         <name>.text:tcp_recved</name>
         <load_address>0x46d08</load_address>
         <run_address>0x46d08</run_address>
         <size>0x32</size>
         <input_file_ref idref="fl-a"/>
      </object_component>
      <object_component id="oc-769">
         <name>.text:dhcp_option_trailer</name>
         <load_address>0x46d3a</load_address>
         <run_address>0x46d3a</run_address>
         <size>0x30</size>
         <input_file_ref idref="fl-a"/>
      </object_component>
      <object_component id="oc-a70">
         <name>.text:tcp_update_rcv_ann_wnd</name>
         <load_address>0x46d6a</load_address>
         <run_address>0x46d6a</run_address>
         <size>0x30</size>
         <input_file_ref idref="fl-a"/>
      </object_component>
      <object_component id="oc-560">
         <name>.text:udp_remove</name>
         <load_address>0x46d9c</load_address>
         <run_address>0x46d9c</run_address>
         <size>0x30</size>
         <input_file_ref idref="fl-a"/>
      </object_component>
      <object_component id="oc-4d9">
         <name>.text:tcp_rexmit_rto</name>
         <load_address>0x46dcc</load_address>
         <run_address>0x46dcc</run_address>
         <size>0x2e</size>
         <input_file_ref idref="fl-a"/>
      </object_component>
      <object_component id="oc-706">
         <name>.text:CFAF128128B0145T_point</name>
         <load_address>0x46dfa</load_address>
         <run_address>0x46dfa</run_address>
         <size>0x2c</size>
         <input_file_ref idref="fl-6"/>
      </object_component>
      <object_component id="oc-a1">
         <name>.text:EMACIntStatus</name>
         <load_address>0x46e26</load_address>
         <run_address>0x46e26</run_address>
         <size>0x2c</size>
         <input_file_ref idref="fl-12"/>
      </object_component>
      <object_component id="oc-5a6">
         <name>.text:GPIODirModeSet</name>
         <load_address>0x46e52</load_address>
         <run_address>0x46e52</run_address>
         <size>0x2c</size>
         <input_file_ref idref="fl-13"/>
      </object_component>
      <object_component id="oc-303">
         <name>.text:autoip_arp_announce</name>
         <load_address>0x46e80</load_address>
         <run_address>0x46e80</run_address>
         <size>0x2c</size>
         <input_file_ref idref="fl-a"/>
      </object_component>
      <object_component id="oc-7a8">
         <name>.text:dhcp_handle_offer</name>
         <load_address>0x46eac</load_address>
         <run_address>0x46eac</run_address>
         <size>0x2c</size>
         <input_file_ref idref="fl-a"/>
      </object_component>
      <object_component id="oc-467">
         <name>.text:etharp_request</name>
         <load_address>0x46ed8</load_address>
         <run_address>0x46ed8</run_address>
         <size>0x2c</size>
         <input_file_ref idref="fl-a"/>
      </object_component>
      <object_component id="oc-aba">
         <name>.text:strncmp</name>
         <load_address>0x46f04</load_address>
         <run_address>0x46f04</run_address>
         <size>0x2c</size>
         <input_file_ref idref="fl-da"/>
      </object_component>
      <object_component id="oc-2fd">
         <name>.text:autoip_bind</name>
         <load_address>0x46f30</load_address>
         <run_address>0x46f30</run_address>
         <size>0x2a</size>
         <input_file_ref idref="fl-a"/>
      </object_component>
      <object_component id="oc-2c2">
         <name>.text:pbuf_cat</name>
         <load_address>0x46f5a</load_address>
         <run_address>0x46f5a</run_address>
         <size>0x2a</size>
         <input_file_ref idref="fl-a"/>
      </object_component>
      <object_component id="oc-908">
         <name>.text:ustrncpy</name>
         <load_address>0x46f84</load_address>
         <run_address>0x46f84</run_address>
         <size>0x2a</size>
         <input_file_ref idref="fl-c"/>
      </object_component>
      <object_component id="oc-79a">
         <name>.text:etharp_cleanup_netif</name>
         <load_address>0x46fb0</load_address>
         <run_address>0x46fb0</run_address>
         <size>0x28</size>
         <input_file_ref idref="fl-a"/>
      </object_component>
      <object_component id="oc-29c">
         <name>.text:EMACPHYRead</name>
         <load_address>0x46fd8</load_address>
         <run_address>0x46fd8</run_address>
         <size>0x26</size>
         <input_file_ref idref="fl-12"/>
      </object_component>
      <object_component id="oc-9a4">
         <name>.text:EMACPHYWrite</name>
         <load_address>0x46ffe</load_address>
         <run_address>0x46ffe</run_address>
         <size>0x26</size>
         <input_file_ref idref="fl-12"/>
      </object_component>
      <object_component id="oc-546">
         <name>.text:dhcp_check</name>
         <load_address>0x47024</load_address>
         <run_address>0x47024</run_address>
         <size>0x26</size>
         <input_file_ref idref="fl-a"/>
      </object_component>
      <object_component id="oc-a30">
         <name>.text:http_state_free</name>
         <load_address>0x4704a</load_address>
         <run_address>0x4704a</run_address>
         <size>0x26</size>
         <input_file_ref idref="fl-8"/>
      </object_component>
      <object_component id="oc-724">
         <name>.text:tcp_recv_null</name>
         <load_address>0x47070</load_address>
         <run_address>0x47070</run_address>
         <size>0x26</size>
         <input_file_ref idref="fl-a"/>
      </object_component>
      <object_component id="oc-2e3">
         <name>.text:etharp_free_entry</name>
         <load_address>0x47098</load_address>
         <run_address>0x47098</run_address>
         <size>0x24</size>
         <input_file_ref idref="fl-a"/>
      </object_component>
      <object_component id="oc-ad3">
         <name>.text:http_handle_post_finished</name>
         <load_address>0x470bc</load_address>
         <run_address>0x470bc</run_address>
         <size>0x24</size>
         <input_file_ref idref="fl-8"/>
      </object_component>
      <object_component id="oc-48a">
         <name>.text:memcmp</name>
         <load_address>0x470e0</load_address>
         <run_address>0x470e0</run_address>
         <size>0x24</size>
         <input_file_ref idref="fl-d6"/>
      </object_component>
      <object_component id="oc-51a">
         <name>.text:netif_set_up</name>
         <load_address>0x47104</load_address>
         <run_address>0x47104</run_address>
         <size>0x24</size>
         <input_file_ref idref="fl-a"/>
      </object_component>
      <object_component id="oc-b19">
         <name>.text:tcp_seg_copy</name>
         <load_address>0x47128</load_address>
         <run_address>0x47128</run_address>
         <size>0x24</size>
         <input_file_ref idref="fl-a"/>
      </object_component>
      <object_component id="oc-763">
         <name>.text:dhcp_option_short</name>
         <load_address>0x4714c</load_address>
         <run_address>0x4714c</run_address>
         <size>0x22</size>
         <input_file_ref idref="fl-a"/>
      </object_component>
      <object_component id="oc-839">
         <name>.text:http_state_alloc</name>
         <load_address>0x4716e</load_address>
         <run_address>0x4716e</run_address>
         <size>0x22</size>
         <input_file_ref idref="fl-8"/>
      </object_component>
      <object_component id="oc-3be">
         <name>.text:CFAF128128B0145T__writeData8888</name>
         <load_address>0x47190</load_address>
         <run_address>0x47190</run_address>
         <size>0x20</size>
         <input_file_ref idref="fl-6"/>
      </object_component>
      <object_component id="oc-222">
         <name>.text:LocatorMACAddrSet</name>
         <load_address>0x471b0</load_address>
         <run_address>0x471b0</run_address>
         <size>0x20</size>
         <input_file_ref idref="fl-9"/>
      </object_component>
      <object_component id="oc-346">
         <name>.text:_SysCtlMemTimingGet</name>
         <load_address>0x471d0</load_address>
         <run_address>0x471d0</run_address>
         <size>0x20</size>
         <input_file_ref idref="fl-17"/>
      </object_component>
      <object_component id="oc-89f">
         <name>.text:autoip_handle_arp_conflict</name>
         <load_address>0x471f0</load_address>
         <run_address>0x471f0</run_address>
         <size>0x20</size>
         <input_file_ref idref="fl-a"/>
      </object_component>
      <object_component id="oc-75d">
         <name>.text:dhcp_option</name>
         <load_address>0x47210</load_address>
         <run_address>0x47210</run_address>
         <size>0x20</size>
         <input_file_ref idref="fl-a"/>
      </object_component>
      <object_component id="oc-8b2">
         <name>.text:etharp_send_ip</name>
         <load_address>0x47230</load_address>
         <run_address>0x47230</run_address>
         <size>0x20</size>
         <input_file_ref idref="fl-a"/>
      </object_component>
      <object_component id="oc-96">
         <name>.text:lwIPTimer</name>
         <load_address>0x47250</load_address>
         <run_address>0x47250</run_address>
         <size>0x20</size>
         <input_file_ref idref="fl-a"/>
      </object_component>
      <object_component id="oc-923">
         <name>.text:tcp_eff_send_mss</name>
         <load_address>0x47270</load_address>
         <run_address>0x47270</run_address>
         <size>0x20</size>
         <input_file_ref idref="fl-a"/>
      </object_component>
      <object_component id="oc-142">
         <name>.text:tcp_tmr</name>
         <load_address>0x47290</load_address>
         <run_address>0x47290</run_address>
         <size>0x20</size>
         <input_file_ref idref="fl-a"/>
      </object_component>
      <object_component id="oc-4ba">
         <name>.text:usprintf</name>
         <load_address>0x472b0</load_address>
         <run_address>0x472b0</run_address>
         <size>0x20</size>
         <input_file_ref idref="fl-c"/>
      </object_component>
      <object_component id="oc-998">
         <name>.text:EMACAddrGet</name>
         <load_address>0x472d0</load_address>
         <run_address>0x472d0</run_address>
         <size>0x1e</size>
         <input_file_ref idref="fl-12"/>
      </object_component>
      <object_component id="oc-56d">
         <name>.text:netif_set_down</name>
         <load_address>0x472ee</load_address>
         <run_address>0x472ee</run_address>
         <size>0x1e</size>
         <input_file_ref idref="fl-a"/>
      </object_component>
      <object_component id="oc-2d5">
         <name>.text:lwIPLocalIPAddrGet</name>
         <load_address>0x4730c</load_address>
         <run_address>0x4730c</run_address>
         <size>0x1c</size>
         <input_file_ref idref="fl-a"/>
      </object_component>
      <object_component id="oc-325">
         <name>.text:netif_set_addr</name>
         <load_address>0x47328</load_address>
         <run_address>0x47328</run_address>
         <size>0x1c</size>
         <input_file_ref idref="fl-a"/>
      </object_component>
      <object_component id="oc-410">
         <name>.text:udp_new</name>
         <load_address>0x47344</load_address>
         <run_address>0x47344</run_address>
         <size>0x1c</size>
         <input_file_ref idref="fl-a"/>
      </object_component>
      <object_component id="oc-39a">
         <name>.text:GPIOPinTypeGPIOOutput</name>
         <load_address>0x47360</load_address>
         <run_address>0x47360</run_address>
         <size>0x1a</size>
         <input_file_ref idref="fl-13"/>
      </object_component>
      <object_component id="oc-210">
         <name>.text:UARTprintf</name>
         <load_address>0x4737a</load_address>
         <run_address>0x4737a</run_address>
         <size>0x1a</size>
         <input_file_ref idref="fl-b"/>
      </object_component>
      <object_component id="oc-461">
         <name>.text:autoip_network_changed</name>
         <load_address>0x47394</load_address>
         <run_address>0x47394</run_address>
         <size>0x1a</size>
         <input_file_ref idref="fl-a"/>
      </object_component>
      <object_component id="oc-6af">
         <name>.text:dhcp_arp_reply</name>
         <load_address>0x473ae</load_address>
         <run_address>0x473ae</run_address>
         <size>0x1a</size>
         <input_file_ref idref="fl-a"/>
      </object_component>
      <object_component id="oc-60d">
         <name>.text:lwip_htonl</name>
         <load_address>0x473c8</load_address>
         <run_address>0x473c8</run_address>
         <size>0x1a</size>
         <input_file_ref idref="fl-a"/>
      </object_component>
      <object_component id="oc-3a6">
         <name>.text:CFAF128128B0145T__delay</name>
         <load_address>0x473e4</load_address>
         <run_address>0x473e4</run_address>
         <size>0x18</size>
         <input_file_ref idref="fl-6"/>
      </object_component>
      <object_component id="oc-97f">
         <name>.text:arp_timer</name>
         <load_address>0x473fc</load_address>
         <run_address>0x473fc</run_address>
         <size>0x18</size>
         <input_file_ref idref="fl-a"/>
      </object_component>
      <object_component id="oc-991">
         <name>.text:autoip_timer</name>
         <load_address>0x47414</load_address>
         <run_address>0x47414</run_address>
         <size>0x18</size>
         <input_file_ref idref="fl-a"/>
      </object_component>
      <object_component id="oc-985">
         <name>.text:dhcp_timer_coarse</name>
         <load_address>0x4742c</load_address>
         <run_address>0x4742c</run_address>
         <size>0x18</size>
         <input_file_ref idref="fl-a"/>
      </object_component>
      <object_component id="oc-98b">
         <name>.text:dhcp_timer_fine</name>
         <load_address>0x47444</load_address>
         <run_address>0x47444</run_address>
         <size>0x18</size>
         <input_file_ref idref="fl-a"/>
      </object_component>
      <object_component id="oc-4ac">
         <name>.text:pbuf_pool_is_empty</name>
         <load_address>0x4745c</load_address>
         <run_address>0x4745c</run_address>
         <size>0x18</size>
         <input_file_ref idref="fl-a"/>
      </object_component>
      <object_component id="oc-b41">
         <name>.text:strcmp</name>
         <load_address>0x47474</load_address>
         <run_address>0x47474</run_address>
         <size>0x18</size>
         <input_file_ref idref="fl-d8"/>
      </object_component>
      <object_component id="oc-a04">
         <name>.text:tcp_next_iss</name>
         <load_address>0x4748c</load_address>
         <run_address>0x4748c</run_address>
         <size>0x18</size>
         <input_file_ref idref="fl-a"/>
      </object_component>
      <object_component id="oc-71c">
         <name>.text:tcp_seg_free</name>
         <load_address>0x474a4</load_address>
         <run_address>0x474a4</run_address>
         <size>0x18</size>
         <input_file_ref idref="fl-a"/>
      </object_component>
      <object_component id="oc-600">
         <name>.text:EMACReset</name>
         <load_address>0x474bc</load_address>
         <run_address>0x474bc</run_address>
         <size>0x16</size>
         <input_file_ref idref="fl-12"/>
      </object_component>
      <object_component id="oc-9bc">
         <name>.text:EMACRxEnable</name>
         <load_address>0x474d2</load_address>
         <run_address>0x474d2</run_address>
         <size>0x16</size>
         <input_file_ref idref="fl-12"/>
      </object_component>
      <object_component id="oc-9b6">
         <name>.text:EMACTxEnable</name>
         <load_address>0x474e8</load_address>
         <run_address>0x474e8</run_address>
         <size>0x16</size>
         <input_file_ref idref="fl-12"/>
      </object_component>
      <object_component id="oc-362">
         <name>.text:GPIOPinTypeEthernetLED</name>
         <load_address>0x474fe</load_address>
         <run_address>0x474fe</run_address>
         <size>0x16</size>
         <input_file_ref idref="fl-13"/>
      </object_component>
      <object_component id="oc-382">
         <name>.text:GPIOPinTypeSSI</name>
         <load_address>0x47514</load_address>
         <run_address>0x47514</run_address>
         <size>0x16</size>
         <input_file_ref idref="fl-13"/>
      </object_component>
      <object_component id="oc-775">
         <name>.text:dhcp_delete_msg</name>
         <load_address>0x4752a</load_address>
         <run_address>0x4752a</run_address>
         <size>0x16</size>
         <input_file_ref idref="fl-a"/>
      </object_component>
      <object_component id="oc-311">
         <name>.text:dhcp_t1_timeout</name>
         <load_address>0x47540</load_address>
         <run_address>0x47540</run_address>
         <size>0x16</size>
         <input_file_ref idref="fl-a"/>
      </object_component>
      <object_component id="oc-317">
         <name>.text:dhcp_t2_timeout</name>
         <load_address>0x47556</load_address>
         <run_address>0x47556</run_address>
         <size>0x16</size>
         <input_file_ref idref="fl-a"/>
      </object_component>
      <object_component id="oc-863">
         <name>.text:http_sent</name>
         <load_address>0x4756c</load_address>
         <run_address>0x4756c</run_address>
         <size>0x16</size>
         <input_file_ref idref="fl-8"/>
      </object_component>
      <object_component id="oc-951">
         <name>.text:pbuf_ref</name>
[...]
         <object_component_ref idref="oc-2ce"/>
      </symbol>
      <symbol id="sm-12aa">
         <name>icmp_input</name>
         <value>0x413b1</value>
         <object_component_ref idref="oc-6e1"/>
      </symbol>
      <symbol id="sm-12ab">
         <name>netif_set_gw</name>
         <value>0x4775d</value>
         <object_component_ref idref="oc-514"/>
      </symbol>
      <symbol id="sm-12ac">
         <name>inet_chksum_pbuf</name>
         <value>0x45edb</value>
         <object_component_ref idref="oc-8f5"/>
      </symbol>
      <symbol id="sm-12ad">
         <name>ip_output</name>
         <value>0x462fd</value>
         <object_component_ref idref="oc-73e"/>
      </symbol>
      <symbol id="sm-12ae">
         <name>autoip_network_changed</name>
         <value>0x47395</value>
         <object_component_ref idref="oc-461"/>
      </symbol>
      <symbol id="sm-12af">
         <name>pbuf_copy</name>
         <value>0x441d1</value>
         <object_component_ref idref="oc-8fb"/>
      </symbol>
      <symbol id="sm-12b0">
         <name>tcp_segs_free</name>
         <value>0x476c5</value>
         <object_component_ref idref="oc-4eb"/>
      </symbol>
      <symbol id="sm-12b1">
         <name>tcp_close</name>
         <value>0x475d9</value>
         <object_component_ref idref="oc-92b"/>
      </symbol>
      <symbol id="sm-12b2">
         <name>tivaif_interrupt</name>
         <value>0x460f5</value>
         <object_component_ref idref="oc-b3"/>
      </symbol>
      <symbol id="sm-12b3">
         <name>ethzero</name>
         <value>0x3e691</value>
         <object_component_ref idref="oc-527"/>
      </symbol>
      <symbol id="sm-12b4">
         <name>lwIPTimer</name>
         <value>0x47251</value>
         <object_component_ref idref="oc-96"/>
      </symbol>
      <symbol id="sm-12b5">
         <name>tcp_update_rcv_ann_wnd</name>
         <value>0x46d6b</value>
         <object_component_ref idref="oc-a70"/>
      </symbol>
      <symbol id="sm-12b6">
         <name>tcp_new</name>
         <value>0x47815</value>
         <object_component_ref idref="oc-63d"/>
      </symbol>
      <symbol id="sm-12b7">
         <name>ethbroadcast</name>
         <value>0x3e68b</value>
         <object_component_ref idref="oc-4a2"/>
      </symbol>
      <symbol id="sm-12b8">
         <name>lwip_init</name>
         <value>0x47695</value>
         <object_component_ref idref="oc-607"/>
      </symbol>
      <symbol id="sm-12b9">
         <name>inet_chksum_pseudo</name>
         <value>0x43f61</value>
         <object_component_ref idref="oc-738"/>
      </symbol>
      <symbol id="sm-12ba">
         <name>lwIPEthernetIntHandler</name>
         <value>0x446a1</value>
         <object_component_ref idref="oc-4c"/>
      </symbol>
      <symbol id="sm-12bb">
         <name>tcp_sent</name>
         <value>0x4783b</value>
         <object_component_ref idref="oc-851"/>
      </symbol>
      <symbol id="sm-12bc">
         <name>tcp_tmr</name>
         <value>0x47291</value>
         <object_component_ref idref="oc-142"/>
      </symbol>
      <symbol id="sm-12bd">
         <name>autoip_tmr</name>
         <value>0x4322d</value>
         <object_component_ref idref="oc-148"/>
      </symbol>
      <symbol id="sm-12be">
         <name>tcp_eff_send_mss</name>
         <value>0x47271</value>
         <object_component_ref idref="oc-923"/>
      </symbol>
      <symbol id="sm-12bf">
         <name>tcp_process_refused_data</name>
         <value>0x45415</value>
         <object_component_ref idref="oc-4d0"/>
      </symbol>
      <symbol id="sm-12c0">
         <name>tcp_listen_with_backlog</name>
         <value>0x4409d</value>
         <object_component_ref idref="oc-64f"/>
      </symbol>
      <symbol id="sm-12c1">
         <name>udp_remove</name>
         <value>0x46d9d</value>
         <object_component_ref idref="oc-560"/>
      </symbol>
      <symbol id="sm-12c2">
         <name>udp_connect</name>
         <value>0x46141</value>
         <object_component_ref idref="oc-574"/>
      </symbol>
      <symbol id="sm-12c3">
         <name>dhcp_arp_reply</name>
         <value>0x473af</value>
         <object_component_ref idref="oc-6af"/>
      </symbol>
      <symbol id="sm-12c4">
         <name>netif_add</name>
         <value>0x45d9d</value>
         <object_component_ref idref="oc-613"/>
      </symbol>
      <symbol id="sm-12c5">
         <name>tcp_seg_copy</name>
         <value>0x47129</value>
         <object_component_ref idref="oc-b19"/>
      </symbol>
      <symbol id="sm-12c6">
         <name>netif_set_default</name>
         <value>0x47751</value>
         <object_component_ref idref="oc-619"/>
      </symbol>
      <symbol id="sm-12c7">
         <name>tcp_accept</name>
         <value>0x47833</value>
         <object_component_ref idref="oc-65b"/>
      </symbol>
      <symbol id="sm-12c8">
         <name>sys_now</name>
         <value>0x47775</value>
         <object_component_ref idref="oc-979"/>
      </symbol>
      <symbol id="sm-12c9">
         <name>ip_route</name>
         <value>0x4605d</value>
         <object_component_ref idref="oc-80f"/>
      </symbol>
      <symbol id="sm-12ca">
         <name>tcp_pcb_remove</name>
         <value>0x45789</value>
         <object_component_ref idref="oc-8eb"/>
      </symbol>
      <symbol id="sm-12cb">
         <name>g_RxDescList</name>
         <value>0x20018090</value>
         <object_component_ref idref="oc-9d8"/>
      </symbol>
      <symbol id="sm-12cc">
         <name>g_TxDescList</name>
         <value>0x200180a0</value>
         <object_component_ref idref="oc-9d5"/>
      </symbol>
      <symbol id="sm-12cd">
         <name>sys_timeout</name>
         <value>0x45345</value>
         <object_component_ref idref="oc-973"/>
      </symbol>
      <symbol id="sm-12ce">
         <name>etharp_tmr</name>
         <value>0x46571</value>
         <object_component_ref idref="oc-13c"/>
      </symbol>
      <symbol id="sm-12cf">
         <name>tcp_abort</name>
         <value>0x47803</value>
         <object_component_ref idref="oc-74d"/>
      </symbol>
      <symbol id="sm-12d0">
         <name>mem_trim</name>
         <value>0x42dc9</value>
         <object_component_ref idref="oc-8c8"/>
      </symbol>
      <symbol id="sm-12d1">
         <name>dhcp_renew</name>
         <value>0x44621</value>
         <object_component_ref idref="oc-52c"/>
      </symbol>
      <symbol id="sm-12d2">
         <name>tcp_setprio</name>
         <value>0x4783f</value>
         <object_component_ref idref="oc-643"/>
      </symbol>
      <symbol id="sm-1341">
         <name>UARTStdioConfig</name>
         <value>0x45611</value>
         <object_component_ref idref="oc-20a"/>
      </symbol>
      <symbol id="sm-1342">
         <name>UARTwrite</name>
         <value>0x45d4d</value>
         <object_component_ref idref="oc-5ee"/>
      </symbol>
      <symbol id="sm-1343">
         <name>UARTprintf</name>
         <value>0x4737b</value>
         <object_component_ref idref="oc-210"/>
      </symbol>
      <symbol id="sm-1344">
         <name>UARTvprintf</name>
         <value>0x411c1</value>
         <object_component_ref idref="oc-3f7"/>
      </symbol>
      <symbol id="sm-1398">
         <name>uvsnprintf</name>
         <value>0x40321</value>
         <object_component_ref idref="oc-6f2"/>
      </symbol>
      <symbol id="sm-1399">
         <name>ustrncpy</name>
         <value>0x46f85</value>
         <object_component_ref idref="oc-908"/>
      </symbol>
      <symbol id="sm-139a">
         <name>usprintf</name>
         <value>0x472b1</value>
         <object_component_ref idref="oc-4ba"/>
      </symbol>
      <symbol id="sm-139b">
         <name>ustrncmp</name>
         <value>0x46a33</value>
         <object_component_ref idref="oc-ba3"/>
      </symbol>
      <symbol id="sm-1464">
         <name>EMACConfigSet</name>
         <value>0x467cd</value>
         <object_component_ref idref="oc-2b4"/>
      </symbol>
      <symbol id="sm-1465">
         <name>EMACTxEnable</name>
         <value>0x474e9</value>
         <object_component_ref idref="oc-9b6"/>
      </symbol>
      <symbol id="sm-1466">
         <name>EMACRxDMADescriptorListSet</name>
         <value>0x477d9</value>
         <object_component_ref idref="oc-a88"/>
      </symbol>
      <symbol id="sm-1467">
         <name>EMACPHYConfigSet</name>
         <value>0x458f5</value>
         <object_component_ref idref="oc-403"/>
      </symbol>
      <symbol id="sm-1468">
         <name>EMACPHYRead</name>
         <value>0x46fd9</value>
         <object_component_ref idref="oc-29c"/>
      </symbol>
      <symbol id="sm-1469">
         <name>EMACTimestampIntStatus</name>
         <value>0x477df</value>
         <object_component_ref idref="oc-ad"/>
      </symbol>
      <symbol id="sm-146a">
         <name>EMACRxEnable</name>
         <value>0x474d3</value>
         <object_component_ref idref="oc-9bc"/>
      </symbol>
      <symbol id="sm-146b">
         <name>EMACPowerManagementStatusGet</name>
         <value>0x477a9</value>
         <object_component_ref idref="oc-a7"/>
      </symbol>
      <symbol id="sm-146c">
         <name>EMACIntClear</name>
         <value>0x46ad1</value>
         <object_component_ref idref="oc-9b0"/>
      </symbol>
      <symbol id="sm-146d">
         <name>EMACConfigGet</name>
         <value>0x46a9d</value>
         <object_component_ref idref="oc-2ae"/>
      </symbol>
      <symbol id="sm-146e">
         <name>EMACIntEnable</name>
         <value>0x46721</value>
         <object_component_ref idref="oc-9c2"/>
      </symbol>
      <symbol id="sm-146f">
         <name>EMACPHYWrite</name>
         <value>0x46fff</value>
         <object_component_ref idref="oc-9a4"/>
      </symbol>
      <symbol id="sm-1470">
         <name>EMACReset</name>
         <value>0x474bd</value>
         <object_component_ref idref="oc-600"/>
      </symbol>
      <symbol id="sm-1471">
         <name>EMACFrameFilterSet</name>
         <value>0x47645</value>
         <object_component_ref idref="oc-9aa"/>
      </symbol>
      <symbol id="sm-1472">
         <name>EMACTxDMAPollDemand</name>
         <value>0x477b1</value>
         <object_component_ref idref="oc-9f0"/>
      </symbol>
      <symbol id="sm-1473">
         <name>EMACAddrGet</name>
         <value>0x472d1</value>
         <object_component_ref idref="oc-998"/>
      </symbol>
      <symbol id="sm-1474">
         <name>EMACTxDMADescriptorListSet</name>
         <value>0x477e5</value>
         <object_component_ref idref="oc-a8e"/>
      </symbol>
      <symbol id="sm-1475">
         <name>EMACIntStatus</name>
         <value>0x46e27</value>
         <object_component_ref idref="oc-a1"/>
      </symbol>
      <symbol id="sm-14c7">
         <name>GPIOPinConfigure</name>
         <value>0x45f79</value>
         <object_component_ref idref="oc-37c"/>
      </symbol>
      <symbol id="sm-14c8">
         <name>GPIOPinTypeGPIOOutput</name>
         <value>0x47361</value>
         <object_component_ref idref="oc-39a"/>
      </symbol>
      <symbol id="sm-14c9">
         <name>GPIODirModeSet</name>
         <value>0x46e53</value>
         <object_component_ref idref="oc-5a6"/>
      </symbol>
      <symbol id="sm-14ca">
         <name>GPIOPinWrite</name>
         <value>0x477eb</value>
         <object_component_ref idref="oc-3a0"/>
      </symbol>
      <symbol id="sm-14cb">
         <name>GPIOPadConfigSet</name>
         <value>0x41851</value>
         <object_component_ref idref="oc-35c"/>
      </symbol>
      <symbol id="sm-14cc">
         <name>GPIOPinTypeSSI</name>
         <value>0x47515</value>
         <object_component_ref idref="oc-382"/>
      </symbol>
      <symbol id="sm-14cd">
         <name>GPIOPinTypeEthernetLED</name>
         <value>0x474ff</value>
         <object_component_ref idref="oc-362"/>
      </symbol>
      <symbol id="sm-14f5">
         <name>IntEnable</name>
         <value>0x4513d</value>
         <object_component_ref idref="oc-9c8"/>
      </symbol>
      <symbol id="sm-14f6">
         <name>IntMasterEnable</name>
         <value>0x47655</value>
         <object_component_ref idref="oc-9ce"/>
      </symbol>
      <symbol id="sm-152e">
         <name>SSIDataPut</name>
         <value>0x47781</value>
         <object_component_ref idref="oc-5bf"/>
      </symbol>
      <symbol id="sm-152f">
         <name>SSIDataGetNonBlocking</name>
         <value>0x475ed</value>
         <object_component_ref idref="oc-394"/>
      </symbol>
      <symbol id="sm-1530">
         <name>SSIConfigSetExpClk</name>
         <value>0x4666d</value>
         <object_component_ref idref="oc-388"/>
      </symbol>
      <symbol id="sm-1531">
         <name>SSIEnable</name>
         <value>0x47795</value>
         <object_component_ref idref="oc-38e"/>
      </symbol>
      <symbol id="sm-1532">
         <name>SSIBusy</name>
         <value>0x477b9</value>
         <object_component_ref idref="oc-5c5"/>
      </symbol>
      <symbol id="sm-1533">
         <name>SSIDisable</name>
         <value>0x4778b</value>
         <object_component_ref idref="oc-376"/>
      </symbol>
      <symbol id="sm-15c5">
         <name>SysCtlDelay</name>
         <value>0x477f7</value>
         <object_component_ref idref="oc-5bd"/>
      </symbol>
      <symbol id="sm-15c6">
         <name>SysCtlMOSCConfigSet</name>
         <value>0x47715</value>
         <object_component_ref idref="oc-1f2"/>
      </symbol>
      <symbol id="sm-15c7">
         <name>SysCtlPeripheralEnable</name>
         <value>0x46b05</value>
         <object_component_ref idref="oc-36a"/>
      </symbol>
      <symbol id="sm-15c8">
         <name>SysCtlPeripheralReady</name>
         <value>0x4683d</value>
         <object_component_ref idref="oc-370"/>
      </symbol>
      <symbol id="sm-15c9">
         <name>SysCtlClockFreqSet</name>
         <value>0x40be1</value>
         <object_component_ref idref="oc-1f8"/>
      </symbol>
      <symbol id="sm-15ca">
         <name>SysCtlPeripheralReset</name>
         <value>0x45cfd</value>
         <object_component_ref idref="oc-5fa"/>
      </symbol>
      <symbol id="sm-15d4">
         <name>CPUcpsie</name>
         <value>0x47709</value>
         <object_component_ref idref="oc-aa2"/>
      </symbol>
      <symbol id="sm-15e3">
         <name>__aeabi_memset</name>
         <value>0x44b0f</value>
         <object_component_ref idref="oc-e7"/>
      </symbol>
      <symbol id="sm-15e4">
         <name>memset</name>
         <value>0x44b15</value>
         <object_component_ref idref="oc-e7"/>
      </symbol>
      <symbol id="sm-15e5">
         <name>__aeabi_memset8</name>
         <value>0x44b0f</value>
         <object_component_ref idref="oc-e7"/>
      </symbol>
      <symbol id="sm-15e6">
         <name>__aeabi_memset4</name>
         <value>0x44b0f</value>
         <object_component_ref idref="oc-e7"/>
      </symbol>
      <symbol id="sm-15e7">
         <name>__aeabi_memclr8</name>
         <value>0x44b0d</value>
         <object_component_ref idref="oc-e7"/>
      </symbol>
      <symbol id="sm-15e8">
         <name>__aeabi_memclr4</name>
         <value>0x44b0d</value>
         <object_component_ref idref="oc-e7"/>
      </symbol>
      <symbol id="sm-15e9">
         <name>__aeabi_memclr</name>
         <value>0x44b0d</value>
         <object_component_ref idref="oc-e7"/>
      </symbol>
      <symbol id="sm-1604">
         <name>memcpy</name>
         <value>0x44001</value>
         <object_component_ref idref="oc-60"/>
      </symbol>
      <symbol id="sm-1605">
         <name>__aeabi_memcpy</name>
         <value>0x44001</value>
         <object_component_ref idref="oc-60"/>
      </symbol>
      <symbol id="sm-1606">
         <name>__aeabi_memcpy8</name>
         <value>0x44001</value>
         <object_component_ref idref="oc-60"/>
      </symbol>
      <symbol id="sm-1607">
         <name>__aeabi_memcpy4</name>
         <value>0x44001</value>
         <object_component_ref idref="oc-60"/>
      </symbol>
      <symbol id="sm-1616">
         <name>__aeabi_uidivmod</name>
         <value>0x465b1</value>
         <object_component_ref idref="oc-5f4"/>
      </symbol>
      <symbol id="sm-1617">
         <name>__aeabi_uidiv</name>
         <value>0x465b1</value>
         <object_component_ref idref="oc-5f4"/>
      </symbol>
      <symbol id="sm-1629">
         <name>__TI_zero_init</name>
         <value>0x4772d</value>
         <object_component_ref idref="oc-72"/>
      </symbol>
      <symbol id="sm-1640">
         <name>__TI_decompress_none</name>
         <value>0x476d5</value>
         <object_component_ref idref="oc-1c"/>
      </symbol>
      <symbol id="sm-1663">
         <name>__TI_decompress_lzss</name>
         <value>0x451a5</value>
         <object_component_ref idref="oc-16"/>
      </symbol>
      <symbol id="sm-1679">
         <name>atoi</name>
         <value>0x45fc5</value>
         <object_component_ref idref="oc-b6e"/>
      </symbol>
      <symbol id="sm-1684">
         <name>_ctypes_</name>
         <value>0x3e1ac</value>
         <object_component_ref idref="oc-bbc"/>
      </symbol>
      <symbol id="sm-1694">
         <name>memcmp</name>
         <value>0x470e1</value>
         <object_component_ref idref="oc-48a"/>
      </symbol>
      <symbol id="sm-16a4">
         <name>strchr</name>
         <value>0x47599</value>
         <object_component_ref idref="oc-b3b"/>
      </symbol>
      <symbol id="sm-16b3">
         <name>strcmp</name>
         <value>0x47475</value>
         <object_component_ref idref="oc-b41"/>
      </symbol>
      <symbol id="sm-16c1">
         <name>strlen</name>
         <value>0x475af</value>
         <object_component_ref idref="oc-6fa"/>
      </symbol>
      <symbol id="sm-16d1">
         <name>strncmp</name>
         <value>0x46f05</value>
         <object_component_ref idref="oc-aba"/>
      </symbol>
      <symbol id="sm-16e1">
         <name>strncpy</name>
         <value>0x469fd</value>
         <object_component_ref idref="oc-b7b"/>
      </symbol>
      <symbol id="sm-16f4">
         <name>strstr</name>
         <value>0x46bd5</value>
         <object_component_ref idref="oc-b59"/>
      </symbol>
      <symbol id="sm-1707">
         <name>__stack</name>
         <value>0x20017c58</value>
         <object_component_ref idref="oc-25"/>
      </symbol>
      <symbol id="sm-1708">
         <name>_c_int00_noargs</name>
         <value>0x46b39</value>
         <object_component_ref idref="oc-7e"/>
      </symbol>
      <symbol id="sm-1712">
         <name>__aeabi_idiv0</name>
         <value>0x41c5b</value>
         <object_component_ref idref="oc-7d9"/>
      </symbol>
      <symbol id="sm-1713">
         <name>__aeabi_ldiv0</name>
         <value>0x41c5b</value>
         <object_component_ref idref="oc-7d9"/>
      </symbol>
      <symbol id="sm-173b">
         <name>__TI_auto_init_nobinit_nopinit</name>
         <value>0x46465</value>
         <object_component_ref idref="oc-242"/>
      </symbol>
      <symbol id="sm-1745">
         <name>_system_pre_init</name>
         <value>0x47827</value>
         <object_component_ref idref="oc-ed"/>
      </symbol>
      <symbol id="sm-1751">
         <name>C$$EXIT</name>
         <value>0x4782b</value>
         <object_component_ref idref="oc-236"/>
      </symbol>
      <symbol id="sm-1752">
         <name>abort</name>
         <value>0x4782b</value>
         <object_component_ref idref="oc-236"/>
      </symbol>
      <symbol id="sm-1755">
         <name>__TI_static_base__</name>
         <value>0x0</value>
      </symbol>
      <symbol id="sm-1758">
         <name>__mpu_init</name>
         <value>0x0</value>
      </symbol>
      <symbol id="sm-1759">
         <name>_system_post_cinit</name>
         <value>0x0</value>
      </symbol>
   </symbol_table>
   <title>Link successful</title>
</link_info>
